Command line invocation:
    /Applications/Xcode.app/Contents/Developer/usr/bin/xcodebuild -project Switchbot.xcodeproj -scheme "Switchbot WatchKit App" -destination generic/platform=watchOS -configuration Debug -archivePath ./build/Switchbot.xcarchive clean archive

2026-02-15 14:35:22.475 xcodebuild[88680:1965897] [MT] IDERunDestination: Supported platforms for the buildables in the current scheme is empty.
CreateBuildRequest

SendProjectDescription

CreateBuildOperation

** CLEAN SUCCEEDED **

ComputePackagePrebuildTargetDependencyGraph

Prepare packages

CreateBuildRequest

SendProjectDescription

CreateBuildOperation

ComputeTargetDependencyGraph
note: Building targets in dependency order
note: Target dependency graph (3 targets)
    Target 'Switchbot' in project 'Switchbot'
        ➜ Explicit dependency on target 'Switchbot WatchKit App' in project 'Switchbot'
    Target 'Switchbot WatchKit App' in project 'Switchbot'
        ➜ Explicit dependency on target 'Switchbot WatchKit Extension' in project 'Switchbot'
    Target 'Switchbot WatchKit Extension' in project 'Switchbot' (no dependencies)

GatherProvisioningInputs

CreateBuildDescription

ExecuteExternalTool /Applications/Xcode.app/Contents/Developer/Toolchains/XcodeDefault.xctoolchain/usr/bin/clang -v -E -dM -isysroot /Applications/Xcode.app/Contents/Developer/Platforms/WatchOS.platform/Developer/SDKs/WatchOS26.2.sdk -x c -c /dev/null

ExecuteExternalTool /Applications/Xcode.app/Contents/Developer/usr/bin/actool --version --output-format xml1

ExecuteExternalTool /Applications/Xcode.app/Contents/Developer/usr/bin/actool --print-asset-tag-combinations --output-format xml1 /Applications/Xcode.app/Contents/Developer/Platforms/iPhoneOS.platform/Library/Application Support/MessagesApplicationStub/MessagesApplicationStub.xcassets

ExecuteExternalTool /Applications/Xcode.app/Contents/Developer/Toolchains/XcodeDefault.xctoolchain/usr/bin/clang -v -E -dM -isysroot /Applications/Xcode.app/Contents/Developer/Platforms/iPhoneOS.platform/Developer/SDKs/iPhoneOS26.2.sdk -x c -c /dev/null

ExecuteExternalTool /Applications/Xcode.app/Contents/Developer/Toolchains/XcodeDefault.xctoolchain/usr/bin/swiftc --version

ExecuteExternalTool /Applications/Xcode.app/Contents/Developer/Toolchains/XcodeDefault.xctoolchain/usr/bin/ld -version_details

Build description signature: 162b4d8eecdcbcd9a6420c64cc9d6f19
Build description path: /Users/alextud/Library/Developer/Xcode/DerivedData/Switchbot-fiduwmqfacjatlgbvkmplcrtzqbj/Build/Intermediates.noindex/ArchiveIntermediates/Switchbot WatchKit App/IntermediateBuildFilesPath/XCBuildData/162b4d8eecdcbcd9a6420c64cc9d6f19.xcbuilddata
ClangStatCache /Applications/Xcode.app/Contents/Developer/Toolchains/XcodeDefault.xctoolchain/usr/bin/clang-stat-cache /Applications/Xcode.app/Contents/Developer/Platforms/WatchOS.platform/Developer/SDKs/WatchOS26.2.sdk /Users/alextud/Library/Developer/Xcode/DerivedData/SDKStatCaches.noindex/watchos26.2-23S303-1abbb35d52aede1f27e3564e4e5a82d7.sdkstatcache
    cd /Users/alextud/projects/switchbot-watch/Switchbot.xcodeproj
    /Applications/Xcode.app/Contents/Developer/Toolchains/XcodeDefault.xctoolchain/usr/bin/clang-stat-cache /Applications/Xcode.app/Contents/Developer/Platforms/WatchOS.platform/Developer/SDKs/WatchOS26.2.sdk -o /Users/alextud/Library/Developer/Xcode/DerivedData/SDKStatCaches.noindex/watchos26.2-23S303-1abbb35d52aede1f27e3564e4e5a82d7.sdkstatcache

CreateBuildDirectory /Users/alextud/Library/Developer/Xcode/DerivedData/Switchbot-fiduwmqfacjatlgbvkmplcrtzqbj/Build/Intermediates.noindex/ArchiveIntermediates/Switchbot\ WatchKit\ App/InstallationBuildProductsLocation
    cd /Users/alextud/projects/switchbot-watch/Switchbot.xcodeproj
    builtin-create-build-directory /Users/alextud/Library/Developer/Xcode/DerivedData/Switchbot-fiduwmqfacjatlgbvkmplcrtzqbj/Build/Intermediates.noindex/ArchiveIntermediates/Switchbot\ WatchKit\ App/InstallationBuildProductsLocation

CreateBuildDirectory /Users/alextud/Library/Developer/Xcode/DerivedData/Switchbot-fiduwmqfacjatlgbvkmplcrtzqbj/Build/Intermediates.noindex/ArchiveIntermediates/Switchbot\ WatchKit\ App/IntermediateBuildFilesPath
    cd /Users/alextud/projects/switchbot-watch/Switchbot.xcodeproj
    builtin-create-build-directory /Users/alextud/Library/Developer/Xcode/DerivedData/Switchbot-fiduwmqfacjatlgbvkmplcrtzqbj/Build/Intermediates.noindex/ArchiveIntermediates/Switchbot\ WatchKit\ App/IntermediateBuildFilesPath

CreateBuildDirectory /Users/alextud/Library/Developer/Xcode/DerivedData/Switchbot-fiduwmqfacjatlgbvkmplcrtzqbj/Build/Intermediates.noindex/ArchiveIntermediates/Switchbot\ WatchKit\ App/BuildProductsPath
    cd /Users/alextud/projects/switchbot-watch/Switchbot.xcodeproj
    builtin-create-build-directory /Users/alextud/Library/Developer/Xcode/DerivedData/Switchbot-fiduwmqfacjatlgbvkmplcrtzqbj/Build/Intermediates.noindex/ArchiveIntermediates/Switchbot\ WatchKit\ App/BuildProductsPath

CopyAndPreserveArchs /Users/alextud/Library/Developer/Xcode/DerivedData/Switchbot-fiduwmqfacjatlgbvkmplcrtzqbj/Build/Intermediates.noindex/ArchiveIntermediates/Switchbot\ WatchKit\ App/BuildProductsPath/WatchKitSupport2/WK
    cd /Users/alextud/projects/switchbot-watch/Switchbot.xcodeproj
    /Applications/Xcode.app/Contents/Developer/Toolchains/XcodeDefault.xctoolchain/usr/bin/lipo /Applications/Xcode.app/Contents/Developer/Platforms/WatchOS.platform/Developer/SDKs/WatchOS26.2.sdk/Library/Application\ Support/WatchKit/WK -output /Users/alextud/Library/Developer/Xcode/DerivedData/Switchbot-fiduwmqfacjatlgbvkmplcrtzqbj/Build/Intermediates.noindex/ArchiveIntermediates/Switchbot\ WatchKit\ App/BuildProductsPath/WatchKitSupport2/WK -extract arm64 -extract arm64_32 -extract armv7k

CreateBuildDirectory /Users/alextud/Library/Developer/Xcode/DerivedData/Switchbot-fiduwmqfacjatlgbvkmplcrtzqbj/Build/Intermediates.noindex/ArchiveIntermediates/Switchbot\ WatchKit\ App/IntermediateBuildFilesPath/SwiftExplicitPrecompiledModules
    cd /Users/alextud/projects/switchbot-watch/Switchbot.xcodeproj
    builtin-create-build-directory /Users/alextud/Library/Developer/Xcode/DerivedData/Switchbot-fiduwmqfacjatlgbvkmplcrtzqbj/Build/Intermediates.noindex/ArchiveIntermediates/Switchbot\ WatchKit\ App/IntermediateBuildFilesPath/SwiftExplicitPrecompiledModules

WriteAuxiliaryFile /Users/alextud/Library/Developer/Xcode/DerivedData/Switchbot-fiduwmqfacjatlgbvkmplcrtzqbj/Build/Intermediates.noindex/ArchiveIntermediates/Switchbot\ WatchKit\ App/IntermediateBuildFilesPath/Switchbot.build/Debug-watchos/Switchbot-10feb0512fd5bd6e1f6f3daf42874362-VFS-watchos/all-product-headers.yaml
    cd /Users/alextud/projects/switchbot-watch/Switchbot.xcodeproj
    write-file /Users/alextud/Library/Developer/Xcode/DerivedData/Switchbot-fiduwmqfacjatlgbvkmplcrtzqbj/Build/Intermediates.noindex/ArchiveIntermediates/Switchbot\ WatchKit\ App/IntermediateBuildFilesPath/Switchbot.build/Debug-watchos/Switchbot-10feb0512fd5bd6e1f6f3daf42874362-VFS-watchos/all-product-headers.yaml

CreateBuildDirectory /Users/alextud/Library/Developer/Xcode/DerivedData/Switchbot-fiduwmqfacjatlgbvkmplcrtzqbj/Build/Intermediates.noindex/ArchiveIntermediates/Switchbot\ WatchKit\ App/IntermediateBuildFilesPath/ExplicitPrecompiledModules
    cd /Users/alextud/projects/switchbot-watch/Switchbot.xcodeproj
    builtin-create-build-directory /Users/alextud/Library/Developer/Xcode/DerivedData/Switchbot-fiduwmqfacjatlgbvkmplcrtzqbj/Build/Intermediates.noindex/ArchiveIntermediates/Switchbot\ WatchKit\ App/IntermediateBuildFilesPath/ExplicitPrecompiledModules

WriteAuxiliaryFile /Users/alextud/Library/Developer/Xcode/DerivedData/Switchbot-fiduwmqfacjatlgbvkmplcrtzqbj/Build/Intermediates.noindex/ArchiveIntermediates/Switchbot\ WatchKit\ App/IntermediateBuildFilesPath/Switchbot.build/Debug-iphoneos/Switchbot-10feb0512fd5bd6e1f6f3daf42874362-VFS-iphoneos/all-product-headers.yaml
    cd /Users/alextud/projects/switchbot-watch/Switchbot.xcodeproj
    write-file /Users/alextud/Library/Developer/Xcode/DerivedData/Switchbot-fiduwmqfacjatlgbvkmplcrtzqbj/Build/Intermediates.noindex/ArchiveIntermediates/Switchbot\ WatchKit\ App/IntermediateBuildFilesPath/Switchbot.build/Debug-iphoneos/Switchbot-10feb0512fd5bd6e1f6f3daf42874362-VFS-iphoneos/all-product-headers.yaml

CreateBuildDirectory /Users/alextud/Library/Developer/Xcode/DerivedData/Switchbot-fiduwmqfacjatlgbvkmplcrtzqbj/Build/Intermediates.noindex/ArchiveIntermediates/Switchbot\ WatchKit\ App/IntermediateBuildFilesPath/EagerLinkingTBDs/Debug-iphoneos
    cd /Users/alextud/projects/switchbot-watch/Switchbot.xcodeproj
    builtin-create-build-directory /Users/alextud/Library/Developer/Xcode/DerivedData/Switchbot-fiduwmqfacjatlgbvkmplcrtzqbj/Build/Intermediates.noindex/ArchiveIntermediates/Switchbot\ WatchKit\ App/IntermediateBuildFilesPath/EagerLinkingTBDs/Debug-iphoneos

CreateBuildDirectory /Users/alextud/Library/Developer/Xcode/DerivedData/Switchbot-fiduwmqfacjatlgbvkmplcrtzqbj/Build/Intermediates.noindex/ArchiveIntermediates/Switchbot\ WatchKit\ App/IntermediateBuildFilesPath/EagerLinkingTBDs/Debug-watchos
    cd /Users/alextud/projects/switchbot-watch/Switchbot.xcodeproj
    builtin-create-build-directory /Users/alextud/Library/Developer/Xcode/DerivedData/Switchbot-fiduwmqfacjatlgbvkmplcrtzqbj/Build/Intermediates.noindex/ArchiveIntermediates/Switchbot\ WatchKit\ App/IntermediateBuildFilesPath/EagerLinkingTBDs/Debug-watchos

CreateBuildDirectory /Users/alextud/Library/Developer/Xcode/DerivedData/Switchbot-fiduwmqfacjatlgbvkmplcrtzqbj/Build/Intermediates.noindex/ArchiveIntermediates/Switchbot\ WatchKit\ App/BuildProductsPath/Debug-watchos
    cd /Users/alextud/projects/switchbot-watch/Switchbot.xcodeproj
    builtin-create-build-directory /Users/alextud/Library/Developer/Xcode/DerivedData/Switchbot-fiduwmqfacjatlgbvkmplcrtzqbj/Build/Intermediates.noindex/ArchiveIntermediates/Switchbot\ WatchKit\ App/BuildProductsPath/Debug-watchos

CreateBuildDirectory /Users/alextud/Library/Developer/Xcode/DerivedData/Switchbot-fiduwmqfacjatlgbvkmplcrtzqbj/Build/Intermediates.noindex/ArchiveIntermediates/Switchbot\ WatchKit\ App/BuildProductsPath/Debug-iphoneos
    cd /Users/alextud/projects/switchbot-watch/Switchbot.xcodeproj
    builtin-create-build-directory /Users/alextud/Library/Developer/Xcode/DerivedData/Switchbot-fiduwmqfacjatlgbvkmplcrtzqbj/Build/Intermediates.noindex/ArchiveIntermediates/Switchbot\ WatchKit\ App/BuildProductsPath/Debug-iphoneos

WriteAuxiliaryFile /Users/alextud/Library/Developer/Xcode/DerivedData/Switchbot-fiduwmqfacjatlgbvkmplcrtzqbj/Build/Intermediates.noindex/ArchiveIntermediates/Switchbot\ WatchKit\ App/IntermediateBuildFilesPath/Switchbot.build/Debug-watchos/Switchbot\ WatchKit\ Extension.build/Switchbot\ WatchKit\ Extension.hmap (in target 'Switchbot WatchKit Extension' from project 'Switchbot')
    cd /Users/alextud/projects/switchbot-watch
    write-file /Users/alextud/Library/Developer/Xcode/DerivedData/Switchbot-fiduwmqfacjatlgbvkmplcrtzqbj/Build/Intermediates.noindex/ArchiveIntermediates/Switchbot\ WatchKit\ App/IntermediateBuildFilesPath/Switchbot.build/Debug-watchos/Switchbot\ WatchKit\ Extension.build/Switchbot\ WatchKit\ Extension.hmap

WriteAuxiliaryFile /Users/alextud/Library/Developer/Xcode/DerivedData/Switchbot-fiduwmqfacjatlgbvkmplcrtzqbj/Build/Intermediates.noindex/ArchiveIntermediates/Switchbot\ WatchKit\ App/IntermediateBuildFilesPath/Switchbot.build/Debug-watchos/Switchbot\ WatchKit\ Extension.build/Switchbot\ WatchKit\ Extension-project-headers.hmap (in target 'Switchbot WatchKit Extension' from project 'Switchbot')
    cd /Users/alextud/projects/switchbot-watch
    write-file /Users/alextud/Library/Developer/Xcode/DerivedData/Switchbot-fiduwmqfacjatlgbvkmplcrtzqbj/Build/Intermediates.noindex/ArchiveIntermediates/Switchbot\ WatchKit\ App/IntermediateBuildFilesPath/Switchbot.build/Debug-watchos/Switchbot\ WatchKit\ Extension.build/Switchbot\ WatchKit\ Extension-project-headers.hmap

WriteAuxiliaryFile /Users/alextud/Library/Developer/Xcode/DerivedData/Switchbot-fiduwmqfacjatlgbvkmplcrtzqbj/Build/Intermediates.noindex/ArchiveIntermediates/Switchbot\ WatchKit\ App/IntermediateBuildFilesPath/Switchbot.build/Debug-watchos/Switchbot\ WatchKit\ Extension.build/Switchbot\ WatchKit\ Extension-own-target-headers.hmap (in target 'Switchbot WatchKit Extension' from project 'Switchbot')
    cd /Users/alextud/projects/switchbot-watch
    write-file /Users/alextud/Library/Developer/Xcode/DerivedData/Switchbot-fiduwmqfacjatlgbvkmplcrtzqbj/Build/Intermediates.noindex/ArchiveIntermediates/Switchbot\ WatchKit\ App/IntermediateBuildFilesPath/Switchbot.build/Debug-watchos/Switchbot\ WatchKit\ Extension.build/Switchbot\ WatchKit\ Extension-own-target-headers.hmap

WriteAuxiliaryFile /Users/alextud/Library/Developer/Xcode/DerivedData/Switchbot-fiduwmqfacjatlgbvkmplcrtzqbj/Build/Intermediates.noindex/ArchiveIntermediates/Switchbot\ WatchKit\ App/IntermediateBuildFilesPath/Switchbot.build/Debug-watchos/Switchbot\ WatchKit\ Extension.build/Switchbot\ WatchKit\ Extension.DependencyStaticMetadataFileList (in target 'Switchbot WatchKit Extension' from project 'Switchbot')
    cd /Users/alextud/projects/switchbot-watch
    write-file /Users/alextud/Library/Developer/Xcode/DerivedData/Switchbot-fiduwmqfacjatlgbvkmplcrtzqbj/Build/Intermediates.noindex/ArchiveIntermediates/Switchbot\ WatchKit\ App/IntermediateBuildFilesPath/Switchbot.build/Debug-watchos/Switchbot\ WatchKit\ Extension.build/Switchbot\ WatchKit\ Extension.DependencyStaticMetadataFileList

WriteAuxiliaryFile /Users/alextud/Library/Developer/Xcode/DerivedData/Switchbot-fiduwmqfacjatlgbvkmplcrtzqbj/Build/Intermediates.noindex/ArchiveIntermediates/Switchbot\ WatchKit\ App/IntermediateBuildFilesPath/Switchbot.build/Debug-watchos/Switchbot\ WatchKit\ Extension.build/Switchbot\ WatchKit\ Extension.DependencyMetadataFileList (in target 'Switchbot WatchKit Extension' from project 'Switchbot')
    cd /Users/alextud/projects/switchbot-watch
    write-file /Users/alextud/Library/Developer/Xcode/DerivedData/Switchbot-fiduwmqfacjatlgbvkmplcrtzqbj/Build/Intermediates.noindex/ArchiveIntermediates/Switchbot\ WatchKit\ App/IntermediateBuildFilesPath/Switchbot.build/Debug-watchos/Switchbot\ WatchKit\ Extension.build/Switchbot\ WatchKit\ Extension.DependencyMetadataFileList

WriteAuxiliaryFile /Users/alextud/Library/Developer/Xcode/DerivedData/Switchbot-fiduwmqfacjatlgbvkmplcrtzqbj/Build/Intermediates.noindex/ArchiveIntermediates/Switchbot\ WatchKit\ App/IntermediateBuildFilesPath/Switchbot.build/Debug-watchos/Switchbot\ WatchKit\ Extension.build/Switchbot\ WatchKit\ Extension-generated-files.hmap (in target 'Switchbot WatchKit Extension' from project 'Switchbot')
    cd /Users/alextud/projects/switchbot-watch
    write-file /Users/alextud/Library/Developer/Xcode/DerivedData/Switchbot-fiduwmqfacjatlgbvkmplcrtzqbj/Build/Intermediates.noindex/ArchiveIntermediates/Switchbot\ WatchKit\ App/IntermediateBuildFilesPath/Switchbot.build/Debug-watchos/Switchbot\ WatchKit\ Extension.build/Switchbot\ WatchKit\ Extension-generated-files.hmap

WriteAuxiliaryFile /Users/alextud/Library/Developer/Xcode/DerivedData/Switchbot-fiduwmqfacjatlgbvkmplcrtzqbj/Build/Intermediates.noindex/ArchiveIntermediates/Switchbot\ WatchKit\ App/IntermediateBuildFilesPath/Switchbot.build/Debug-iphoneos/Switchbot.build/empty-Switchbot.plist (in target 'Switchbot' from project 'Switchbot')
    cd /Users/alextud/projects/switchbot-watch
    write-file /Users/alextud/Library/Developer/Xcode/DerivedData/Switchbot-fiduwmqfacjatlgbvkmplcrtzqbj/Build/Intermediates.noindex/ArchiveIntermediates/Switchbot\ WatchKit\ App/IntermediateBuildFilesPath/Switchbot.build/Debug-iphoneos/Switchbot.build/empty-Switchbot.plist

WriteAuxiliaryFile /Users/alextud/Library/Developer/Xcode/DerivedData/Switchbot-fiduwmqfacjatlgbvkmplcrtzqbj/Build/Intermediates.noindex/ArchiveIntermediates/Switchbot\ WatchKit\ App/IntermediateBuildFilesPath/Switchbot.build/Debug-iphoneos/Switchbot.build/Switchbot.hmap (in target 'Switchbot' from project 'Switchbot')
    cd /Users/alextud/projects/switchbot-watch
    write-file /Users/alextud/Library/Developer/Xcode/DerivedData/Switchbot-fiduwmqfacjatlgbvkmplcrtzqbj/Build/Intermediates.noindex/ArchiveIntermediates/Switchbot\ WatchKit\ App/IntermediateBuildFilesPath/Switchbot.build/Debug-iphoneos/Switchbot.build/Switchbot.hmap

WriteAuxiliaryFile /Users/alextud/Library/Developer/Xcode/DerivedData/Switchbot-fiduwmqfacjatlgbvkmplcrtzqbj/Build/Intermediates.noindex/ArchiveIntermediates/Switchbot\ WatchKit\ App/IntermediateBuildFilesPath/Switchbot.build/Debug-iphoneos/Switchbot.build/Switchbot.DependencyStaticMetadataFileList (in target 'Switchbot' from project 'Switchbot')
    cd /Users/alextud/projects/switchbot-watch
    write-file /Users/alextud/Library/Developer/Xcode/DerivedData/Switchbot-fiduwmqfacjatlgbvkmplcrtzqbj/Build/Intermediates.noindex/ArchiveIntermediates/Switchbot\ WatchKit\ App/IntermediateBuildFilesPath/Switchbot.build/Debug-iphoneos/Switchbot.build/Switchbot.DependencyStaticMetadataFileList

WriteAuxiliaryFile /Users/alextud/Library/Developer/Xcode/DerivedData/Switchbot-fiduwmqfacjatlgbvkmplcrtzqbj/Build/Intermediates.noindex/ArchiveIntermediates/Switchbot\ WatchKit\ App/IntermediateBuildFilesPath/Switchbot.build/Debug-iphoneos/Switchbot.build/Switchbot.DependencyMetadataFileList (in target 'Switchbot' from project 'Switchbot')
    cd /Users/alextud/projects/switchbot-watch
    write-file /Users/alextud/Library/Developer/Xcode/DerivedData/Switchbot-fiduwmqfacjatlgbvkmplcrtzqbj/Build/Intermediates.noindex/ArchiveIntermediates/Switchbot\ WatchKit\ App/IntermediateBuildFilesPath/Switchbot.build/Debug-iphoneos/Switchbot.build/Switchbot.DependencyMetadataFileList

WriteAuxiliaryFile /Users/alextud/Library/Developer/Xcode/DerivedData/Switchbot-fiduwmqfacjatlgbvkmplcrtzqbj/Build/Intermediates.noindex/ArchiveIntermediates/Switchbot\ WatchKit\ App/IntermediateBuildFilesPath/Switchbot.build/Debug-iphoneos/Switchbot.build/Switchbot-project-headers.hmap (in target 'Switchbot' from project 'Switchbot')
    cd /Users/alextud/projects/switchbot-watch
    write-file /Users/alextud/Library/Developer/Xcode/DerivedData/Switchbot-fiduwmqfacjatlgbvkmplcrtzqbj/Build/Intermediates.noindex/ArchiveIntermediates/Switchbot\ WatchKit\ App/IntermediateBuildFilesPath/Switchbot.build/Debug-iphoneos/Switchbot.build/Switchbot-project-headers.hmap

WriteAuxiliaryFile /Users/alextud/Library/Developer/Xcode/DerivedData/Switchbot-fiduwmqfacjatlgbvkmplcrtzqbj/Build/Intermediates.noindex/ArchiveIntermediates/Switchbot\ WatchKit\ App/IntermediateBuildFilesPath/Switchbot.build/Debug-iphoneos/Switchbot.build/Switchbot-own-target-headers.hmap (in target 'Switchbot' from project 'Switchbot')
    cd /Users/alextud/projects/switchbot-watch
    write-file /Users/alextud/Library/Developer/Xcode/DerivedData/Switchbot-fiduwmqfacjatlgbvkmplcrtzqbj/Build/Intermediates.noindex/ArchiveIntermediates/Switchbot\ WatchKit\ App/IntermediateBuildFilesPath/Switchbot.build/Debug-iphoneos/Switchbot.build/Switchbot-own-target-headers.hmap

WriteAuxiliaryFile /Users/alextud/Library/Developer/Xcode/DerivedData/Switchbot-fiduwmqfacjatlgbvkmplcrtzqbj/Build/Intermediates.noindex/ArchiveIntermediates/Switchbot\ WatchKit\ App/IntermediateBuildFilesPath/Switchbot.build/Debug-iphoneos/Switchbot.build/Switchbot-generated-files.hmap (in target 'Switchbot' from project 'Switchbot')
    cd /Users/alextud/projects/switchbot-watch
    write-file /Users/alextud/Library/Developer/Xcode/DerivedData/Switchbot-fiduwmqfacjatlgbvkmplcrtzqbj/Build/Intermediates.noindex/ArchiveIntermediates/Switchbot\ WatchKit\ App/IntermediateBuildFilesPath/Switchbot.build/Debug-iphoneos/Switchbot.build/Switchbot-generated-files.hmap

WriteAuxiliaryFile /Users/alextud/Library/Developer/Xcode/DerivedData/Switchbot-fiduwmqfacjatlgbvkmplcrtzqbj/Build/Intermediates.noindex/ArchiveIntermediates/Switchbot\ WatchKit\ App/IntermediateBuildFilesPath/Switchbot.build/Debug-iphoneos/Switchbot.build/Switchbot-all-target-headers.hmap (in target 'Switchbot' from project 'Switchbot')
    cd /Users/alextud/projects/switchbot-watch
    write-file /Users/alextud/Library/Developer/Xcode/DerivedData/Switchbot-fiduwmqfacjatlgbvkmplcrtzqbj/Build/Intermediates.noindex/ArchiveIntermediates/Switchbot\ WatchKit\ App/IntermediateBuildFilesPath/Switchbot.build/Debug-iphoneos/Switchbot.build/Switchbot-all-target-headers.hmap

WriteAuxiliaryFile /Users/alextud/Library/Developer/Xcode/DerivedData/Switchbot-fiduwmqfacjatlgbvkmplcrtzqbj/Build/Intermediates.noindex/ArchiveIntermediates/Switchbot\ WatchKit\ App/IntermediateBuildFilesPath/Switchbot.build/Debug-iphoneos/Switchbot.build/Switchbot-all-non-framework-target-headers.hmap (in target 'Switchbot' from project 'Switchbot')
    cd /Users/alextud/projects/switchbot-watch
    write-file /Users/alextud/Library/Developer/Xcode/DerivedData/Switchbot-fiduwmqfacjatlgbvkmplcrtzqbj/Build/Intermediates.noindex/ArchiveIntermediates/Switchbot\ WatchKit\ App/IntermediateBuildFilesPath/Switchbot.build/Debug-iphoneos/Switchbot.build/Switchbot-all-non-framework-target-headers.hmap

WriteAuxiliaryFile /Users/alextud/Library/Developer/Xcode/DerivedData/Switchbot-fiduwmqfacjatlgbvkmplcrtzqbj/Build/Intermediates.noindex/ArchiveIntermediates/Switchbot\ WatchKit\ App/IntermediateBuildFilesPath/Switchbot.build/Debug-iphoneos/Switchbot.build/ProductTypeInfoPlistAdditions.plist (in target 'Switchbot' from project 'Switchbot')
    cd /Users/alextud/projects/switchbot-watch
    write-file /Users/alextud/Library/Developer/Xcode/DerivedData/Switchbot-fiduwmqfacjatlgbvkmplcrtzqbj/Build/Intermediates.noindex/ArchiveIntermediates/Switchbot\ WatchKit\ App/IntermediateBuildFilesPath/Switchbot.build/Debug-iphoneos/Switchbot.build/ProductTypeInfoPlistAdditions.plist

WriteAuxiliaryFile /Users/alextud/Library/Developer/Xcode/DerivedData/Switchbot-fiduwmqfacjatlgbvkmplcrtzqbj/Build/Intermediates.noindex/ArchiveIntermediates/Switchbot\ WatchKit\ App/IntermediateBuildFilesPath/Switchbot.build/Debug-iphoneos/Switchbot.build/DerivedSources/Entitlements.plist (in target 'Switchbot' from project 'Switchbot')
    cd /Users/alextud/projects/switchbot-watch
    write-file /Users/alextud/Library/Developer/Xcode/DerivedData/Switchbot-fiduwmqfacjatlgbvkmplcrtzqbj/Build/Intermediates.noindex/ArchiveIntermediates/Switchbot\ WatchKit\ App/IntermediateBuildFilesPath/Switchbot.build/Debug-iphoneos/Switchbot.build/DerivedSources/Entitlements.plist

WriteAuxiliaryFile /Users/alextud/Library/Developer/Xcode/DerivedData/Switchbot-fiduwmqfacjatlgbvkmplcrtzqbj/Build/Intermediates.noindex/ArchiveIntermediates/Switchbot\ WatchKit\ App/IntermediateBuildFilesPath/Switchbot.build/Debug-watchos/Switchbot\ WatchKit\ Extension.build/Switchbot\ WatchKit\ Extension-all-target-headers.hmap (in target 'Switchbot WatchKit Extension' from project 'Switchbot')
    cd /Users/alextud/projects/switchbot-watch
    write-file /Users/alextud/Library/Developer/Xcode/DerivedData/Switchbot-fiduwmqfacjatlgbvkmplcrtzqbj/Build/Intermediates.noindex/ArchiveIntermediates/Switchbot\ WatchKit\ App/IntermediateBuildFilesPath/Switchbot.build/Debug-watchos/Switchbot\ WatchKit\ Extension.build/Switchbot\ WatchKit\ Extension-all-target-headers.hmap

WriteAuxiliaryFile /Users/alextud/Library/Developer/Xcode/DerivedData/Switchbot-fiduwmqfacjatlgbvkmplcrtzqbj/Build/Intermediates.noindex/ArchiveIntermediates/Switchbot\ WatchKit\ App/IntermediateBuildFilesPath/Switchbot.build/Debug-watchos/Switchbot\ WatchKit\ Extension.build/Switchbot\ WatchKit\ Extension-all-non-framework-target-headers.hmap (in target 'Switchbot WatchKit Extension' from project 'Switchbot')
    cd /Users/alextud/projects/switchbot-watch
    write-file /Users/alextud/Library/Developer/Xcode/DerivedData/Switchbot-fiduwmqfacjatlgbvkmplcrtzqbj/Build/Intermediates.noindex/ArchiveIntermediates/Switchbot\ WatchKit\ App/IntermediateBuildFilesPath/Switchbot.build/Debug-watchos/Switchbot\ WatchKit\ Extension.build/Switchbot\ WatchKit\ Extension-all-non-framework-target-headers.hmap

WriteAuxiliaryFile /Users/alextud/Library/Developer/Xcode/DerivedData/Switchbot-fiduwmqfacjatlgbvkmplcrtzqbj/Build/Intermediates.noindex/ArchiveIntermediates/Switchbot\ WatchKit\ App/IntermediateBuildFilesPath/Switchbot.build/Debug-watchos/Switchbot\ WatchKit\ Extension.build/Objects-normal/armv7k/Switchbot\ WatchKit\ Extension_const_extract_protocols.json (in target 'Switchbot WatchKit Extension' from project 'Switchbot')
    cd /Users/alextud/projects/switchbot-watch
    write-file /Users/alextud/Library/Developer/Xcode/DerivedData/Switchbot-fiduwmqfacjatlgbvkmplcrtzqbj/Build/Intermediates.noindex/ArchiveIntermediates/Switchbot\ WatchKit\ App/IntermediateBuildFilesPath/Switchbot.build/Debug-watchos/Switchbot\ WatchKit\ Extension.build/Objects-normal/armv7k/Switchbot\ WatchKit\ Extension_const_extract_protocols.json

WriteAuxiliaryFile /Users/alextud/Library/Developer/Xcode/DerivedData/Switchbot-fiduwmqfacjatlgbvkmplcrtzqbj/Build/Intermediates.noindex/ArchiveIntermediates/Switchbot\ WatchKit\ App/IntermediateBuildFilesPath/Switchbot.build/Debug-watchos/Switchbot\ WatchKit\ Extension.build/Objects-normal/armv7k/Switchbot\ WatchKit\ Extension.SwiftFileList (in target 'Switchbot WatchKit Extension' from project 'Switchbot')
    cd /Users/alextud/projects/switchbot-watch
    write-file /Users/alextud/Library/Developer/Xcode/DerivedData/Switchbot-fiduwmqfacjatlgbvkmplcrtzqbj/Build/Intermediates.noindex/ArchiveIntermediates/Switchbot\ WatchKit\ App/IntermediateBuildFilesPath/Switchbot.build/Debug-watchos/Switchbot\ WatchKit\ Extension.build/Objects-normal/armv7k/Switchbot\ WatchKit\ Extension.SwiftFileList

WriteAuxiliaryFile /Users/alextud/Library/Developer/Xcode/DerivedData/Switchbot-fiduwmqfacjatlgbvkmplcrtzqbj/Build/Intermediates.noindex/ArchiveIntermediates/Switchbot\ WatchKit\ App/IntermediateBuildFilesPath/Switchbot.build/Debug-watchos/Switchbot\ WatchKit\ Extension.build/Objects-normal/armv7k/Switchbot\ WatchKit\ Extension.SwiftConstValuesFileList (in target 'Switchbot WatchKit Extension' from project 'Switchbot')
    cd /Users/alextud/projects/switchbot-watch
    write-file /Users/alextud/Library/Developer/Xcode/DerivedData/Switchbot-fiduwmqfacjatlgbvkmplcrtzqbj/Build/Intermediates.noindex/ArchiveIntermediates/Switchbot\ WatchKit\ App/IntermediateBuildFilesPath/Switchbot.build/Debug-watchos/Switchbot\ WatchKit\ Extension.build/Objects-normal/armv7k/Switchbot\ WatchKit\ Extension.SwiftConstValuesFileList

WriteAuxiliaryFile /Users/alextud/Library/Developer/Xcode/DerivedData/Switchbot-fiduwmqfacjatlgbvkmplcrtzqbj/Build/Intermediates.noindex/ArchiveIntermediates/Switchbot\ WatchKit\ App/IntermediateBuildFilesPath/Switchbot.build/Debug-watchos/Switchbot\ WatchKit\ Extension.build/Objects-normal/armv7k/Switchbot\ WatchKit\ Extension.LinkFileList (in target 'Switchbot WatchKit Extension' from project 'Switchbot')
    cd /Users/alextud/projects/switchbot-watch
    write-file /Users/alextud/Library/Developer/Xcode/DerivedData/Switchbot-fiduwmqfacjatlgbvkmplcrtzqbj/Build/Intermediates.noindex/ArchiveIntermediates/Switchbot\ WatchKit\ App/IntermediateBuildFilesPath/Switchbot.build/Debug-watchos/Switchbot\ WatchKit\ Extension.build/Objects-normal/armv7k/Switchbot\ WatchKit\ Extension.LinkFileList

WriteAuxiliaryFile /Users/alextud/Library/Developer/Xcode/DerivedData/Switchbot-fiduwmqfacjatlgbvkmplcrtzqbj/Build/Intermediates.noindex/ArchiveIntermediates/Switchbot\ WatchKit\ App/IntermediateBuildFilesPath/Switchbot.build/Debug-watchos/Switchbot\ WatchKit\ Extension.build/Objects-normal/armv7k/Switchbot\ WatchKit\ Extension-OutputFileMap.json (in target 'Switchbot WatchKit Extension' from project 'Switchbot')
    cd /Users/alextud/projects/switchbot-watch
    write-file /Users/alextud/Library/Developer/Xcode/DerivedData/Switchbot-fiduwmqfacjatlgbvkmplcrtzqbj/Build/Intermediates.noindex/ArchiveIntermediates/Switchbot\ WatchKit\ App/IntermediateBuildFilesPath/Switchbot.build/Debug-watchos/Switchbot\ WatchKit\ Extension.build/Objects-normal/armv7k/Switchbot\ WatchKit\ Extension-OutputFileMap.json

WriteAuxiliaryFile /Users/alextud/Library/Developer/Xcode/DerivedData/Switchbot-fiduwmqfacjatlgbvkmplcrtzqbj/Build/Intermediates.noindex/ArchiveIntermediates/Switchbot\ WatchKit\ App/IntermediateBuildFilesPath/Switchbot.build/Debug-watchos/Switchbot\ WatchKit\ Extension.build/Objects-normal/arm64_32/Switchbot\ WatchKit\ Extension_const_extract_protocols.json (in target 'Switchbot WatchKit Extension' from project 'Switchbot')
    cd /Users/alextud/projects/switchbot-watch
    write-file /Users/alextud/Library/Developer/Xcode/DerivedData/Switchbot-fiduwmqfacjatlgbvkmplcrtzqbj/Build/Intermediates.noindex/ArchiveIntermediates/Switchbot\ WatchKit\ App/IntermediateBuildFilesPath/Switchbot.build/Debug-watchos/Switchbot\ WatchKit\ Extension.build/Objects-normal/arm64_32/Switchbot\ WatchKit\ Extension_const_extract_protocols.json

WriteAuxiliaryFile /Users/alextud/Library/Developer/Xcode/DerivedData/Switchbot-fiduwmqfacjatlgbvkmplcrtzqbj/Build/Intermediates.noindex/ArchiveIntermediates/Switchbot\ WatchKit\ App/IntermediateBuildFilesPath/Switchbot.build/Debug-watchos/Switchbot\ WatchKit\ Extension.build/Objects-normal/arm64_32/Switchbot\ WatchKit\ Extension.SwiftFileList (in target 'Switchbot WatchKit Extension' from project 'Switchbot')
    cd /Users/alextud/projects/switchbot-watch
    write-file /Users/alextud/Library/Developer/Xcode/DerivedData/Switchbot-fiduwmqfacjatlgbvkmplcrtzqbj/Build/Intermediates.noindex/ArchiveIntermediates/Switchbot\ WatchKit\ App/IntermediateBuildFilesPath/Switchbot.build/Debug-watchos/Switchbot\ WatchKit\ Extension.build/Objects-normal/arm64_32/Switchbot\ WatchKit\ Extension.SwiftFileList

WriteAuxiliaryFile /Users/alextud/Library/Developer/Xcode/DerivedData/Switchbot-fiduwmqfacjatlgbvkmplcrtzqbj/Build/Intermediates.noindex/ArchiveIntermediates/Switchbot\ WatchKit\ App/IntermediateBuildFilesPath/Switchbot.build/Debug-watchos/Switchbot\ WatchKit\ Extension.build/Objects-normal/arm64_32/Switchbot\ WatchKit\ Extension.SwiftConstValuesFileList (in target 'Switchbot WatchKit Extension' from project 'Switchbot')
    cd /Users/alextud/projects/switchbot-watch
    write-file /Users/alextud/Library/Developer/Xcode/DerivedData/Switchbot-fiduwmqfacjatlgbvkmplcrtzqbj/Build/Intermediates.noindex/ArchiveIntermediates/Switchbot\ WatchKit\ App/IntermediateBuildFilesPath/Switchbot.build/Debug-watchos/Switchbot\ WatchKit\ Extension.build/Objects-normal/arm64_32/Switchbot\ WatchKit\ Extension.SwiftConstValuesFileList

WriteAuxiliaryFile /Users/alextud/Library/Developer/Xcode/DerivedData/Switchbot-fiduwmqfacjatlgbvkmplcrtzqbj/Build/Intermediates.noindex/ArchiveIntermediates/Switchbot\ WatchKit\ App/IntermediateBuildFilesPath/Switchbot.build/Debug-watchos/Switchbot\ WatchKit\ Extension.build/Objects-normal/arm64_32/Switchbot\ WatchKit\ Extension.LinkFileList (in target 'Switchbot WatchKit Extension' from project 'Switchbot')
    cd /Users/alextud/projects/switchbot-watch
    write-file /Users/alextud/Library/Developer/Xcode/DerivedData/Switchbot-fiduwmqfacjatlgbvkmplcrtzqbj/Build/Intermediates.noindex/ArchiveIntermediates/Switchbot\ WatchKit\ App/IntermediateBuildFilesPath/Switchbot.build/Debug-watchos/Switchbot\ WatchKit\ Extension.build/Objects-normal/arm64_32/Switchbot\ WatchKit\ Extension.LinkFileList

WriteAuxiliaryFile /Users/alextud/Library/Developer/Xcode/DerivedData/Switchbot-fiduwmqfacjatlgbvkmplcrtzqbj/Build/Intermediates.noindex/ArchiveIntermediates/Switchbot\ WatchKit\ App/IntermediateBuildFilesPath/Switchbot.build/Debug-watchos/Switchbot\ WatchKit\ Extension.build/Objects-normal/arm64_32/Switchbot\ WatchKit\ Extension-OutputFileMap.json (in target 'Switchbot WatchKit Extension' from project 'Switchbot')
    cd /Users/alextud/projects/switchbot-watch
    write-file /Users/alextud/Library/Developer/Xcode/DerivedData/Switchbot-fiduwmqfacjatlgbvkmplcrtzqbj/Build/Intermediates.noindex/ArchiveIntermediates/Switchbot\ WatchKit\ App/IntermediateBuildFilesPath/Switchbot.build/Debug-watchos/Switchbot\ WatchKit\ Extension.build/Objects-normal/arm64_32/Switchbot\ WatchKit\ Extension-OutputFileMap.json

WriteAuxiliaryFile /Users/alextud/Library/Developer/Xcode/DerivedData/Switchbot-fiduwmqfacjatlgbvkmplcrtzqbj/Build/Intermediates.noindex/ArchiveIntermediates/Switchbot\ WatchKit\ App/IntermediateBuildFilesPath/Switchbot.build/Debug-watchos/Switchbot\ WatchKit\ Extension.build/Objects-normal/arm64/Switchbot\ WatchKit\ Extension_const_extract_protocols.json (in target 'Switchbot WatchKit Extension' from project 'Switchbot')
    cd /Users/alextud/projects/switchbot-watch
    write-file /Users/alextud/Library/Developer/Xcode/DerivedData/Switchbot-fiduwmqfacjatlgbvkmplcrtzqbj/Build/Intermediates.noindex/ArchiveIntermediates/Switchbot\ WatchKit\ App/IntermediateBuildFilesPath/Switchbot.build/Debug-watchos/Switchbot\ WatchKit\ Extension.build/Objects-normal/arm64/Switchbot\ WatchKit\ Extension_const_extract_protocols.json

WriteAuxiliaryFile /Users/alextud/Library/Developer/Xcode/DerivedData/Switchbot-fiduwmqfacjatlgbvkmplcrtzqbj/Build/Intermediates.noindex/ArchiveIntermediates/Switchbot\ WatchKit\ App/IntermediateBuildFilesPath/Switchbot.build/Debug-watchos/Switchbot\ WatchKit\ Extension.build/Objects-normal/arm64/Switchbot\ WatchKit\ Extension.SwiftFileList (in target 'Switchbot WatchKit Extension' from project 'Switchbot')
    cd /Users/alextud/projects/switchbot-watch
    write-file /Users/alextud/Library/Developer/Xcode/DerivedData/Switchbot-fiduwmqfacjatlgbvkmplcrtzqbj/Build/Intermediates.noindex/ArchiveIntermediates/Switchbot\ WatchKit\ App/IntermediateBuildFilesPath/Switchbot.build/Debug-watchos/Switchbot\ WatchKit\ Extension.build/Objects-normal/arm64/Switchbot\ WatchKit\ Extension.SwiftFileList

WriteAuxiliaryFile /Users/alextud/Library/Developer/Xcode/DerivedData/Switchbot-fiduwmqfacjatlgbvkmplcrtzqbj/Build/Intermediates.noindex/ArchiveIntermediates/Switchbot\ WatchKit\ App/IntermediateBuildFilesPath/Switchbot.build/Debug-watchos/Switchbot\ WatchKit\ Extension.build/Objects-normal/arm64/Switchbot\ WatchKit\ Extension.SwiftConstValuesFileList (in target 'Switchbot WatchKit Extension' from project 'Switchbot')
    cd /Users/alextud/projects/switchbot-watch
    write-file /Users/alextud/Library/Developer/Xcode/DerivedData/Switchbot-fiduwmqfacjatlgbvkmplcrtzqbj/Build/Intermediates.noindex/ArchiveIntermediates/Switchbot\ WatchKit\ App/IntermediateBuildFilesPath/Switchbot.build/Debug-watchos/Switchbot\ WatchKit\ Extension.build/Objects-normal/arm64/Switchbot\ WatchKit\ Extension.SwiftConstValuesFileList

WriteAuxiliaryFile /Users/alextud/Library/Developer/Xcode/DerivedData/Switchbot-fiduwmqfacjatlgbvkmplcrtzqbj/Build/Intermediates.noindex/ArchiveIntermediates/Switchbot\ WatchKit\ App/IntermediateBuildFilesPath/Switchbot.build/Debug-watchos/Switchbot\ WatchKit\ Extension.build/Objects-normal/arm64/Switchbot\ WatchKit\ Extension.LinkFileList (in target 'Switchbot WatchKit Extension' from project 'Switchbot')
    cd /Users/alextud/projects/switchbot-watch
    write-file /Users/alextud/Library/Developer/Xcode/DerivedData/Switchbot-fiduwmqfacjatlgbvkmplcrtzqbj/Build/Intermediates.noindex/ArchiveIntermediates/Switchbot\ WatchKit\ App/IntermediateBuildFilesPath/Switchbot.build/Debug-watchos/Switchbot\ WatchKit\ Extension.build/Objects-normal/arm64/Switchbot\ WatchKit\ Extension.LinkFileList

WriteAuxiliaryFile /Users/alextud/Library/Developer/Xcode/DerivedData/Switchbot-fiduwmqfacjatlgbvkmplcrtzqbj/Build/Intermediates.noindex/ArchiveIntermediates/Switchbot\ WatchKit\ App/IntermediateBuildFilesPath/Switchbot.build/Debug-watchos/Switchbot\ WatchKit\ Extension.build/Objects-normal/arm64/Switchbot\ WatchKit\ Extension-OutputFileMap.json (in target 'Switchbot WatchKit Extension' from project 'Switchbot')
    cd /Users/alextud/projects/switchbot-watch
    write-file /Users/alextud/Library/Developer/Xcode/DerivedData/Switchbot-fiduwmqfacjatlgbvkmplcrtzqbj/Build/Intermediates.noindex/ArchiveIntermediates/Switchbot\ WatchKit\ App/IntermediateBuildFilesPath/Switchbot.build/Debug-watchos/Switchbot\ WatchKit\ Extension.build/Objects-normal/arm64/Switchbot\ WatchKit\ Extension-OutputFileMap.json

WriteAuxiliaryFile /Users/alextud/Library/Developer/Xcode/DerivedData/Switchbot-fiduwmqfacjatlgbvkmplcrtzqbj/Build/Intermediates.noindex/ArchiveIntermediates/Switchbot\ WatchKit\ App/IntermediateBuildFilesPath/Switchbot.build/Debug-watchos/Switchbot\ WatchKit\ Extension.build/DerivedSources/Entitlements.plist (in target 'Switchbot WatchKit Extension' from project 'Switchbot')
    cd /Users/alextud/projects/switchbot-watch
    write-file /Users/alextud/Library/Developer/Xcode/DerivedData/Switchbot-fiduwmqfacjatlgbvkmplcrtzqbj/Build/Intermediates.noindex/ArchiveIntermediates/Switchbot\ WatchKit\ App/IntermediateBuildFilesPath/Switchbot.build/Debug-watchos/Switchbot\ WatchKit\ Extension.build/DerivedSources/Entitlements.plist

WriteAuxiliaryFile /Users/alextud/Library/Developer/Xcode/DerivedData/Switchbot-fiduwmqfacjatlgbvkmplcrtzqbj/Build/Intermediates.noindex/ArchiveIntermediates/Switchbot\ WatchKit\ App/IntermediateBuildFilesPath/Switchbot.build/Debug-watchos/Switchbot\ WatchKit\ App.build/Switchbot\ WatchKit\ App.hmap (in target 'Switchbot WatchKit App' from project 'Switchbot')
    cd /Users/alextud/projects/switchbot-watch
    write-file /Users/alextud/Library/Developer/Xcode/DerivedData/Switchbot-fiduwmqfacjatlgbvkmplcrtzqbj/Build/Intermediates.noindex/ArchiveIntermediates/Switchbot\ WatchKit\ App/IntermediateBuildFilesPath/Switchbot.build/Debug-watchos/Switchbot\ WatchKit\ App.build/Switchbot\ WatchKit\ App.hmap

WriteAuxiliaryFile /Users/alextud/Library/Developer/Xcode/DerivedData/Switchbot-fiduwmqfacjatlgbvkmplcrtzqbj/Build/Intermediates.noindex/ArchiveIntermediates/Switchbot\ WatchKit\ App/IntermediateBuildFilesPath/Switchbot.build/Debug-watchos/Switchbot\ WatchKit\ App.build/Switchbot\ WatchKit\ App.DependencyStaticMetadataFileList (in target 'Switchbot WatchKit App' from project 'Switchbot')
    cd /Users/alextud/projects/switchbot-watch
    write-file /Users/alextud/Library/Developer/Xcode/DerivedData/Switchbot-fiduwmqfacjatlgbvkmplcrtzqbj/Build/Intermediates.noindex/ArchiveIntermediates/Switchbot\ WatchKit\ App/IntermediateBuildFilesPath/Switchbot.build/Debug-watchos/Switchbot\ WatchKit\ App.build/Switchbot\ WatchKit\ App.DependencyStaticMetadataFileList

WriteAuxiliaryFile /Users/alextud/Library/Developer/Xcode/DerivedData/Switchbot-fiduwmqfacjatlgbvkmplcrtzqbj/Build/Intermediates.noindex/ArchiveIntermediates/Switchbot\ WatchKit\ App/IntermediateBuildFilesPath/Switchbot.build/Debug-watchos/Switchbot\ WatchKit\ App.build/Switchbot\ WatchKit\ App.DependencyMetadataFileList (in target 'Switchbot WatchKit App' from project 'Switchbot')
    cd /Users/alextud/projects/switchbot-watch
    write-file /Users/alextud/Library/Developer/Xcode/DerivedData/Switchbot-fiduwmqfacjatlgbvkmplcrtzqbj/Build/Intermediates.noindex/ArchiveIntermediates/Switchbot\ WatchKit\ App/IntermediateBuildFilesPath/Switchbot.build/Debug-watchos/Switchbot\ WatchKit\ App.build/Switchbot\ WatchKit\ App.DependencyMetadataFileList

WriteAuxiliaryFile /Users/alextud/Library/Developer/Xcode/DerivedData/Switchbot-fiduwmqfacjatlgbvkmplcrtzqbj/Build/Intermediates.noindex/ArchiveIntermediates/Switchbot\ WatchKit\ App/IntermediateBuildFilesPath/Switchbot.build/Debug-watchos/Switchbot\ WatchKit\ App.build/Switchbot\ WatchKit\ App-project-headers.hmap (in target 'Switchbot WatchKit App' from project 'Switchbot')
    cd /Users/alextud/projects/switchbot-watch
    write-file /Users/alextud/Library/Developer/Xcode/DerivedData/Switchbot-fiduwmqfacjatlgbvkmplcrtzqbj/Build/Intermediates.noindex/ArchiveIntermediates/Switchbot\ WatchKit\ App/IntermediateBuildFilesPath/Switchbot.build/Debug-watchos/Switchbot\ WatchKit\ App.build/Switchbot\ WatchKit\ App-project-headers.hmap

WriteAuxiliaryFile /Users/alextud/Library/Developer/Xcode/DerivedData/Switchbot-fiduwmqfacjatlgbvkmplcrtzqbj/Build/Intermediates.noindex/ArchiveIntermediates/Switchbot\ WatchKit\ App/IntermediateBuildFilesPath/Switchbot.build/Debug-watchos/Switchbot\ WatchKit\ App.build/Switchbot\ WatchKit\ App-own-target-headers.hmap (in target 'Switchbot WatchKit App' from project 'Switchbot')
    cd /Users/alextud/projects/switchbot-watch
    write-file /Users/alextud/Library/Developer/Xcode/DerivedData/Switchbot-fiduwmqfacjatlgbvkmplcrtzqbj/Build/Intermediates.noindex/ArchiveIntermediates/Switchbot\ WatchKit\ App/IntermediateBuildFilesPath/Switchbot.build/Debug-watchos/Switchbot\ WatchKit\ App.build/Switchbot\ WatchKit\ App-own-target-headers.hmap

WriteAuxiliaryFile /Users/alextud/Library/Developer/Xcode/DerivedData/Switchbot-fiduwmqfacjatlgbvkmplcrtzqbj/Build/Intermediates.noindex/ArchiveIntermediates/Switchbot\ WatchKit\ App/IntermediateBuildFilesPath/Switchbot.build/Debug-watchos/Switchbot\ WatchKit\ App.build/Switchbot\ WatchKit\ App-generated-files.hmap (in target 'Switchbot WatchKit App' from project 'Switchbot')
    cd /Users/alextud/projects/switchbot-watch
    write-file /Users/alextud/Library/Developer/Xcode/DerivedData/Switchbot-fiduwmqfacjatlgbvkmplcrtzqbj/Build/Intermediates.noindex/ArchiveIntermediates/Switchbot\ WatchKit\ App/IntermediateBuildFilesPath/Switchbot.build/Debug-watchos/Switchbot\ WatchKit\ App.build/Switchbot\ WatchKit\ App-generated-files.hmap

WriteAuxiliaryFile /Users/alextud/Library/Developer/Xcode/DerivedData/Switchbot-fiduwmqfacjatlgbvkmplcrtzqbj/Build/Intermediates.noindex/ArchiveIntermediates/Switchbot\ WatchKit\ App/IntermediateBuildFilesPath/Switchbot.build/Debug-watchos/Switchbot\ WatchKit\ App.build/Switchbot\ WatchKit\ App-all-target-headers.hmap (in target 'Switchbot WatchKit App' from project 'Switchbot')
    cd /Users/alextud/projects/switchbot-watch
    write-file /Users/alextud/Library/Developer/Xcode/DerivedData/Switchbot-fiduwmqfacjatlgbvkmplcrtzqbj/Build/Intermediates.noindex/ArchiveIntermediates/Switchbot\ WatchKit\ App/IntermediateBuildFilesPath/Switchbot.build/Debug-watchos/Switchbot\ WatchKit\ App.build/Switchbot\ WatchKit\ App-all-target-headers.hmap

WriteAuxiliaryFile /Users/alextud/Library/Developer/Xcode/DerivedData/Switchbot-fiduwmqfacjatlgbvkmplcrtzqbj/Build/Intermediates.noindex/ArchiveIntermediates/Switchbot\ WatchKit\ App/IntermediateBuildFilesPath/Switchbot.build/Debug-watchos/Switchbot\ WatchKit\ App.build/Switchbot\ WatchKit\ App-all-non-framework-target-headers.hmap (in target 'Switchbot WatchKit App' from project 'Switchbot')
    cd /Users/alextud/projects/switchbot-watch
    write-file /Users/alextud/Library/Developer/Xcode/DerivedData/Switchbot-fiduwmqfacjatlgbvkmplcrtzqbj/Build/Intermediates.noindex/ArchiveIntermediates/Switchbot\ WatchKit\ App/IntermediateBuildFilesPath/Switchbot.build/Debug-watchos/Switchbot\ WatchKit\ App.build/Switchbot\ WatchKit\ App-all-non-framework-target-headers.hmap

SymLink /Users/alextud/Library/Developer/Xcode/DerivedData/Switchbot-fiduwmqfacjatlgbvkmplcrtzqbj/Build/Intermediates.noindex/ArchiveIntermediates/Switchbot\ WatchKit\ App/BuildProductsPath/Debug-iphoneos/Switchbot.app ../../InstallationBuildProductsLocation/Applications/Switchbot.app (in target 'Switchbot' from project 'Switchbot')
    cd /Users/alextud/projects/switchbot-watch
    /bin/ln -sfh ../../InstallationBuildProductsLocation/Applications/Switchbot.app /Users/alextud/Library/Developer/Xcode/DerivedData/Switchbot-fiduwmqfacjatlgbvkmplcrtzqbj/Build/Intermediates.noindex/ArchiveIntermediates/Switchbot\ WatchKit\ App/BuildProductsPath/Debug-iphoneos/Switchbot.app

WriteAuxiliaryFile /Users/alextud/Library/Developer/Xcode/DerivedData/Switchbot-fiduwmqfacjatlgbvkmplcrtzqbj/Build/Intermediates.noindex/ArchiveIntermediates/Switchbot\ WatchKit\ App/IntermediateBuildFilesPath/Switchbot.build/Debug-watchos/Switchbot\ WatchKit\ App.build/DerivedSources/Entitlements.plist (in target 'Switchbot WatchKit App' from project 'Switchbot')
    cd /Users/alextud/projects/switchbot-watch
    write-file /Users/alextud/Library/Developer/Xcode/DerivedData/Switchbot-fiduwmqfacjatlgbvkmplcrtzqbj/Build/Intermediates.noindex/ArchiveIntermediates/Switchbot\ WatchKit\ App/IntermediateBuildFilesPath/Switchbot.build/Debug-watchos/Switchbot\ WatchKit\ App.build/DerivedSources/Entitlements.plist

SymLink /Users/alextud/Library/Developer/Xcode/DerivedData/Switchbot-fiduwmqfacjatlgbvkmplcrtzqbj/Build/Intermediates.noindex/ArchiveIntermediates/Switchbot\ WatchKit\ App/BuildProductsPath/Debug-watchos/Switchbot\ WatchKit\ Extension.appex ../../IntermediateBuildFilesPath/UninstalledProducts/watchos/Switchbot\ WatchKit\ Extension.appex (in target 'Switchbot WatchKit Extension' from project 'Switchbot')
    cd /Users/alextud/projects/switchbot-watch
    /bin/ln -sfh ../../IntermediateBuildFilesPath/UninstalledProducts/watchos/Switchbot\ WatchKit\ Extension.appex /Users/alextud/Library/Developer/Xcode/DerivedData/Switchbot-fiduwmqfacjatlgbvkmplcrtzqbj/Build/Intermediates.noindex/ArchiveIntermediates/Switchbot\ WatchKit\ App/BuildProductsPath/Debug-watchos/Switchbot\ WatchKit\ Extension.appex

MkDir /Users/alextud/Library/Developer/Xcode/DerivedData/Switchbot-fiduwmqfacjatlgbvkmplcrtzqbj/Build/Intermediates.noindex/ArchiveIntermediates/Switchbot\ WatchKit\ App/InstallationBuildProductsLocation/Applications/Switchbot.app (in target 'Switchbot' from project 'Switchbot')
    cd /Users/alextud/projects/switchbot-watch
    /bin/mkdir -p /Users/alextud/Library/Developer/Xcode/DerivedData/Switchbot-fiduwmqfacjatlgbvkmplcrtzqbj/Build/Intermediates.noindex/ArchiveIntermediates/Switchbot\ WatchKit\ App/InstallationBuildProductsLocation/Applications/Switchbot.app

MkDir /Users/alextud/Library/Developer/Xcode/DerivedData/Switchbot-fiduwmqfacjatlgbvkmplcrtzqbj/Build/Intermediates.noindex/ArchiveIntermediates/Switchbot\ WatchKit\ App/IntermediateBuildFilesPath/UninstalledProducts/watchos/Switchbot\ WatchKit\ Extension.appex (in target 'Switchbot WatchKit Extension' from project 'Switchbot')
    cd /Users/alextud/projects/switchbot-watch
    /bin/mkdir -p /Users/alextud/Library/Developer/Xcode/DerivedData/Switchbot-fiduwmqfacjatlgbvkmplcrtzqbj/Build/Intermediates.noindex/ArchiveIntermediates/Switchbot\ WatchKit\ App/IntermediateBuildFilesPath/UninstalledProducts/watchos/Switchbot\ WatchKit\ Extension.appex

SymLink /Users/alextud/Library/Developer/Xcode/DerivedData/Switchbot-fiduwmqfacjatlgbvkmplcrtzqbj/Build/Intermediates.noindex/ArchiveIntermediates/Switchbot\ WatchKit\ App/BuildProductsPath/Debug-watchos/Switchbot\ WatchKit\ App.app ../../IntermediateBuildFilesPath/UninstalledProducts/watchos/Switchbot\ WatchKit\ App.app (in target 'Switchbot WatchKit App' from project 'Switchbot')
    cd /Users/alextud/projects/switchbot-watch
    /bin/ln -sfh ../../IntermediateBuildFilesPath/UninstalledProducts/watchos/Switchbot\ WatchKit\ App.app /Users/alextud/Library/Developer/Xcode/DerivedData/Switchbot-fiduwmqfacjatlgbvkmplcrtzqbj/Build/Intermediates.noindex/ArchiveIntermediates/Switchbot\ WatchKit\ App/BuildProductsPath/Debug-watchos/Switchbot\ WatchKit\ App.app

MkDir /Users/alextud/Library/Developer/Xcode/DerivedData/Switchbot-fiduwmqfacjatlgbvkmplcrtzqbj/Build/Intermediates.noindex/ArchiveIntermediates/Switchbot\ WatchKit\ App/IntermediateBuildFilesPath/UninstalledProducts/watchos/Switchbot\ WatchKit\ App.app (in target 'Switchbot WatchKit App' from project 'Switchbot')
    cd /Users/alextud/projects/switchbot-watch
    /bin/mkdir -p /Users/alextud/Library/Developer/Xcode/DerivedData/Switchbot-fiduwmqfacjatlgbvkmplcrtzqbj/Build/Intermediates.noindex/ArchiveIntermediates/Switchbot\ WatchKit\ App/IntermediateBuildFilesPath/UninstalledProducts/watchos/Switchbot\ WatchKit\ App.app

MkDir /Users/alextud/Library/Developer/Xcode/DerivedData/Switchbot-fiduwmqfacjatlgbvkmplcrtzqbj/Build/Intermediates.noindex/ArchiveIntermediates/Switchbot\ WatchKit\ App/IntermediateBuildFilesPath/UninstalledProducts/watchos/Switchbot\ WatchKit\ App.app/PlugIns (in target 'Switchbot WatchKit App' from project 'Switchbot')
    cd /Users/alextud/projects/switchbot-watch
    /bin/mkdir -p /Users/alextud/Library/Developer/Xcode/DerivedData/Switchbot-fiduwmqfacjatlgbvkmplcrtzqbj/Build/Intermediates.noindex/ArchiveIntermediates/Switchbot\ WatchKit\ App/IntermediateBuildFilesPath/UninstalledProducts/watchos/Switchbot\ WatchKit\ App.app/PlugIns

ValidateDevelopmentAssets /Users/alextud/Library/Developer/Xcode/DerivedData/Switchbot-fiduwmqfacjatlgbvkmplcrtzqbj/Build/Intermediates.noindex/ArchiveIntermediates/Switchbot\ WatchKit\ App/IntermediateBuildFilesPath/Switchbot.build/Debug-watchos/Switchbot\ WatchKit\ Extension.build (in target 'Switchbot WatchKit Extension' from project 'Switchbot')
    cd /Users/alextud/projects/switchbot-watch
    builtin-validate-development-assets --validate YES_ERROR /Users/alextud/projects/switchbot-watch/Switchbot\ WatchKit\ Extension/Preview\ Content

ProcessProductPackaging /Users/alextud/Library/Developer/Xcode/UserData/Provisioning\ Profiles/7de30200-66ce-46de-807e-2927fe0a3778.mobileprovision /Users/alextud/Library/Developer/Xcode/DerivedData/Switchbot-fiduwmqfacjatlgbvkmplcrtzqbj/Build/Intermediates.noindex/ArchiveIntermediates/Switchbot\ WatchKit\ App/IntermediateBuildFilesPath/UninstalledProducts/watchos/Switchbot\ WatchKit\ Extension.appex/embedded.mobileprovision (in target 'Switchbot WatchKit Extension' from project 'Switchbot')
    cd /Users/alextud/projects/switchbot-watch
    builtin-productPackagingUtility /Users/alextud/Library/Developer/Xcode/UserData/Provisioning\ Profiles/7de30200-66ce-46de-807e-2927fe0a3778.mobileprovision -o /Users/alextud/Library/Developer/Xcode/DerivedData/Switchbot-fiduwmqfacjatlgbvkmplcrtzqbj/Build/Intermediates.noindex/ArchiveIntermediates/Switchbot\ WatchKit\ App/IntermediateBuildFilesPath/UninstalledProducts/watchos/Switchbot\ WatchKit\ Extension.appex/embedded.mobileprovision

ProcessProductPackaging "" /Users/alextud/Library/Developer/Xcode/DerivedData/Switchbot-fiduwmqfacjatlgbvkmplcrtzqbj/Build/Intermediates.noindex/ArchiveIntermediates/Switchbot\ WatchKit\ App/IntermediateBuildFilesPath/Switchbot.build/Debug-watchos/Switchbot\ WatchKit\ Extension.build/Switchbot\ WatchKit\ Extension.appex.xcent (in target 'Switchbot WatchKit Extension' from project 'Switchbot')
    cd /Users/alextud/projects/switchbot-watch
    
    Entitlements:
    
    {
    "application-identifier" = "NF6484JE8F.com.tapp1.switchbot.watchkitapp.watchkitextension";
    "com.apple.developer.team-identifier" = NF6484JE8F;
    "get-task-allow" = 1;
}
    
    builtin-productPackagingUtility -entitlements -format xml -o /Users/alextud/Library/Developer/Xcode/DerivedData/Switchbot-fiduwmqfacjatlgbvkmplcrtzqbj/Build/Intermediates.noindex/ArchiveIntermediates/Switchbot\ WatchKit\ App/IntermediateBuildFilesPath/Switchbot.build/Debug-watchos/Switchbot\ WatchKit\ Extension.build/Switchbot\ WatchKit\ Extension.appex.xcent

ProcessProductPackagingDER /Users/alextud/Library/Developer/Xcode/DerivedData/Switchbot-fiduwmqfacjatlgbvkmplcrtzqbj/Build/Intermediates.noindex/ArchiveIntermediates/Switchbot\ WatchKit\ App/IntermediateBuildFilesPath/Switchbot.build/Debug-watchos/Switchbot\ WatchKit\ Extension.build/Switchbot\ WatchKit\ Extension.appex.xcent /Users/alextud/Library/Developer/Xcode/DerivedData/Switchbot-fiduwmqfacjatlgbvkmplcrtzqbj/Build/Intermediates.noindex/ArchiveIntermediates/Switchbot\ WatchKit\ App/IntermediateBuildFilesPath/Switchbot.build/Debug-watchos/Switchbot\ WatchKit\ Extension.build/Switchbot\ WatchKit\ Extension.appex.xcent.der (in target 'Switchbot WatchKit Extension' from project 'Switchbot')
    cd /Users/alextud/projects/switchbot-watch
    /usr/bin/derq query -f xml -i /Users/alextud/Library/Developer/Xcode/DerivedData/Switchbot-fiduwmqfacjatlgbvkmplcrtzqbj/Build/Intermediates.noindex/ArchiveIntermediates/Switchbot\ WatchKit\ App/IntermediateBuildFilesPath/Switchbot.build/Debug-watchos/Switchbot\ WatchKit\ Extension.build/Switchbot\ WatchKit\ Extension.appex.xcent -o /Users/alextud/Library/Developer/Xcode/DerivedData/Switchbot-fiduwmqfacjatlgbvkmplcrtzqbj/Build/Intermediates.noindex/ArchiveIntermediates/Switchbot\ WatchKit\ App/IntermediateBuildFilesPath/Switchbot.build/Debug-watchos/Switchbot\ WatchKit\ Extension.build/Switchbot\ WatchKit\ Extension.appex.xcent.der --raw

MkDir /Users/alextud/Library/Developer/Xcode/DerivedData/Switchbot-fiduwmqfacjatlgbvkmplcrtzqbj/Build/Intermediates.noindex/ArchiveIntermediates/Switchbot\ WatchKit\ App/IntermediateBuildFilesPath/Switchbot.build/Debug-watchos/Switchbot\ WatchKit\ Extension.build/assetcatalog_output/thinned (in target 'Switchbot WatchKit Extension' from project 'Switchbot')
    cd /Users/alextud/projects/switchbot-watch
    /bin/mkdir -p /Users/alextud/Library/Developer/Xcode/DerivedData/Switchbot-fiduwmqfacjatlgbvkmplcrtzqbj/Build/Intermediates.noindex/ArchiveIntermediates/Switchbot\ WatchKit\ App/IntermediateBuildFilesPath/Switchbot.build/Debug-watchos/Switchbot\ WatchKit\ Extension.build/assetcatalog_output/thinned

MkDir /Users/alextud/Library/Developer/Xcode/DerivedData/Switchbot-fiduwmqfacjatlgbvkmplcrtzqbj/Build/Intermediates.noindex/ArchiveIntermediates/Switchbot\ WatchKit\ App/IntermediateBuildFilesPath/Switchbot.build/Debug-watchos/Switchbot\ WatchKit\ Extension.build/assetcatalog_output/unthinned (in target 'Switchbot WatchKit Extension' from project 'Switchbot')
    cd /Users/alextud/projects/switchbot-watch
    /bin/mkdir -p /Users/alextud/Library/Developer/Xcode/DerivedData/Switchbot-fiduwmqfacjatlgbvkmplcrtzqbj/Build/Intermediates.noindex/ArchiveIntermediates/Switchbot\ WatchKit\ App/IntermediateBuildFilesPath/Switchbot.build/Debug-watchos/Switchbot\ WatchKit\ Extension.build/assetcatalog_output/unthinned

GenerateAssetSymbols /Users/alextud/projects/switchbot-watch/Switchbot\ WatchKit\ Extension/Assets.xcassets (in target 'Switchbot WatchKit Extension' from project 'Switchbot')
    cd /Users/alextud/projects/switchbot-watch
    /Applications/Xcode.app/Contents/Developer/usr/bin/actool /Users/alextud/projects/switchbot-watch/Switchbot\ WatchKit\ Extension/Assets.xcassets --compile /Users/alextud/Library/Developer/Xcode/DerivedData/Switchbot-fiduwmqfacjatlgbvkmplcrtzqbj/Build/Intermediates.noindex/ArchiveIntermediates/Switchbot\ WatchKit\ App/IntermediateBuildFilesPath/UninstalledProducts/watchos/Switchbot\ WatchKit\ Extension.appex --output-format human-readable-text --notices --warnings --export-dependency-info /Users/alextud/Library/Developer/Xcode/DerivedData/Switchbot-fiduwmqfacjatlgbvkmplcrtzqbj/Build/Intermediates.noindex/ArchiveIntermediates/Switchbot\ WatchKit\ App/IntermediateBuildFilesPath/Switchbot.build/Debug-watchos/Switchbot\ WatchKit\ Extension.build/assetcatalog_dependencies --output-partial-info-plist /Users/alextud/Library/Developer/Xcode/DerivedData/Switchbot-fiduwmqfacjatlgbvkmplcrtzqbj/Build/Intermediates.noindex/ArchiveIntermediates/Switchbot\ WatchKit\ App/IntermediateBuildFilesPath/Switchbot.build/Debug-watchos/Switchbot\ WatchKit\ Extension.build/assetcatalog_generated_info.plist --target-device watch --compress-pngs --enable-on-demand-resources NO --development-region en --complication Complication --minimum-deployment-target 7.0 --platform watchos --bundle-identifier com.tapp1.switchbot.watchkitapp.watchkitextension --generate-swift-asset-symbol-extensions NO --generate-swift-asset-symbols /Users/alextud/Library/Developer/Xcode/DerivedData/Switchbot-fiduwmqfacjatlgbvkmplcrtzqbj/Build/Intermediates.noindex/ArchiveIntermediates/Switchbot\ WatchKit\ App/IntermediateBuildFilesPath/Switchbot.build/Debug-watchos/Switchbot\ WatchKit\ Extension.build/DerivedSources/GeneratedAssetSymbols.swift --generate-objc-asset-symbols /Users/alextud/Library/Developer/Xcode/DerivedData/Switchbot-fiduwmqfacjatlgbvkmplcrtzqbj/Build/Intermediates.noindex/ArchiveIntermediates/Switchbot\ WatchKit\ App/IntermediateBuildFilesPath/Switchbot.build/Debug-watchos/Switchbot\ WatchKit\ Extension.build/DerivedSources/GeneratedAssetSymbols.h --generate-asset-symbol-index /Users/alextud/Library/Developer/Xcode/DerivedData/Switchbot-fiduwmqfacjatlgbvkmplcrtzqbj/Build/Intermediates.noindex/ArchiveIntermediates/Switchbot\ WatchKit\ App/IntermediateBuildFilesPath/Switchbot.build/Debug-watchos/Switchbot\ WatchKit\ Extension.build/DerivedSources/GeneratedAssetSymbols-Index.plist
/* com.apple.actool.compilation-results */
/Users/alextud/Library/Developer/Xcode/DerivedData/Switchbot-fiduwmqfacjatlgbvkmplcrtzqbj/Build/Intermediates.noindex/ArchiveIntermediates/Switchbot WatchKit App/IntermediateBuildFilesPath/Switchbot.build/Debug-watchos/Switchbot WatchKit Extension.build/DerivedSources/GeneratedAssetSymbols-Index.plist
/Users/alextud/Library/Developer/Xcode/DerivedData/Switchbot-fiduwmqfacjatlgbvkmplcrtzqbj/Build/Intermediates.noindex/ArchiveIntermediates/Switchbot WatchKit App/IntermediateBuildFilesPath/Switchbot.build/Debug-watchos/Switchbot WatchKit Extension.build/DerivedSources/GeneratedAssetSymbols.h
/Users/alextud/Library/Developer/Xcode/DerivedData/Switchbot-fiduwmqfacjatlgbvkmplcrtzqbj/Build/Intermediates.noindex/ArchiveIntermediates/Switchbot WatchKit App/IntermediateBuildFilesPath/Switchbot.build/Debug-watchos/Switchbot WatchKit Extension.build/DerivedSources/GeneratedAssetSymbols.swift


CompileAssetCatalogVariant thinned /Users/alextud/Library/Developer/Xcode/DerivedData/Switchbot-fiduwmqfacjatlgbvkmplcrtzqbj/Build/Intermediates.noindex/ArchiveIntermediates/Switchbot\ WatchKit\ App/IntermediateBuildFilesPath/UninstalledProducts/watchos/Switchbot\ WatchKit\ Extension.appex /Users/alextud/projects/switchbot-watch/Switchbot\ WatchKit\ Extension/Assets.xcassets (in target 'Switchbot WatchKit Extension' from project 'Switchbot')
    cd /Users/alextud/projects/switchbot-watch
    /Applications/Xcode.app/Contents/Developer/usr/bin/actool /Users/alextud/projects/switchbot-watch/Switchbot\ WatchKit\ Extension/Assets.xcassets --compile /Users/alextud/Library/Developer/Xcode/DerivedData/Switchbot-fiduwmqfacjatlgbvkmplcrtzqbj/Build/Intermediates.noindex/ArchiveIntermediates/Switchbot\ WatchKit\ App/IntermediateBuildFilesPath/Switchbot.build/Debug-watchos/Switchbot\ WatchKit\ Extension.build/assetcatalog_output/thinned --output-format human-readable-text --notices --warnings --export-dependency-info /Users/alextud/Library/Developer/Xcode/DerivedData/Switchbot-fiduwmqfacjatlgbvkmplcrtzqbj/Build/Intermediates.noindex/ArchiveIntermediates/Switchbot\ WatchKit\ App/IntermediateBuildFilesPath/Switchbot.build/Debug-watchos/Switchbot\ WatchKit\ Extension.build/assetcatalog_dependencies_thinned --output-partial-info-plist /Users/alextud/Library/Developer/Xcode/DerivedData/Switchbot-fiduwmqfacjatlgbvkmplcrtzqbj/Build/Intermediates.noindex/ArchiveIntermediates/Switchbot\ WatchKit\ App/IntermediateBuildFilesPath/Switchbot.build/Debug-watchos/Switchbot\ WatchKit\ Extension.build/assetcatalog_generated_info.plist_thinned --target-device watch --compress-pngs --enable-on-demand-resources NO --development-region en --complication Complication --minimum-deployment-target 7.0 --platform watchos
/* com.apple.actool.compilation-results */
/Users/alextud/Library/Developer/Xcode/DerivedData/Switchbot-fiduwmqfacjatlgbvkmplcrtzqbj/Build/Intermediates.noindex/ArchiveIntermediates/Switchbot WatchKit App/IntermediateBuildFilesPath/Switchbot.build/Debug-watchos/Switchbot WatchKit Extension.build/assetcatalog_generated_info.plist_thinned


LinkAssetCatalog /Users/alextud/projects/switchbot-watch/Switchbot\ WatchKit\ Extension/Assets.xcassets (in target 'Switchbot WatchKit Extension' from project 'Switchbot')
    cd /Users/alextud/projects/switchbot-watch
    builtin-linkAssetCatalog --thinned /Users/alextud/Library/Developer/Xcode/DerivedData/Switchbot-fiduwmqfacjatlgbvkmplcrtzqbj/Build/Intermediates.noindex/ArchiveIntermediates/Switchbot\ WatchKit\ App/IntermediateBuildFilesPath/Switchbot.build/Debug-watchos/Switchbot\ WatchKit\ Extension.build/assetcatalog_output/thinned --thinned-dependencies /Users/alextud/Library/Developer/Xcode/DerivedData/Switchbot-fiduwmqfacjatlgbvkmplcrtzqbj/Build/Intermediates.noindex/ArchiveIntermediates/Switchbot\ WatchKit\ App/IntermediateBuildFilesPath/Switchbot.build/Debug-watchos/Switchbot\ WatchKit\ Extension.build/assetcatalog_dependencies_thinned --thinned-info-plist-content /Users/alextud/Library/Developer/Xcode/DerivedData/Switchbot-fiduwmqfacjatlgbvkmplcrtzqbj/Build/Intermediates.noindex/ArchiveIntermediates/Switchbot\ WatchKit\ App/IntermediateBuildFilesPath/Switchbot.build/Debug-watchos/Switchbot\ WatchKit\ Extension.build/assetcatalog_generated_info.plist_thinned --unthinned /Users/alextud/Library/Developer/Xcode/DerivedData/Switchbot-fiduwmqfacjatlgbvkmplcrtzqbj/Build/Intermediates.noindex/ArchiveIntermediates/Switchbot\ WatchKit\ App/IntermediateBuildFilesPath/Switchbot.build/Debug-watchos/Switchbot\ WatchKit\ Extension.build/assetcatalog_output/unthinned --unthinned-dependencies /Users/alextud/Library/Developer/Xcode/DerivedData/Switchbot-fiduwmqfacjatlgbvkmplcrtzqbj/Build/Intermediates.noindex/ArchiveIntermediates/Switchbot\ WatchKit\ App/IntermediateBuildFilesPath/Switchbot.build/Debug-watchos/Switchbot\ WatchKit\ Extension.build/assetcatalog_dependencies_unthinned --unthinned-info-plist-content /Users/alextud/Library/Developer/Xcode/DerivedData/Switchbot-fiduwmqfacjatlgbvkmplcrtzqbj/Build/Intermediates.noindex/ArchiveIntermediates/Switchbot\ WatchKit\ App/IntermediateBuildFilesPath/Switchbot.build/Debug-watchos/Switchbot\ WatchKit\ Extension.build/assetcatalog_generated_info.plist_unthinned --output /Users/alextud/Library/Developer/Xcode/DerivedData/Switchbot-fiduwmqfacjatlgbvkmplcrtzqbj/Build/Intermediates.noindex/ArchiveIntermediates/Switchbot\ WatchKit\ App/IntermediateBuildFilesPath/UninstalledProducts/watchos/Switchbot\ WatchKit\ Extension.appex --plist-output /Users/alextud/Library/Developer/Xcode/DerivedData/Switchbot-fiduwmqfacjatlgbvkmplcrtzqbj/Build/Intermediates.noindex/ArchiveIntermediates/Switchbot\ WatchKit\ App/IntermediateBuildFilesPath/Switchbot.build/Debug-watchos/Switchbot\ WatchKit\ Extension.build/assetcatalog_generated_info.plist

ProcessInfoPlistFile /Users/alextud/Library/Developer/Xcode/DerivedData/Switchbot-fiduwmqfacjatlgbvkmplcrtzqbj/Build/Intermediates.noindex/ArchiveIntermediates/Switchbot\ WatchKit\ App/IntermediateBuildFilesPath/UninstalledProducts/watchos/Switchbot\ WatchKit\ Extension.appex/Info.plist /Users/alextud/projects/switchbot-watch/Switchbot\ WatchKit\ Extension/Info.plist (in target 'Switchbot WatchKit Extension' from project 'Switchbot')
    cd /Users/alextud/projects/switchbot-watch
    builtin-infoPlistUtility /Users/alextud/projects/switchbot-watch/Switchbot\ WatchKit\ Extension/Info.plist -producttype com.apple.product-type.watchkit2-extension -expandbuildsettings -format binary -platform watchos -additionalcontentfile /Users/alextud/Library/Developer/Xcode/DerivedData/Switchbot-fiduwmqfacjatlgbvkmplcrtzqbj/Build/Intermediates.noindex/ArchiveIntermediates/Switchbot\ WatchKit\ App/IntermediateBuildFilesPath/Switchbot.build/Debug-watchos/Switchbot\ WatchKit\ Extension.build/assetcatalog_generated_info.plist -o /Users/alextud/Library/Developer/Xcode/DerivedData/Switchbot-fiduwmqfacjatlgbvkmplcrtzqbj/Build/Intermediates.noindex/ArchiveIntermediates/Switchbot\ WatchKit\ App/IntermediateBuildFilesPath/UninstalledProducts/watchos/Switchbot\ WatchKit\ Extension.appex/Info.plist

SwiftDriver Switchbot\ WatchKit\ Extension normal arm64 com.apple.xcode.tools.swift.compiler (in target 'Switchbot WatchKit Extension' from project 'Switchbot')
    cd /Users/alextud/projects/switchbot-watch
    builtin-SwiftDriver -- /Applications/Xcode.app/Contents/Developer/Toolchains/XcodeDefault.xctoolchain/usr/bin/swiftc -module-name Switchbot_WatchKit_Extension -Onone -enforce-exclusivity\=checked @/Users/alextud/Library/Developer/Xcode/DerivedData/Switchbot-fiduwmqfacjatlgbvkmplcrtzqbj/Build/Intermediates.noindex/ArchiveIntermediates/Switchbot\ WatchKit\ App/IntermediateBuildFilesPath/Switchbot.build/Debug-watchos/Switchbot\ WatchKit\ Extension.build/Objects-normal/arm64/Switchbot\ WatchKit\ Extension.SwiftFileList -DDEBUG -enable-bare-slash-regex -enable-experimental-feature DebugDescriptionMacro -sdk /Applications/Xcode.app/Contents/Developer/Platforms/WatchOS.platform/Developer/SDKs/WatchOS26.2.sdk -target arm64-apple-watchos7.0 -g -module-cache-path /Users/alextud/Library/Developer/Xcode/DerivedData/ModuleCache.noindex -Xfrontend -serialize-debugging-options -application-extension -enable-testing -Xcc -D_LIBCPP_HARDENING_MODE\=_LIBCPP_HARDENING_MODE_DEBUG -swift-version 5 -I /Users/alextud/Library/Developer/Xcode/DerivedData/Switchbot-fiduwmqfacjatlgbvkmplcrtzqbj/Build/Intermediates.noindex/ArchiveIntermediates/Switchbot\ WatchKit\ App/BuildProductsPath/Debug-watchos -F /Users/alextud/Library/Developer/Xcode/DerivedData/Switchbot-fiduwmqfacjatlgbvkmplcrtzqbj/Build/Intermediates.noindex/ArchiveIntermediates/Switchbot\ WatchKit\ App/BuildProductsPath/Debug-watchos -c -j8 -enable-batch-mode -incremental -Xcc -ivfsstatcache -Xcc /Users/alextud/Library/Developer/Xcode/DerivedData/SDKStatCaches.noindex/watchos26.2-23S303-1abbb35d52aede1f27e3564e4e5a82d7.sdkstatcache -output-file-map /Users/alextud/Library/Developer/Xcode/DerivedData/Switchbot-fiduwmqfacjatlgbvkmplcrtzqbj/Build/Intermediates.noindex/ArchiveIntermediates/Switchbot\ WatchKit\ App/IntermediateBuildFilesPath/Switchbot.build/Debug-watchos/Switchbot\ WatchKit\ Extension.build/Objects-normal/arm64/Switchbot\ WatchKit\ Extension-OutputFileMap.json -use-frontend-parseable-output -save-temps -no-color-diagnostics -explicit-module-build -module-cache-path /Users/alextud/Library/Developer/Xcode/DerivedData/Switchbot-fiduwmqfacjatlgbvkmplcrtzqbj/Build/Intermediates.noindex/ArchiveIntermediates/Switchbot\ WatchKit\ App/IntermediateBuildFilesPath/SwiftExplicitPrecompiledModules -clang-scanner-module-cache-path /Users/alextud/Library/Developer/Xcode/DerivedData/ModuleCache.noindex -sdk-module-cache-path /Users/alextud/Library/Developer/Xcode/DerivedData/ModuleCache.noindex -serialize-diagnostics -emit-dependencies -emit-module -emit-module-path /Users/alextud/Library/Developer/Xcode/DerivedData/Switchbot-fiduwmqfacjatlgbvkmplcrtzqbj/Build/Intermediates.noindex/ArchiveIntermediates/Switchbot\ WatchKit\ App/IntermediateBuildFilesPath/Switchbot.build/Debug-watchos/Switchbot\ WatchKit\ Extension.build/Objects-normal/arm64/Switchbot_WatchKit_Extension.swiftmodule -validate-clang-modules-once -clang-build-session-file /Users/alextud/Library/Developer/Xcode/DerivedData/ModuleCache.noindex/Session.modulevalidation -Xcc -I/Users/alextud/Library/Developer/Xcode/DerivedData/Switchbot-fiduwmqfacjatlgbvkmplcrtzqbj/Build/Intermediates.noindex/ArchiveIntermediates/Switchbot\ WatchKit\ App/IntermediateBuildFilesPath/Switchbot.build/Debug-watchos/Switchbot\ WatchKit\ Extension.build/swift-overrides.hmap -emit-const-values -Xfrontend -const-gather-protocols-file -Xfrontend /Users/alextud/Library/Developer/Xcode/DerivedData/Switchbot-fiduwmqfacjatlgbvkmplcrtzqbj/Build/Intermediates.noindex/ArchiveIntermediates/Switchbot\ WatchKit\ App/IntermediateBuildFilesPath/Switchbot.build/Debug-watchos/Switchbot\ WatchKit\ Extension.build/Objects-normal/arm64/Switchbot\ WatchKit\ Extension_const_extract_protocols.json -Xcc -iquote -Xcc /Users/alextud/Library/Developer/Xcode/DerivedData/Switchbot-fiduwmqfacjatlgbvkmplcrtzqbj/Build/Intermediates.noindex/ArchiveIntermediates/Switchbot\ WatchKit\ App/IntermediateBuildFilesPath/Switchbot.build/Debug-watchos/Switchbot\ WatchKit\ Extension.build/Switchbot\ WatchKit\ Extension-generated-files.hmap -Xcc -I/Users/alextud/Library/Developer/Xcode/DerivedData/Switchbot-fiduwmqfacjatlgbvkmplcrtzqbj/Build/Intermediates.noindex/ArchiveIntermediates/Switchbot\ WatchKit\ App/IntermediateBuildFilesPath/Switchbot.build/Debug-watchos/Switchbot\ WatchKit\ Extension.build/Switchbot\ WatchKit\ Extension-own-target-headers.hmap -Xcc -I/Users/alextud/Library/Developer/Xcode/DerivedData/Switchbot-fiduwmqfacjatlgbvkmplcrtzqbj/Build/Intermediates.noindex/ArchiveIntermediates/Switchbot\ WatchKit\ App/IntermediateBuildFilesPath/Switchbot.build/Debug-watchos/Switchbot\ WatchKit\ Extension.build/Switchbot\ WatchKit\ Extension-all-target-headers.hmap -Xcc -iquote -Xcc /Users/alextud/Library/Developer/Xcode/DerivedData/Switchbot-fiduwmqfacjatlgbvkmplcrtzqbj/Build/Intermediates.noindex/ArchiveIntermediates/Switchbot\ WatchKit\ App/IntermediateBuildFilesPath/Switchbot.build/Debug-watchos/Switchbot\ WatchKit\ Extension.build/Switchbot\ WatchKit\ Extension-project-headers.hmap -Xcc -I/Users/alextud/Library/Developer/Xcode/DerivedData/Switchbot-fiduwmqfacjatlgbvkmplcrtzqbj/Build/Intermediates.noindex/ArchiveIntermediates/Switchbot\ WatchKit\ App/BuildProductsPath/Debug-watchos/include -Xcc -I/Users/alextud/Library/Developer/Xcode/DerivedData/Switchbot-fiduwmqfacjatlgbvkmplcrtzqbj/Build/Intermediates.noindex/ArchiveIntermediates/Switchbot\ WatchKit\ App/IntermediateBuildFilesPath/Switchbot.build/Debug-watchos/Switchbot\ WatchKit\ Extension.build/DerivedSources-normal/arm64 -Xcc -I/Users/alextud/Library/Developer/Xcode/DerivedData/Switchbot-fiduwmqfacjatlgbvkmplcrtzqbj/Build/Intermediates.noindex/ArchiveIntermediates/Switchbot\ WatchKit\ App/IntermediateBuildFilesPath/Switchbot.build/Debug-watchos/Switchbot\ WatchKit\ Extension.build/DerivedSources/arm64 -Xcc -I/Users/alextud/Library/Developer/Xcode/DerivedData/Switchbot-fiduwmqfacjatlgbvkmplcrtzqbj/Build/Intermediates.noindex/ArchiveIntermediates/Switchbot\ WatchKit\ App/IntermediateBuildFilesPath/Switchbot.build/Debug-watchos/Switchbot\ WatchKit\ Extension.build/DerivedSources -Xcc -DDEBUG\=1 -emit-objc-header -emit-objc-header-path /Users/alextud/Library/Developer/Xcode/DerivedData/Switchbot-fiduwmqfacjatlgbvkmplcrtzqbj/Build/Intermediates.noindex/ArchiveIntermediates/Switchbot\ WatchKit\ App/IntermediateBuildFilesPath/Switchbot.build/Debug-watchos/Switchbot\ WatchKit\ Extension.build/Objects-normal/arm64/Switchbot_WatchKit_Extension-Swift.h -working-directory /Users/alextud/projects/switchbot-watch -experimental-emit-module-separately -disable-cmo

SwiftDriver Switchbot\ WatchKit\ Extension normal arm64_32 com.apple.xcode.tools.swift.compiler (in target 'Switchbot WatchKit Extension' from project 'Switchbot')
    cd /Users/alextud/projects/switchbot-watch
    builtin-SwiftDriver -- /Applications/Xcode.app/Contents/Developer/Toolchains/XcodeDefault.xctoolchain/usr/bin/swiftc -module-name Switchbot_WatchKit_Extension -Onone -enforce-exclusivity\=checked @/Users/alextud/Library/Developer/Xcode/DerivedData/Switchbot-fiduwmqfacjatlgbvkmplcrtzqbj/Build/Intermediates.noindex/ArchiveIntermediates/Switchbot\ WatchKit\ App/IntermediateBuildFilesPath/Switchbot.build/Debug-watchos/Switchbot\ WatchKit\ Extension.build/Objects-normal/arm64_32/Switchbot\ WatchKit\ Extension.SwiftFileList -DDEBUG -enable-bare-slash-regex -enable-experimental-feature DebugDescriptionMacro -sdk /Applications/Xcode.app/Contents/Developer/Platforms/WatchOS.platform/Developer/SDKs/WatchOS26.2.sdk -target arm64_32-apple-watchos7.0 -g -module-cache-path /Users/alextud/Library/Developer/Xcode/DerivedData/ModuleCache.noindex -Xfrontend -serialize-debugging-options -application-extension -enable-testing -Xcc -D_LIBCPP_HARDENING_MODE\=_LIBCPP_HARDENING_MODE_DEBUG -swift-version 5 -I /Users/alextud/Library/Developer/Xcode/DerivedData/Switchbot-fiduwmqfacjatlgbvkmplcrtzqbj/Build/Intermediates.noindex/ArchiveIntermediates/Switchbot\ WatchKit\ App/BuildProductsPath/Debug-watchos -F /Users/alextud/Library/Developer/Xcode/DerivedData/Switchbot-fiduwmqfacjatlgbvkmplcrtzqbj/Build/Intermediates.noindex/ArchiveIntermediates/Switchbot\ WatchKit\ App/BuildProductsPath/Debug-watchos -c -j8 -enable-batch-mode -incremental -Xcc -ivfsstatcache -Xcc /Users/alextud/Library/Developer/Xcode/DerivedData/SDKStatCaches.noindex/watchos26.2-23S303-1abbb35d52aede1f27e3564e4e5a82d7.sdkstatcache -output-file-map /Users/alextud/Library/Developer/Xcode/DerivedData/Switchbot-fiduwmqfacjatlgbvkmplcrtzqbj/Build/Intermediates.noindex/ArchiveIntermediates/Switchbot\ WatchKit\ App/IntermediateBuildFilesPath/Switchbot.build/Debug-watchos/Switchbot\ WatchKit\ Extension.build/Objects-normal/arm64_32/Switchbot\ WatchKit\ Extension-OutputFileMap.json -use-frontend-parseable-output -save-temps -no-color-diagnostics -explicit-module-build -module-cache-path /Users/alextud/Library/Developer/Xcode/DerivedData/Switchbot-fiduwmqfacjatlgbvkmplcrtzqbj/Build/Intermediates.noindex/ArchiveIntermediates/Switchbot\ WatchKit\ App/IntermediateBuildFilesPath/SwiftExplicitPrecompiledModules -clang-scanner-module-cache-path /Users/alextud/Library/Developer/Xcode/DerivedData/ModuleCache.noindex -sdk-module-cache-path /Users/alextud/Library/Developer/Xcode/DerivedData/ModuleCache.noindex -serialize-diagnostics -emit-dependencies -emit-module -emit-module-path /Users/alextud/Library/Developer/Xcode/DerivedData/Switchbot-fiduwmqfacjatlgbvkmplcrtzqbj/Build/Intermediates.noindex/ArchiveIntermediates/Switchbot\ WatchKit\ App/IntermediateBuildFilesPath/Switchbot.build/Debug-watchos/Switchbot\ WatchKit\ Extension.build/Objects-normal/arm64_32/Switchbot_WatchKit_Extension.swiftmodule -validate-clang-modules-once -clang-build-session-file /Users/alextud/Library/Developer/Xcode/DerivedData/ModuleCache.noindex/Session.modulevalidation -Xcc -I/Users/alextud/Library/Developer/Xcode/DerivedData/Switchbot-fiduwmqfacjatlgbvkmplcrtzqbj/Build/Intermediates.noindex/ArchiveIntermediates/Switchbot\ WatchKit\ App/IntermediateBuildFilesPath/Switchbot.build/Debug-watchos/Switchbot\ WatchKit\ Extension.build/swift-overrides.hmap -emit-const-values -Xfrontend -const-gather-protocols-file -Xfrontend /Users/alextud/Library/Developer/Xcode/DerivedData/Switchbot-fiduwmqfacjatlgbvkmplcrtzqbj/Build/Intermediates.noindex/ArchiveIntermediates/Switchbot\ WatchKit\ App/IntermediateBuildFilesPath/Switchbot.build/Debug-watchos/Switchbot\ WatchKit\ Extension.build/Objects-normal/arm64_32/Switchbot\ WatchKit\ Extension_const_extract_protocols.json -Xcc -iquote -Xcc /Users/alextud/Library/Developer/Xcode/DerivedData/Switchbot-fiduwmqfacjatlgbvkmplcrtzqbj/Build/Intermediates.noindex/ArchiveIntermediates/Switchbot\ WatchKit\ App/IntermediateBuildFilesPath/Switchbot.build/Debug-watchos/Switchbot\ WatchKit\ Extension.build/Switchbot\ WatchKit\ Extension-generated-files.hmap -Xcc -I/Users/alextud/Library/Developer/Xcode/DerivedData/Switchbot-fiduwmqfacjatlgbvkmplcrtzqbj/Build/Intermediates.noindex/ArchiveIntermediates/Switchbot\ WatchKit\ App/IntermediateBuildFilesPath/Switchbot.build/Debug-watchos/Switchbot\ WatchKit\ Extension.build/Switchbot\ WatchKit\ Extension-own-target-headers.hmap -Xcc -I/Users/alextud/Library/Developer/Xcode/DerivedData/Switchbot-fiduwmqfacjatlgbvkmplcrtzqbj/Build/Intermediates.noindex/ArchiveIntermediates/Switchbot\ WatchKit\ App/IntermediateBuildFilesPath/Switchbot.build/Debug-watchos/Switchbot\ WatchKit\ Extension.build/Switchbot\ WatchKit\ Extension-all-target-headers.hmap -Xcc -iquote -Xcc /Users/alextud/Library/Developer/Xcode/DerivedData/Switchbot-fiduwmqfacjatlgbvkmplcrtzqbj/Build/Intermediates.noindex/ArchiveIntermediates/Switchbot\ WatchKit\ App/IntermediateBuildFilesPath/Switchbot.build/Debug-watchos/Switchbot\ WatchKit\ Extension.build/Switchbot\ WatchKit\ Extension-project-headers.hmap -Xcc -I/Users/alextud/Library/Developer/Xcode/DerivedData/Switchbot-fiduwmqfacjatlgbvkmplcrtzqbj/Build/Intermediates.noindex/ArchiveIntermediates/Switchbot\ WatchKit\ App/BuildProductsPath/Debug-watchos/include -Xcc -I/Users/alextud/Library/Developer/Xcode/DerivedData/Switchbot-fiduwmqfacjatlgbvkmplcrtzqbj/Build/Intermediates.noindex/ArchiveIntermediates/Switchbot\ WatchKit\ App/IntermediateBuildFilesPath/Switchbot.build/Debug-watchos/Switchbot\ WatchKit\ Extension.build/DerivedSources-normal/arm64_32 -Xcc -I/Users/alextud/Library/Developer/Xcode/DerivedData/Switchbot-fiduwmqfacjatlgbvkmplcrtzqbj/Build/Intermediates.noindex/ArchiveIntermediates/Switchbot\ WatchKit\ App/IntermediateBuildFilesPath/Switchbot.build/Debug-watchos/Switchbot\ WatchKit\ Extension.build/DerivedSources/arm64_32 -Xcc -I/Users/alextud/Library/Developer/Xcode/DerivedData/Switchbot-fiduwmqfacjatlgbvkmplcrtzqbj/Build/Intermediates.noindex/ArchiveIntermediates/Switchbot\ WatchKit\ App/IntermediateBuildFilesPath/Switchbot.build/Debug-watchos/Switchbot\ WatchKit\ Extension.build/DerivedSources -Xcc -DDEBUG\=1 -emit-objc-header -emit-objc-header-path /Users/alextud/Library/Developer/Xcode/DerivedData/Switchbot-fiduwmqfacjatlgbvkmplcrtzqbj/Build/Intermediates.noindex/ArchiveIntermediates/Switchbot\ WatchKit\ App/IntermediateBuildFilesPath/Switchbot.build/Debug-watchos/Switchbot\ WatchKit\ Extension.build/Objects-normal/arm64_32/Switchbot_WatchKit_Extension-Swift.h -working-directory /Users/alextud/projects/switchbot-watch -experimental-emit-module-separately -disable-cmo

SwiftDriver Switchbot\ WatchKit\ Extension normal armv7k com.apple.xcode.tools.swift.compiler (in target 'Switchbot WatchKit Extension' from project 'Switchbot')
    cd /Users/alextud/projects/switchbot-watch
    builtin-SwiftDriver -- /Applications/Xcode.app/Contents/Developer/Toolchains/XcodeDefault.xctoolchain/usr/bin/swiftc -module-name Switchbot_WatchKit_Extension -Onone -enforce-exclusivity\=checked @/Users/alextud/Library/Developer/Xcode/DerivedData/Switchbot-fiduwmqfacjatlgbvkmplcrtzqbj/Build/Intermediates.noindex/ArchiveIntermediates/Switchbot\ WatchKit\ App/IntermediateBuildFilesPath/Switchbot.build/Debug-watchos/Switchbot\ WatchKit\ Extension.build/Objects-normal/armv7k/Switchbot\ WatchKit\ Extension.SwiftFileList -DDEBUG -enable-bare-slash-regex -enable-experimental-feature DebugDescriptionMacro -sdk /Applications/Xcode.app/Contents/Developer/Platforms/WatchOS.platform/Developer/SDKs/WatchOS26.2.sdk -target armv7k-apple-watchos7.0 -g -module-cache-path /Users/alextud/Library/Developer/Xcode/DerivedData/ModuleCache.noindex -Xfrontend -serialize-debugging-options -application-extension -enable-testing -Xcc -D_LIBCPP_HARDENING_MODE\=_LIBCPP_HARDENING_MODE_DEBUG -swift-version 5 -I /Users/alextud/Library/Developer/Xcode/DerivedData/Switchbot-fiduwmqfacjatlgbvkmplcrtzqbj/Build/Intermediates.noindex/ArchiveIntermediates/Switchbot\ WatchKit\ App/BuildProductsPath/Debug-watchos -F /Users/alextud/Library/Developer/Xcode/DerivedData/Switchbot-fiduwmqfacjatlgbvkmplcrtzqbj/Build/Intermediates.noindex/ArchiveIntermediates/Switchbot\ WatchKit\ App/BuildProductsPath/Debug-watchos -c -j8 -enable-batch-mode -incremental -Xcc -ivfsstatcache -Xcc /Users/alextud/Library/Developer/Xcode/DerivedData/SDKStatCaches.noindex/watchos26.2-23S303-1abbb35d52aede1f27e3564e4e5a82d7.sdkstatcache -output-file-map /Users/alextud/Library/Developer/Xcode/DerivedData/Switchbot-fiduwmqfacjatlgbvkmplcrtzqbj/Build/Intermediates.noindex/ArchiveIntermediates/Switchbot\ WatchKit\ App/IntermediateBuildFilesPath/Switchbot.build/Debug-watchos/Switchbot\ WatchKit\ Extension.build/Objects-normal/armv7k/Switchbot\ WatchKit\ Extension-OutputFileMap.json -use-frontend-parseable-output -save-temps -no-color-diagnostics -explicit-module-build -module-cache-path /Users/alextud/Library/Developer/Xcode/DerivedData/Switchbot-fiduwmqfacjatlgbvkmplcrtzqbj/Build/Intermediates.noindex/ArchiveIntermediates/Switchbot\ WatchKit\ App/IntermediateBuildFilesPath/SwiftExplicitPrecompiledModules -clang-scanner-module-cache-path /Users/alextud/Library/Developer/Xcode/DerivedData/ModuleCache.noindex -sdk-module-cache-path /Users/alextud/Library/Developer/Xcode/DerivedData/ModuleCache.noindex -serialize-diagnostics -emit-dependencies -emit-module -emit-module-path /Users/alextud/Library/Developer/Xcode/DerivedData/Switchbot-fiduwmqfacjatlgbvkmplcrtzqbj/Build/Intermediates.noindex/ArchiveIntermediates/Switchbot\ WatchKit\ App/IntermediateBuildFilesPath/Switchbot.build/Debug-watchos/Switchbot\ WatchKit\ Extension.build/Objects-normal/armv7k/Switchbot_WatchKit_Extension.swiftmodule -validate-clang-modules-once -clang-build-session-file /Users/alextud/Library/Developer/Xcode/DerivedData/ModuleCache.noindex/Session.modulevalidation -Xcc -I/Users/alextud/Library/Developer/Xcode/DerivedData/Switchbot-fiduwmqfacjatlgbvkmplcrtzqbj/Build/Intermediates.noindex/ArchiveIntermediates/Switchbot\ WatchKit\ App/IntermediateBuildFilesPath/Switchbot.build/Debug-watchos/Switchbot\ WatchKit\ Extension.build/swift-overrides.hmap -emit-const-values -Xfrontend -const-gather-protocols-file -Xfrontend /Users/alextud/Library/Developer/Xcode/DerivedData/Switchbot-fiduwmqfacjatlgbvkmplcrtzqbj/Build/Intermediates.noindex/ArchiveIntermediates/Switchbot\ WatchKit\ App/IntermediateBuildFilesPath/Switchbot.build/Debug-watchos/Switchbot\ WatchKit\ Extension.build/Objects-normal/armv7k/Switchbot\ WatchKit\ Extension_const_extract_protocols.json -Xcc -iquote -Xcc /Users/alextud/Library/Developer/Xcode/DerivedData/Switchbot-fiduwmqfacjatlgbvkmplcrtzqbj/Build/Intermediates.noindex/ArchiveIntermediates/Switchbot\ WatchKit\ App/IntermediateBuildFilesPath/Switchbot.build/Debug-watchos/Switchbot\ WatchKit\ Extension.build/Switchbot\ WatchKit\ Extension-generated-files.hmap -Xcc -I/Users/alextud/Library/Developer/Xcode/DerivedData/Switchbot-fiduwmqfacjatlgbvkmplcrtzqbj/Build/Intermediates.noindex/ArchiveIntermediates/Switchbot\ WatchKit\ App/IntermediateBuildFilesPath/Switchbot.build/Debug-watchos/Switchbot\ WatchKit\ Extension.build/Switchbot\ WatchKit\ Extension-own-target-headers.hmap -Xcc -I/Users/alextud/Library/Developer/Xcode/DerivedData/Switchbot-fiduwmqfacjatlgbvkmplcrtzqbj/Build/Intermediates.noindex/ArchiveIntermediates/Switchbot\ WatchKit\ App/IntermediateBuildFilesPath/Switchbot.build/Debug-watchos/Switchbot\ WatchKit\ Extension.build/Switchbot\ WatchKit\ Extension-all-target-headers.hmap -Xcc -iquote -Xcc /Users/alextud/Library/Developer/Xcode/DerivedData/Switchbot-fiduwmqfacjatlgbvkmplcrtzqbj/Build/Intermediates.noindex/ArchiveIntermediates/Switchbot\ WatchKit\ App/IntermediateBuildFilesPath/Switchbot.build/Debug-watchos/Switchbot\ WatchKit\ Extension.build/Switchbot\ WatchKit\ Extension-project-headers.hmap -Xcc -I/Users/alextud/Library/Developer/Xcode/DerivedData/Switchbot-fiduwmqfacjatlgbvkmplcrtzqbj/Build/Intermediates.noindex/ArchiveIntermediates/Switchbot\ WatchKit\ App/BuildProductsPath/Debug-watchos/include -Xcc -I/Users/alextud/Library/Developer/Xcode/DerivedData/Switchbot-fiduwmqfacjatlgbvkmplcrtzqbj/Build/Intermediates.noindex/ArchiveIntermediates/Switchbot\ WatchKit\ App/IntermediateBuildFilesPath/Switchbot.build/Debug-watchos/Switchbot\ WatchKit\ Extension.build/DerivedSources-normal/armv7k -Xcc -I/Users/alextud/Library/Developer/Xcode/DerivedData/Switchbot-fiduwmqfacjatlgbvkmplcrtzqbj/Build/Intermediates.noindex/ArchiveIntermediates/Switchbot\ WatchKit\ App/IntermediateBuildFilesPath/Switchbot.build/Debug-watchos/Switchbot\ WatchKit\ Extension.build/DerivedSources/armv7k -Xcc -I/Users/alextud/Library/Developer/Xcode/DerivedData/Switchbot-fiduwmqfacjatlgbvkmplcrtzqbj/Build/Intermediates.noindex/ArchiveIntermediates/Switchbot\ WatchKit\ App/IntermediateBuildFilesPath/Switchbot.build/Debug-watchos/Switchbot\ WatchKit\ Extension.build/DerivedSources -Xcc -DDEBUG\=1 -emit-objc-header -emit-objc-header-path /Users/alextud/Library/Developer/Xcode/DerivedData/Switchbot-fiduwmqfacjatlgbvkmplcrtzqbj/Build/Intermediates.noindex/ArchiveIntermediates/Switchbot\ WatchKit\ App/IntermediateBuildFilesPath/Switchbot.build/Debug-watchos/Switchbot\ WatchKit\ Extension.build/Objects-normal/armv7k/Switchbot_WatchKit_Extension-Swift.h -working-directory /Users/alextud/projects/switchbot-watch -experimental-emit-module-separately -disable-cmo

SwiftCompile normal arm64 Compiling\ Switchbot.swift /Users/alextud/projects/switchbot-watch/Switchbot\ WatchKit\ Extension/Models/Switchbot.swift (in target 'Switchbot WatchKit Extension' from project 'Switchbot')

SwiftCompile normal arm64 /Users/alextud/projects/switchbot-watch/Switchbot\ WatchKit\ Extension/Models/Switchbot.swift (in target 'Switchbot WatchKit Extension' from project 'Switchbot')
    cd /Users/alextud/projects/switchbot-watch
    

SwiftCompile normal arm64 Compiling\ SwitchbotApp.swift /Users/alextud/projects/switchbot-watch/Switchbot\ WatchKit\ Extension/SwitchbotApp.swift (in target 'Switchbot WatchKit Extension' from project 'Switchbot')
SwiftCompile normal arm64 /Users/alextud/projects/switchbot-watch/Switchbot\ WatchKit\ Extension/SwitchbotApp.swift (in target 'Switchbot WatchKit Extension' from project 'Switchbot')
    cd /Users/alextud/projects/switchbot-watch
    

SwiftCompile normal arm64 Compiling\ SwithcbotView.swift /Users/alextud/projects/switchbot-watch/Switchbot\ WatchKit\ Extension/SwithcbotView.swift (in target 'Switchbot WatchKit Extension' from project 'Switchbot')

SwiftCompile normal arm64 /Users/alextud/projects/switchbot-watch/Switchbot\ WatchKit\ Extension/SwithcbotView.swift (in target 'Switchbot WatchKit Extension' from project 'Switchbot')
    cd /Users/alextud/projects/switchbot-watch
    

SwiftCompile normal arm64 Compiling\ BluetoothController.swift /Users/alextud/projects/switchbot-watch/Switchbot\ WatchKit\ Extension/Models/BluetoothController.swift (in target 'Switchbot WatchKit Extension' from project 'Switchbot')

SwiftCompile normal arm64 /Users/alextud/projects/switchbot-watch/Switchbot\ WatchKit\ Extension/Models/BluetoothController.swift (in target 'Switchbot WatchKit Extension' from project 'Switchbot')
    cd /Users/alextud/projects/switchbot-watch
    

SwiftCompile normal arm64 Compiling\ GeneratedAssetSymbols.swift /Users/alextud/Library/Developer/Xcode/DerivedData/Switchbot-fiduwmqfacjatlgbvkmplcrtzqbj/Build/Intermediates.noindex/ArchiveIntermediates/Switchbot\ WatchKit\ App/IntermediateBuildFilesPath/Switchbot.build/Debug-watchos/Switchbot\ WatchKit\ Extension.build/DerivedSources/GeneratedAssetSymbols.swift (in target 'Switchbot WatchKit Extension' from project 'Switchbot')

SwiftCompile normal arm64 /Users/alextud/Library/Developer/Xcode/DerivedData/Switchbot-fiduwmqfacjatlgbvkmplcrtzqbj/Build/Intermediates.noindex/ArchiveIntermediates/Switchbot\ WatchKit\ App/IntermediateBuildFilesPath/Switchbot.build/Debug-watchos/Switchbot\ WatchKit\ Extension.build/DerivedSources/GeneratedAssetSymbols.swift (in target 'Switchbot WatchKit Extension' from project 'Switchbot')
    cd /Users/alextud/projects/switchbot-watch
    

SwiftCompile normal arm64 Compiling\ String+Encoding.swift /Users/alextud/projects/switchbot-watch/Switchbot\ WatchKit\ Extension/Models/String+Encoding.swift (in target 'Switchbot WatchKit Extension' from project 'Switchbot')

SwiftCompile normal arm64 /Users/alextud/projects/switchbot-watch/Switchbot\ WatchKit\ Extension/Models/String+Encoding.swift (in target 'Switchbot WatchKit Extension' from project 'Switchbot')
    cd /Users/alextud/projects/switchbot-watch
    

SwiftCompile normal arm64 Compiling\ BotData.swift /Users/alextud/projects/switchbot-watch/Switchbot\ WatchKit\ Extension/Models/BotData.swift (in target 'Switchbot WatchKit Extension' from project 'Switchbot')

SwiftCompile normal arm64 /Users/alextud/projects/switchbot-watch/Switchbot\ WatchKit\ Extension/Models/BotData.swift (in target 'Switchbot WatchKit Extension' from project 'Switchbot')
    cd /Users/alextud/projects/switchbot-watch
    

SwiftEmitModule normal arm64 Emitting\ module\ for\ Switchbot_WatchKit_Extension (in target 'Switchbot WatchKit Extension' from project 'Switchbot')

EmitSwiftModule normal arm64 (in target 'Switchbot WatchKit Extension' from project 'Switchbot')
    cd /Users/alextud/projects/switchbot-watch
    

SwiftEmitModule normal arm64_32 Emitting\ module\ for\ Switchbot_WatchKit_Extension (in target 'Switchbot WatchKit Extension' from project 'Switchbot')
EmitSwiftModule normal arm64_32 (in target 'Switchbot WatchKit Extension' from project 'Switchbot')
    cd /Users/alextud/projects/switchbot-watch
    

SwiftDriverJobDiscovery normal arm64 Compiling BotData.swift (in target 'Switchbot WatchKit Extension' from project 'Switchbot')

SwiftEmitModule normal armv7k Emitting\ module\ for\ Switchbot_WatchKit_Extension (in target 'Switchbot WatchKit Extension' from project 'Switchbot')
EmitSwiftModule normal armv7k (in target 'Switchbot WatchKit Extension' from project 'Switchbot')
    cd /Users/alextud/projects/switchbot-watch
    

SwiftDriverJobDiscovery normal arm64 Compiling String+Encoding.swift (in target 'Switchbot WatchKit Extension' from project 'Switchbot')

SwiftCompile normal arm64_32 Compiling\ ComplicationController.swift /Users/alextud/projects/switchbot-watch/Switchbot\ WatchKit\ Extension/ComplicationController.swift (in target 'Switchbot WatchKit Extension' from project 'Switchbot')

SwiftCompile normal arm64_32 /Users/alextud/projects/switchbot-watch/Switchbot\ WatchKit\ Extension/ComplicationController.swift (in target 'Switchbot WatchKit Extension' from project 'Switchbot')
    cd /Users/alextud/projects/switchbot-watch
    

SwiftDriverJobDiscovery normal arm64 Emitting module for Switchbot_WatchKit_Extension (in target 'Switchbot WatchKit Extension' from project 'Switchbot')

SwiftDriver\ Compilation\ Requirements Switchbot\ WatchKit\ Extension normal arm64 com.apple.xcode.tools.swift.compiler (in target 'Switchbot WatchKit Extension' from project 'Switchbot')
    cd /Users/alextud/projects/switchbot-watch
    builtin-Swift-Compilation-Requirements -- /Applications/Xcode.app/Contents/Developer/Toolchains/XcodeDefault.xctoolchain/usr/bin/swiftc -module-name Switchbot_WatchKit_Extension -Onone -enforce-exclusivity\=checked @/Users/alextud/Library/Developer/Xcode/DerivedData/Switchbot-fiduwmqfacjatlgbvkmplcrtzqbj/Build/Intermediates.noindex/ArchiveIntermediates/Switchbot\ WatchKit\ App/IntermediateBuildFilesPath/Switchbot.build/Debug-watchos/Switchbot\ WatchKit\ Extension.build/Objects-normal/arm64/Switchbot\ WatchKit\ Extension.SwiftFileList -DDEBUG -enable-bare-slash-regex -enable-experimental-feature DebugDescriptionMacro -sdk /Applications/Xcode.app/Contents/Developer/Platforms/WatchOS.platform/Developer/SDKs/WatchOS26.2.sdk -target arm64-apple-watchos7.0 -g -module-cache-path /Users/alextud/Library/Developer/Xcode/DerivedData/ModuleCache.noindex -Xfrontend -serialize-debugging-options -application-extension -enable-testing -Xcc -D_LIBCPP_HARDENING_MODE\=_LIBCPP_HARDENING_MODE_DEBUG -swift-version 5 -I /Users/alextud/Library/Developer/Xcode/DerivedData/Switchbot-fiduwmqfacjatlgbvkmplcrtzqbj/Build/Intermediates.noindex/ArchiveIntermediates/Switchbot\ WatchKit\ App/BuildProductsPath/Debug-watchos -F /Users/alextud/Library/Developer/Xcode/DerivedData/Switchbot-fiduwmqfacjatlgbvkmplcrtzqbj/Build/Intermediates.noindex/ArchiveIntermediates/Switchbot\ WatchKit\ App/BuildProductsPath/Debug-watchos -c -j8 -enable-batch-mode -incremental -Xcc -ivfsstatcache -Xcc /Users/alextud/Library/Developer/Xcode/DerivedData/SDKStatCaches.noindex/watchos26.2-23S303-1abbb35d52aede1f27e3564e4e5a82d7.sdkstatcache -output-file-map /Users/alextud/Library/Developer/Xcode/DerivedData/Switchbot-fiduwmqfacjatlgbvkmplcrtzqbj/Build/Intermediates.noindex/ArchiveIntermediates/Switchbot\ WatchKit\ App/IntermediateBuildFilesPath/Switchbot.build/Debug-watchos/Switchbot\ WatchKit\ Extension.build/Objects-normal/arm64/Switchbot\ WatchKit\ Extension-OutputFileMap.json -use-frontend-parseable-output -save-temps -no-color-diagnostics -explicit-module-build -module-cache-path /Users/alextud/Library/Developer/Xcode/DerivedData/Switchbot-fiduwmqfacjatlgbvkmplcrtzqbj/Build/Intermediates.noindex/ArchiveIntermediates/Switchbot\ WatchKit\ App/IntermediateBuildFilesPath/SwiftExplicitPrecompiledModules -clang-scanner-module-cache-path /Users/alextud/Library/Developer/Xcode/DerivedData/ModuleCache.noindex -sdk-module-cache-path /Users/alextud/Library/Developer/Xcode/DerivedData/ModuleCache.noindex -serialize-diagnostics -emit-dependencies -emit-module -emit-module-path /Users/alextud/Library/Developer/Xcode/DerivedData/Switchbot-fiduwmqfacjatlgbvkmplcrtzqbj/Build/Intermediates.noindex/ArchiveIntermediates/Switchbot\ WatchKit\ App/IntermediateBuildFilesPath/Switchbot.build/Debug-watchos/Switchbot\ WatchKit\ Extension.build/Objects-normal/arm64/Switchbot_WatchKit_Extension.swiftmodule -validate-clang-modules-once -clang-build-session-file /Users/alextud/Library/Developer/Xcode/DerivedData/ModuleCache.noindex/Session.modulevalidation -Xcc -I/Users/alextud/Library/Developer/Xcode/DerivedData/Switchbot-fiduwmqfacjatlgbvkmplcrtzqbj/Build/Intermediates.noindex/ArchiveIntermediates/Switchbot\ WatchKit\ App/IntermediateBuildFilesPath/Switchbot.build/Debug-watchos/Switchbot\ WatchKit\ Extension.build/swift-overrides.hmap -emit-const-values -Xfrontend -const-gather-protocols-file -Xfrontend /Users/alextud/Library/Developer/Xcode/DerivedData/Switchbot-fiduwmqfacjatlgbvkmplcrtzqbj/Build/Intermediates.noindex/ArchiveIntermediates/Switchbot\ WatchKit\ App/IntermediateBuildFilesPath/Switchbot.build/Debug-watchos/Switchbot\ WatchKit\ Extension.build/Objects-normal/arm64/Switchbot\ WatchKit\ Extension_const_extract_protocols.json -Xcc -iquote -Xcc /Users/alextud/Library/Developer/Xcode/DerivedData/Switchbot-fiduwmqfacjatlgbvkmplcrtzqbj/Build/Intermediates.noindex/ArchiveIntermediates/Switchbot\ WatchKit\ App/IntermediateBuildFilesPath/Switchbot.build/Debug-watchos/Switchbot\ WatchKit\ Extension.build/Switchbot\ WatchKit\ Extension-generated-files.hmap -Xcc -I/Users/alextud/Library/Developer/Xcode/DerivedData/Switchbot-fiduwmqfacjatlgbvkmplcrtzqbj/Build/Intermediates.noindex/ArchiveIntermediates/Switchbot\ WatchKit\ App/IntermediateBuildFilesPath/Switchbot.build/Debug-watchos/Switchbot\ WatchKit\ Extension.build/Switchbot\ WatchKit\ Extension-own-target-headers.hmap -Xcc -I/Users/alextud/Library/Developer/Xcode/DerivedData/Switchbot-fiduwmqfacjatlgbvkmplcrtzqbj/Build/Intermediates.noindex/ArchiveIntermediates/Switchbot\ WatchKit\ App/IntermediateBuildFilesPath/Switchbot.build/Debug-watchos/Switchbot\ WatchKit\ Extension.build/Switchbot\ WatchKit\ Extension-all-target-headers.hmap -Xcc -iquote -Xcc /Users/alextud/Library/Developer/Xcode/DerivedData/Switchbot-fiduwmqfacjatlgbvkmplcrtzqbj/Build/Intermediates.noindex/ArchiveIntermediates/Switchbot\ WatchKit\ App/IntermediateBuildFilesPath/Switchbot.build/Debug-watchos/Switchbot\ WatchKit\ Extension.build/Switchbot\ WatchKit\ Extension-project-headers.hmap -Xcc -I/Users/alextud/Library/Developer/Xcode/DerivedData/Switchbot-fiduwmqfacjatlgbvkmplcrtzqbj/Build/Intermediates.noindex/ArchiveIntermediates/Switchbot\ WatchKit\ App/BuildProductsPath/Debug-watchos/include -Xcc -I/Users/alextud/Library/Developer/Xcode/DerivedData/Switchbot-fiduwmqfacjatlgbvkmplcrtzqbj/Build/Intermediates.noindex/ArchiveIntermediates/Switchbot\ WatchKit\ App/IntermediateBuildFilesPath/Switchbot.build/Debug-watchos/Switchbot\ WatchKit\ Extension.build/DerivedSources-normal/arm64 -Xcc -I/Users/alextud/Library/Developer/Xcode/DerivedData/Switchbot-fiduwmqfacjatlgbvkmplcrtzqbj/Build/Intermediates.noindex/ArchiveIntermediates/Switchbot\ WatchKit\ App/IntermediateBuildFilesPath/Switchbot.build/Debug-watchos/Switchbot\ WatchKit\ Extension.build/DerivedSources/arm64 -Xcc -I/Users/alextud/Library/Developer/Xcode/DerivedData/Switchbot-fiduwmqfacjatlgbvkmplcrtzqbj/Build/Intermediates.noindex/ArchiveIntermediates/Switchbot\ WatchKit\ App/IntermediateBuildFilesPath/Switchbot.build/Debug-watchos/Switchbot\ WatchKit\ Extension.build/DerivedSources -Xcc -DDEBUG\=1 -emit-objc-header -emit-objc-header-path /Users/alextud/Library/Developer/Xcode/DerivedData/Switchbot-fiduwmqfacjatlgbvkmplcrtzqbj/Build/Intermediates.noindex/ArchiveIntermediates/Switchbot\ WatchKit\ App/IntermediateBuildFilesPath/Switchbot.build/Debug-watchos/Switchbot\ WatchKit\ Extension.build/Objects-normal/arm64/Switchbot_WatchKit_Extension-Swift.h -working-directory /Users/alextud/projects/switchbot-watch -experimental-emit-module-separately -disable-cmo

SwiftDriverJobDiscovery normal arm64 Compiling SwithcbotView.swift (in target 'Switchbot WatchKit Extension' from project 'Switchbot')

SwiftCompile normal armv7k Compiling\ BluetoothController.swift /Users/alextud/projects/switchbot-watch/Switchbot\ WatchKit\ Extension/Models/BluetoothController.swift (in target 'Switchbot WatchKit Extension' from project 'Switchbot')
SwiftCompile normal armv7k /Users/alextud/projects/switchbot-watch/Switchbot\ WatchKit\ Extension/Models/BluetoothController.swift (in target 'Switchbot WatchKit Extension' from project 'Switchbot')
    cd /Users/alextud/projects/switchbot-watch
    

SwiftDriverJobDiscovery normal arm64 Compiling GeneratedAssetSymbols.swift (in target 'Switchbot WatchKit Extension' from project 'Switchbot')

Copy /Users/alextud/Library/Developer/Xcode/DerivedData/Switchbot-fiduwmqfacjatlgbvkmplcrtzqbj/Build/Intermediates.noindex/ArchiveIntermediates/Switchbot\ WatchKit\ App/BuildProductsPath/Debug-watchos/Switchbot_WatchKit_Extension.swiftmodule/arm64-apple-watchos.swiftmodule /Users/alextud/Library/Developer/Xcode/DerivedData/Switchbot-fiduwmqfacjatlgbvkmplcrtzqbj/Build/Intermediates.noindex/ArchiveIntermediates/Switchbot\ WatchKit\ App/IntermediateBuildFilesPath/Switchbot.build/Debug-watchos/Switchbot\ WatchKit\ Extension.build/Objects-normal/arm64/Switchbot_WatchKit_Extension.swiftmodule (in target 'Switchbot WatchKit Extension' from project 'Switchbot')
    cd /Users/alextud/projects/switchbot-watch
    builtin-copy -exclude .DS_Store -exclude CVS -exclude .svn -exclude .git -exclude .hg -resolve-src-symlinks -rename /Users/alextud/Library/Developer/Xcode/DerivedData/Switchbot-fiduwmqfacjatlgbvkmplcrtzqbj/Build/Intermediates.noindex/ArchiveIntermediates/Switchbot\ WatchKit\ App/IntermediateBuildFilesPath/Switchbot.build/Debug-watchos/Switchbot\ WatchKit\ Extension.build/Objects-normal/arm64/Switchbot_WatchKit_Extension.swiftmodule /Users/alextud/Library/Developer/Xcode/DerivedData/Switchbot-fiduwmqfacjatlgbvkmplcrtzqbj/Build/Intermediates.noindex/ArchiveIntermediates/Switchbot\ WatchKit\ App/BuildProductsPath/Debug-watchos/Switchbot_WatchKit_Extension.swiftmodule/arm64-apple-watchos.swiftmodule

Copy /Users/alextud/Library/Developer/Xcode/DerivedData/Switchbot-fiduwmqfacjatlgbvkmplcrtzqbj/Build/Intermediates.noindex/ArchiveIntermediates/Switchbot\ WatchKit\ App/BuildProductsPath/Debug-watchos/Switchbot_WatchKit_Extension.swiftmodule/arm64-apple-watchos.swiftdoc /Users/alextud/Library/Developer/Xcode/DerivedData/Switchbot-fiduwmqfacjatlgbvkmplcrtzqbj/Build/Intermediates.noindex/ArchiveIntermediates/Switchbot\ WatchKit\ App/IntermediateBuildFilesPath/Switchbot.build/Debug-watchos/Switchbot\ WatchKit\ Extension.build/Objects-normal/arm64/Switchbot_WatchKit_Extension.swiftdoc (in target 'Switchbot WatchKit Extension' from project 'Switchbot')
    cd /Users/alextud/projects/switchbot-watch
    builtin-copy -exclude .DS_Store -exclude CVS -exclude .svn -exclude .git -exclude .hg -resolve-src-symlinks -rename /Users/alextud/Library/Developer/Xcode/DerivedData/Switchbot-fiduwmqfacjatlgbvkmplcrtzqbj/Build/Intermediates.noindex/ArchiveIntermediates/Switchbot\ WatchKit\ App/IntermediateBuildFilesPath/Switchbot.build/Debug-watchos/Switchbot\ WatchKit\ Extension.build/Objects-normal/arm64/Switchbot_WatchKit_Extension.swiftdoc /Users/alextud/Library/Developer/Xcode/DerivedData/Switchbot-fiduwmqfacjatlgbvkmplcrtzqbj/Build/Intermediates.noindex/ArchiveIntermediates/Switchbot\ WatchKit\ App/BuildProductsPath/Debug-watchos/Switchbot_WatchKit_Extension.swiftmodule/arm64-apple-watchos.swiftdoc

Copy /Users/alextud/Library/Developer/Xcode/DerivedData/Switchbot-fiduwmqfacjatlgbvkmplcrtzqbj/Build/Intermediates.noindex/ArchiveIntermediates/Switchbot\ WatchKit\ App/BuildProductsPath/Debug-watchos/Switchbot_WatchKit_Extension.swiftmodule/arm64-apple-watchos.abi.json /Users/alextud/Library/Developer/Xcode/DerivedData/Switchbot-fiduwmqfacjatlgbvkmplcrtzqbj/Build/Intermediates.noindex/ArchiveIntermediates/Switchbot\ WatchKit\ App/IntermediateBuildFilesPath/Switchbot.build/Debug-watchos/Switchbot\ WatchKit\ Extension.build/Objects-normal/arm64/Switchbot_WatchKit_Extension.abi.json (in target 'Switchbot WatchKit Extension' from project 'Switchbot')
    cd /Users/alextud/projects/switchbot-watch
    builtin-copy -exclude .DS_Store -exclude CVS -exclude .svn -exclude .git -exclude .hg -resolve-src-symlinks -rename /Users/alextud/Library/Developer/Xcode/DerivedData/Switchbot-fiduwmqfacjatlgbvkmplcrtzqbj/Build/Intermediates.noindex/ArchiveIntermediates/Switchbot\ WatchKit\ App/IntermediateBuildFilesPath/Switchbot.build/Debug-watchos/Switchbot\ WatchKit\ Extension.build/Objects-normal/arm64/Switchbot_WatchKit_Extension.abi.json /Users/alextud/Library/Developer/Xcode/DerivedData/Switchbot-fiduwmqfacjatlgbvkmplcrtzqbj/Build/Intermediates.noindex/ArchiveIntermediates/Switchbot\ WatchKit\ App/BuildProductsPath/Debug-watchos/Switchbot_WatchKit_Extension.swiftmodule/arm64-apple-watchos.abi.json

SwiftCompile normal arm64_32 Compiling\ SwitchbotApp.swift /Users/alextud/projects/switchbot-watch/Switchbot\ WatchKit\ Extension/SwitchbotApp.swift (in target 'Switchbot WatchKit Extension' from project 'Switchbot')
SwiftCompile normal arm64_32 /Users/alextud/projects/switchbot-watch/Switchbot\ WatchKit\ Extension/SwitchbotApp.swift (in target 'Switchbot WatchKit Extension' from project 'Switchbot')
    cd /Users/alextud/projects/switchbot-watch
    

SwiftCompile normal armv7k Compiling\ Switchbot.swift /Users/alextud/projects/switchbot-watch/Switchbot\ WatchKit\ Extension/Models/Switchbot.swift (in target 'Switchbot WatchKit Extension' from project 'Switchbot')

SwiftCompile normal armv7k /Users/alextud/projects/switchbot-watch/Switchbot\ WatchKit\ Extension/Models/Switchbot.swift (in target 'Switchbot WatchKit Extension' from project 'Switchbot')
    cd /Users/alextud/projects/switchbot-watch
    

SwiftDriverJobDiscovery normal arm64 Compiling Switchbot.swift (in target 'Switchbot WatchKit Extension' from project 'Switchbot')

SwiftCompile normal armv7k Compiling\ GeneratedAssetSymbols.swift /Users/alextud/Library/Developer/Xcode/DerivedData/Switchbot-fiduwmqfacjatlgbvkmplcrtzqbj/Build/Intermediates.noindex/ArchiveIntermediates/Switchbot\ WatchKit\ App/IntermediateBuildFilesPath/Switchbot.build/Debug-watchos/Switchbot\ WatchKit\ Extension.build/DerivedSources/GeneratedAssetSymbols.swift (in target 'Switchbot WatchKit Extension' from project 'Switchbot')

SwiftCompile normal armv7k /Users/alextud/Library/Developer/Xcode/DerivedData/Switchbot-fiduwmqfacjatlgbvkmplcrtzqbj/Build/Intermediates.noindex/ArchiveIntermediates/Switchbot\ WatchKit\ App/IntermediateBuildFilesPath/Switchbot.build/Debug-watchos/Switchbot\ WatchKit\ Extension.build/DerivedSources/GeneratedAssetSymbols.swift (in target 'Switchbot WatchKit Extension' from project 'Switchbot')
    cd /Users/alextud/projects/switchbot-watch
    

SwiftDriverJobDiscovery normal arm64 Compiling BluetoothController.swift (in target 'Switchbot WatchKit Extension' from project 'Switchbot')

SwiftCompile normal armv7k Compiling\ SwitchbotApp.swift /Users/alextud/projects/switchbot-watch/Switchbot\ WatchKit\ Extension/SwitchbotApp.swift (in target 'Switchbot WatchKit Extension' from project 'Switchbot')
SwiftCompile normal armv7k /Users/alextud/projects/switchbot-watch/Switchbot\ WatchKit\ Extension/SwitchbotApp.swift (in target 'Switchbot WatchKit Extension' from project 'Switchbot')
    cd /Users/alextud/projects/switchbot-watch
    

SwiftDriverJobDiscovery normal arm64 Compiling SwitchbotApp.swift (in target 'Switchbot WatchKit Extension' from project 'Switchbot')

SwiftCompile normal arm64_32 Compiling\ SwithcbotView.swift /Users/alextud/projects/switchbot-watch/Switchbot\ WatchKit\ Extension/SwithcbotView.swift (in target 'Switchbot WatchKit Extension' from project 'Switchbot')

SwiftCompile normal arm64_32 /Users/alextud/projects/switchbot-watch/Switchbot\ WatchKit\ Extension/SwithcbotView.swift (in target 'Switchbot WatchKit Extension' from project 'Switchbot')
    cd /Users/alextud/projects/switchbot-watch
    

SwiftDriverJobDiscovery normal arm64_32 Compiling ComplicationController.swift (in target 'Switchbot WatchKit Extension' from project 'Switchbot')

SwiftCompile normal armv7k Compiling\ ComplicationController.swift /Users/alextud/projects/switchbot-watch/Switchbot\ WatchKit\ Extension/ComplicationController.swift (in target 'Switchbot WatchKit Extension' from project 'Switchbot')

SwiftCompile normal armv7k /Users/alextud/projects/switchbot-watch/Switchbot\ WatchKit\ Extension/ComplicationController.swift (in target 'Switchbot WatchKit Extension' from project 'Switchbot')
    cd /Users/alextud/projects/switchbot-watch
    

SwiftDriverJobDiscovery normal arm64_32 Emitting module for Switchbot_WatchKit_Extension (in target 'Switchbot WatchKit Extension' from project 'Switchbot')

SwiftDriver\ Compilation\ Requirements Switchbot\ WatchKit\ Extension normal arm64_32 com.apple.xcode.tools.swift.compiler (in target 'Switchbot WatchKit Extension' from project 'Switchbot')
    cd /Users/alextud/projects/switchbot-watch
    builtin-Swift-Compilation-Requirements -- /Applications/Xcode.app/Contents/Developer/Toolchains/XcodeDefault.xctoolchain/usr/bin/swiftc -module-name Switchbot_WatchKit_Extension -Onone -enforce-exclusivity\=checked @/Users/alextud/Library/Developer/Xcode/DerivedData/Switchbot-fiduwmqfacjatlgbvkmplcrtzqbj/Build/Intermediates.noindex/ArchiveIntermediates/Switchbot\ WatchKit\ App/IntermediateBuildFilesPath/Switchbot.build/Debug-watchos/Switchbot\ WatchKit\ Extension.build/Objects-normal/arm64_32/Switchbot\ WatchKit\ Extension.SwiftFileList -DDEBUG -enable-bare-slash-regex -enable-experimental-feature DebugDescriptionMacro -sdk /Applications/Xcode.app/Contents/Developer/Platforms/WatchOS.platform/Developer/SDKs/WatchOS26.2.sdk -target arm64_32-apple-watchos7.0 -g -module-cache-path /Users/alextud/Library/Developer/Xcode/DerivedData/ModuleCache.noindex -Xfrontend -serialize-debugging-options -application-extension -enable-testing -Xcc -D_LIBCPP_HARDENING_MODE\=_LIBCPP_HARDENING_MODE_DEBUG -swift-version 5 -I /Users/alextud/Library/Developer/Xcode/DerivedData/Switchbot-fiduwmqfacjatlgbvkmplcrtzqbj/Build/Intermediates.noindex/ArchiveIntermediates/Switchbot\ WatchKit\ App/BuildProductsPath/Debug-watchos -F /Users/alextud/Library/Developer/Xcode/DerivedData/Switchbot-fiduwmqfacjatlgbvkmplcrtzqbj/Build/Intermediates.noindex/ArchiveIntermediates/Switchbot\ WatchKit\ App/BuildProductsPath/Debug-watchos -c -j8 -enable-batch-mode -incremental -Xcc -ivfsstatcache -Xcc /Users/alextud/Library/Developer/Xcode/DerivedData/SDKStatCaches.noindex/watchos26.2-23S303-1abbb35d52aede1f27e3564e4e5a82d7.sdkstatcache -output-file-map /Users/alextud/Library/Developer/Xcode/DerivedData/Switchbot-fiduwmqfacjatlgbvkmplcrtzqbj/Build/Intermediates.noindex/ArchiveIntermediates/Switchbot\ WatchKit\ App/IntermediateBuildFilesPath/Switchbot.build/Debug-watchos/Switchbot\ WatchKit\ Extension.build/Objects-normal/arm64_32/Switchbot\ WatchKit\ Extension-OutputFileMap.json -use-frontend-parseable-output -save-temps -no-color-diagnostics -explicit-module-build -module-cache-path /Users/alextud/Library/Developer/Xcode/DerivedData/Switchbot-fiduwmqfacjatlgbvkmplcrtzqbj/Build/Intermediates.noindex/ArchiveIntermediates/Switchbot\ WatchKit\ App/IntermediateBuildFilesPath/SwiftExplicitPrecompiledModules -clang-scanner-module-cache-path /Users/alextud/Library/Developer/Xcode/DerivedData/ModuleCache.noindex -sdk-module-cache-path /Users/alextud/Library/Developer/Xcode/DerivedData/ModuleCache.noindex -serialize-diagnostics -emit-dependencies -emit-module -emit-module-path /Users/alextud/Library/Developer/Xcode/DerivedData/Switchbot-fiduwmqfacjatlgbvkmplcrtzqbj/Build/Intermediates.noindex/ArchiveIntermediates/Switchbot\ WatchKit\ App/IntermediateBuildFilesPath/Switchbot.build/Debug-watchos/Switchbot\ WatchKit\ Extension.build/Objects-normal/arm64_32/Switchbot_WatchKit_Extension.swiftmodule -validate-clang-modules-once -clang-build-session-file /Users/alextud/Library/Developer/Xcode/DerivedData/ModuleCache.noindex/Session.modulevalidation -Xcc -I/Users/alextud/Library/Developer/Xcode/DerivedData/Switchbot-fiduwmqfacjatlgbvkmplcrtzqbj/Build/Intermediates.noindex/ArchiveIntermediates/Switchbot\ WatchKit\ App/IntermediateBuildFilesPath/Switchbot.build/Debug-watchos/Switchbot\ WatchKit\ Extension.build/swift-overrides.hmap -emit-const-values -Xfrontend -const-gather-protocols-file -Xfrontend /Users/alextud/Library/Developer/Xcode/DerivedData/Switchbot-fiduwmqfacjatlgbvkmplcrtzqbj/Build/Intermediates.noindex/ArchiveIntermediates/Switchbot\ WatchKit\ App/IntermediateBuildFilesPath/Switchbot.build/Debug-watchos/Switchbot\ WatchKit\ Extension.build/Objects-normal/arm64_32/Switchbot\ WatchKit\ Extension_const_extract_protocols.json -Xcc -iquote -Xcc /Users/alextud/Library/Developer/Xcode/DerivedData/Switchbot-fiduwmqfacjatlgbvkmplcrtzqbj/Build/Intermediates.noindex/ArchiveIntermediates/Switchbot\ WatchKit\ App/IntermediateBuildFilesPath/Switchbot.build/Debug-watchos/Switchbot\ WatchKit\ Extension.build/Switchbot\ WatchKit\ Extension-generated-files.hmap -Xcc -I/Users/alextud/Library/Developer/Xcode/DerivedData/Switchbot-fiduwmqfacjatlgbvkmplcrtzqbj/Build/Intermediates.noindex/ArchiveIntermediates/Switchbot\ WatchKit\ App/IntermediateBuildFilesPath/Switchbot.build/Debug-watchos/Switchbot\ WatchKit\ Extension.build/Switchbot\ WatchKit\ Extension-own-target-headers.hmap -Xcc -I/Users/alextud/Library/Developer/Xcode/DerivedData/Switchbot-fiduwmqfacjatlgbvkmplcrtzqbj/Build/Intermediates.noindex/ArchiveIntermediates/Switchbot\ WatchKit\ App/IntermediateBuildFilesPath/Switchbot.build/Debug-watchos/Switchbot\ WatchKit\ Extension.build/Switchbot\ WatchKit\ Extension-all-target-headers.hmap -Xcc -iquote -Xcc /Users/alextud/Library/Developer/Xcode/DerivedData/Switchbot-fiduwmqfacjatlgbvkmplcrtzqbj/Build/Intermediates.noindex/ArchiveIntermediates/Switchbot\ WatchKit\ App/IntermediateBuildFilesPath/Switchbot.build/Debug-watchos/Switchbot\ WatchKit\ Extension.build/Switchbot\ WatchKit\ Extension-project-headers.hmap -Xcc -I/Users/alextud/Library/Developer/Xcode/DerivedData/Switchbot-fiduwmqfacjatlgbvkmplcrtzqbj/Build/Intermediates.noindex/ArchiveIntermediates/Switchbot\ WatchKit\ App/BuildProductsPath/Debug-watchos/include -Xcc -I/Users/alextud/Library/Developer/Xcode/DerivedData/Switchbot-fiduwmqfacjatlgbvkmplcrtzqbj/Build/Intermediates.noindex/ArchiveIntermediates/Switchbot\ WatchKit\ App/IntermediateBuildFilesPath/Switchbot.build/Debug-watchos/Switchbot\ WatchKit\ Extension.build/DerivedSources-normal/arm64_32 -Xcc -I/Users/alextud/Library/Developer/Xcode/DerivedData/Switchbot-fiduwmqfacjatlgbvkmplcrtzqbj/Build/Intermediates.noindex/ArchiveIntermediates/Switchbot\ WatchKit\ App/IntermediateBuildFilesPath/Switchbot.build/Debug-watchos/Switchbot\ WatchKit\ Extension.build/DerivedSources/arm64_32 -Xcc -I/Users/alextud/Library/Developer/Xcode/DerivedData/Switchbot-fiduwmqfacjatlgbvkmplcrtzqbj/Build/Intermediates.noindex/ArchiveIntermediates/Switchbot\ WatchKit\ App/IntermediateBuildFilesPath/Switchbot.build/Debug-watchos/Switchbot\ WatchKit\ Extension.build/DerivedSources -Xcc -DDEBUG\=1 -emit-objc-header -emit-objc-header-path /Users/alextud/Library/Developer/Xcode/DerivedData/Switchbot-fiduwmqfacjatlgbvkmplcrtzqbj/Build/Intermediates.noindex/ArchiveIntermediates/Switchbot\ WatchKit\ App/IntermediateBuildFilesPath/Switchbot.build/Debug-watchos/Switchbot\ WatchKit\ Extension.build/Objects-normal/arm64_32/Switchbot_WatchKit_Extension-Swift.h -working-directory /Users/alextud/projects/switchbot-watch -experimental-emit-module-separately -disable-cmo

SwiftDriverJobDiscovery normal armv7k Emitting module for Switchbot_WatchKit_Extension (in target 'Switchbot WatchKit Extension' from project 'Switchbot')

SwiftDriver\ Compilation\ Requirements Switchbot\ WatchKit\ Extension normal armv7k com.apple.xcode.tools.swift.compiler (in target 'Switchbot WatchKit Extension' from project 'Switchbot')
    cd /Users/alextud/projects/switchbot-watch
    builtin-Swift-Compilation-Requirements -- /Applications/Xcode.app/Contents/Developer/Toolchains/XcodeDefault.xctoolchain/usr/bin/swiftc -module-name Switchbot_WatchKit_Extension -Onone -enforce-exclusivity\=checked @/Users/alextud/Library/Developer/Xcode/DerivedData/Switchbot-fiduwmqfacjatlgbvkmplcrtzqbj/Build/Intermediates.noindex/ArchiveIntermediates/Switchbot\ WatchKit\ App/IntermediateBuildFilesPath/Switchbot.build/Debug-watchos/Switchbot\ WatchKit\ Extension.build/Objects-normal/armv7k/Switchbot\ WatchKit\ Extension.SwiftFileList -DDEBUG -enable-bare-slash-regex -enable-experimental-feature DebugDescriptionMacro -sdk /Applications/Xcode.app/Contents/Developer/Platforms/WatchOS.platform/Developer/SDKs/WatchOS26.2.sdk -target armv7k-apple-watchos7.0 -g -module-cache-path /Users/alextud/Library/Developer/Xcode/DerivedData/ModuleCache.noindex -Xfrontend -serialize-debugging-options -application-extension -enable-testing -Xcc -D_LIBCPP_HARDENING_MODE\=_LIBCPP_HARDENING_MODE_DEBUG -swift-version 5 -I /Users/alextud/Library/Developer/Xcode/DerivedData/Switchbot-fiduwmqfacjatlgbvkmplcrtzqbj/Build/Intermediates.noindex/ArchiveIntermediates/Switchbot\ WatchKit\ App/BuildProductsPath/Debug-watchos -F /Users/alextud/Library/Developer/Xcode/DerivedData/Switchbot-fiduwmqfacjatlgbvkmplcrtzqbj/Build/Intermediates.noindex/ArchiveIntermediates/Switchbot\ WatchKit\ App/BuildProductsPath/Debug-watchos -c -j8 -enable-batch-mode -incremental -Xcc -ivfsstatcache -Xcc /Users/alextud/Library/Developer/Xcode/DerivedData/SDKStatCaches.noindex/watchos26.2-23S303-1abbb35d52aede1f27e3564e4e5a82d7.sdkstatcache -output-file-map /Users/alextud/Library/Developer/Xcode/DerivedData/Switchbot-fiduwmqfacjatlgbvkmplcrtzqbj/Build/Intermediates.noindex/ArchiveIntermediates/Switchbot\ WatchKit\ App/IntermediateBuildFilesPath/Switchbot.build/Debug-watchos/Switchbot\ WatchKit\ Extension.build/Objects-normal/armv7k/Switchbot\ WatchKit\ Extension-OutputFileMap.json -use-frontend-parseable-output -save-temps -no-color-diagnostics -explicit-module-build -module-cache-path /Users/alextud/Library/Developer/Xcode/DerivedData/Switchbot-fiduwmqfacjatlgbvkmplcrtzqbj/Build/Intermediates.noindex/ArchiveIntermediates/Switchbot\ WatchKit\ App/IntermediateBuildFilesPath/SwiftExplicitPrecompiledModules -clang-scanner-module-cache-path /Users/alextud/Library/Developer/Xcode/DerivedData/ModuleCache.noindex -sdk-module-cache-path /Users/alextud/Library/Developer/Xcode/DerivedData/ModuleCache.noindex -serialize-diagnostics -emit-dependencies -emit-module -emit-module-path /Users/alextud/Library/Developer/Xcode/DerivedData/Switchbot-fiduwmqfacjatlgbvkmplcrtzqbj/Build/Intermediates.noindex/ArchiveIntermediates/Switchbot\ WatchKit\ App/IntermediateBuildFilesPath/Switchbot.build/Debug-watchos/Switchbot\ WatchKit\ Extension.build/Objects-normal/armv7k/Switchbot_WatchKit_Extension.swiftmodule -validate-clang-modules-once -clang-build-session-file /Users/alextud/Library/Developer/Xcode/DerivedData/ModuleCache.noindex/Session.modulevalidation -Xcc -I/Users/alextud/Library/Developer/Xcode/DerivedData/Switchbot-fiduwmqfacjatlgbvkmplcrtzqbj/Build/Intermediates.noindex/ArchiveIntermediates/Switchbot\ WatchKit\ App/IntermediateBuildFilesPath/Switchbot.build/Debug-watchos/Switchbot\ WatchKit\ Extension.build/swift-overrides.hmap -emit-const-values -Xfrontend -const-gather-protocols-file -Xfrontend /Users/alextud/Library/Developer/Xcode/DerivedData/Switchbot-fiduwmqfacjatlgbvkmplcrtzqbj/Build/Intermediates.noindex/ArchiveIntermediates/Switchbot\ WatchKit\ App/IntermediateBuildFilesPath/Switchbot.build/Debug-watchos/Switchbot\ WatchKit\ Extension.build/Objects-normal/armv7k/Switchbot\ WatchKit\ Extension_const_extract_protocols.json -Xcc -iquote -Xcc /Users/alextud/Library/Developer/Xcode/DerivedData/Switchbot-fiduwmqfacjatlgbvkmplcrtzqbj/Build/Intermediates.noindex/ArchiveIntermediates/Switchbot\ WatchKit\ App/IntermediateBuildFilesPath/Switchbot.build/Debug-watchos/Switchbot\ WatchKit\ Extension.build/Switchbot\ WatchKit\ Extension-generated-files.hmap -Xcc -I/Users/alextud/Library/Developer/Xcode/DerivedData/Switchbot-fiduwmqfacjatlgbvkmplcrtzqbj/Build/Intermediates.noindex/ArchiveIntermediates/Switchbot\ WatchKit\ App/IntermediateBuildFilesPath/Switchbot.build/Debug-watchos/Switchbot\ WatchKit\ Extension.build/Switchbot\ WatchKit\ Extension-own-target-headers.hmap -Xcc -I/Users/alextud/Library/Developer/Xcode/DerivedData/Switchbot-fiduwmqfacjatlgbvkmplcrtzqbj/Build/Intermediates.noindex/ArchiveIntermediates/Switchbot\ WatchKit\ App/IntermediateBuildFilesPath/Switchbot.build/Debug-watchos/Switchbot\ WatchKit\ Extension.build/Switchbot\ WatchKit\ Extension-all-target-headers.hmap -Xcc -iquote -Xcc /Users/alextud/Library/Developer/Xcode/DerivedData/Switchbot-fiduwmqfacjatlgbvkmplcrtzqbj/Build/Intermediates.noindex/ArchiveIntermediates/Switchbot\ WatchKit\ App/IntermediateBuildFilesPath/Switchbot.build/Debug-watchos/Switchbot\ WatchKit\ Extension.build/Switchbot\ WatchKit\ Extension-project-headers.hmap -Xcc -I/Users/alextud/Library/Developer/Xcode/DerivedData/Switchbot-fiduwmqfacjatlgbvkmplcrtzqbj/Build/Intermediates.noindex/ArchiveIntermediates/Switchbot\ WatchKit\ App/BuildProductsPath/Debug-watchos/include -Xcc -I/Users/alextud/Library/Developer/Xcode/DerivedData/Switchbot-fiduwmqfacjatlgbvkmplcrtzqbj/Build/Intermediates.noindex/ArchiveIntermediates/Switchbot\ WatchKit\ App/IntermediateBuildFilesPath/Switchbot.build/Debug-watchos/Switchbot\ WatchKit\ Extension.build/DerivedSources-normal/armv7k -Xcc -I/Users/alextud/Library/Developer/Xcode/DerivedData/Switchbot-fiduwmqfacjatlgbvkmplcrtzqbj/Build/Intermediates.noindex/ArchiveIntermediates/Switchbot\ WatchKit\ App/IntermediateBuildFilesPath/Switchbot.build/Debug-watchos/Switchbot\ WatchKit\ Extension.build/DerivedSources/armv7k -Xcc -I/Users/alextud/Library/Developer/Xcode/DerivedData/Switchbot-fiduwmqfacjatlgbvkmplcrtzqbj/Build/Intermediates.noindex/ArchiveIntermediates/Switchbot\ WatchKit\ App/IntermediateBuildFilesPath/Switchbot.build/Debug-watchos/Switchbot\ WatchKit\ Extension.build/DerivedSources -Xcc -DDEBUG\=1 -emit-objc-header -emit-objc-header-path /Users/alextud/Library/Developer/Xcode/DerivedData/Switchbot-fiduwmqfacjatlgbvkmplcrtzqbj/Build/Intermediates.noindex/ArchiveIntermediates/Switchbot\ WatchKit\ App/IntermediateBuildFilesPath/Switchbot.build/Debug-watchos/Switchbot\ WatchKit\ Extension.build/Objects-normal/armv7k/Switchbot_WatchKit_Extension-Swift.h -working-directory /Users/alextud/projects/switchbot-watch -experimental-emit-module-separately -disable-cmo

SwiftCompile normal arm64_32 Compiling\ BluetoothController.swift /Users/alextud/projects/switchbot-watch/Switchbot\ WatchKit\ Extension/Models/BluetoothController.swift (in target 'Switchbot WatchKit Extension' from project 'Switchbot')
SwiftCompile normal arm64_32 /Users/alextud/projects/switchbot-watch/Switchbot\ WatchKit\ Extension/Models/BluetoothController.swift (in target 'Switchbot WatchKit Extension' from project 'Switchbot')
    cd /Users/alextud/projects/switchbot-watch
    

SwiftMergeGeneratedHeaders /Users/alextud/Library/Developer/Xcode/DerivedData/Switchbot-fiduwmqfacjatlgbvkmplcrtzqbj/Build/Intermediates.noindex/ArchiveIntermediates/Switchbot\ WatchKit\ App/IntermediateBuildFilesPath/Switchbot.build/Debug-watchos/Switchbot\ WatchKit\ Extension.build/DerivedSources/Switchbot_WatchKit_Extension-Swift.h /Users/alextud/Library/Developer/Xcode/DerivedData/Switchbot-fiduwmqfacjatlgbvkmplcrtzqbj/Build/Intermediates.noindex/ArchiveIntermediates/Switchbot\ WatchKit\ App/IntermediateBuildFilesPath/Switchbot.build/Debug-watchos/Switchbot\ WatchKit\ Extension.build/Objects-normal/arm64/Switchbot_WatchKit_Extension-Swift.h /Users/alextud/Library/Developer/Xcode/DerivedData/Switchbot-fiduwmqfacjatlgbvkmplcrtzqbj/Build/Intermediates.noindex/ArchiveIntermediates/Switchbot\ WatchKit\ App/IntermediateBuildFilesPath/Switchbot.build/Debug-watchos/Switchbot\ WatchKit\ Extension.build/Objects-normal/arm64_32/Switchbot_WatchKit_Extension-Swift.h /Users/alextud/Library/Developer/Xcode/DerivedData/Switchbot-fiduwmqfacjatlgbvkmplcrtzqbj/Build/Intermediates.noindex/ArchiveIntermediates/Switchbot\ WatchKit\ App/IntermediateBuildFilesPath/Switchbot.build/Debug-watchos/Switchbot\ WatchKit\ Extension.build/Objects-normal/armv7k/Switchbot_WatchKit_Extension-Swift.h (in target 'Switchbot WatchKit Extension' from project 'Switchbot')
    cd /Users/alextud/projects/switchbot-watch
    builtin-swiftHeaderTool -arch arm64 /Users/alextud/Library/Developer/Xcode/DerivedData/Switchbot-fiduwmqfacjatlgbvkmplcrtzqbj/Build/Intermediates.noindex/ArchiveIntermediates/Switchbot\ WatchKit\ App/IntermediateBuildFilesPath/Switchbot.build/Debug-watchos/Switchbot\ WatchKit\ Extension.build/Objects-normal/arm64/Switchbot_WatchKit_Extension-Swift.h -arch arm64_32 /Users/alextud/Library/Developer/Xcode/DerivedData/Switchbot-fiduwmqfacjatlgbvkmplcrtzqbj/Build/Intermediates.noindex/ArchiveIntermediates/Switchbot\ WatchKit\ App/IntermediateBuildFilesPath/Switchbot.build/Debug-watchos/Switchbot\ WatchKit\ Extension.build/Objects-normal/arm64_32/Switchbot_WatchKit_Extension-Swift.h -arch armv7k /Users/alextud/Library/Developer/Xcode/DerivedData/Switchbot-fiduwmqfacjatlgbvkmplcrtzqbj/Build/Intermediates.noindex/ArchiveIntermediates/Switchbot\ WatchKit\ App/IntermediateBuildFilesPath/Switchbot.build/Debug-watchos/Switchbot\ WatchKit\ Extension.build/Objects-normal/armv7k/Switchbot_WatchKit_Extension-Swift.h -o /Users/alextud/Library/Developer/Xcode/DerivedData/Switchbot-fiduwmqfacjatlgbvkmplcrtzqbj/Build/Intermediates.noindex/ArchiveIntermediates/Switchbot\ WatchKit\ App/IntermediateBuildFilesPath/Switchbot.build/Debug-watchos/Switchbot\ WatchKit\ Extension.build/DerivedSources/Switchbot_WatchKit_Extension-Swift.h

SwiftDriverJobDiscovery normal armv7k Compiling GeneratedAssetSymbols.swift (in target 'Switchbot WatchKit Extension' from project 'Switchbot')

Copy /Users/alextud/Library/Developer/Xcode/DerivedData/Switchbot-fiduwmqfacjatlgbvkmplcrtzqbj/Build/Intermediates.noindex/ArchiveIntermediates/Switchbot\ WatchKit\ App/BuildProductsPath/Debug-watchos/Switchbot_WatchKit_Extension.swiftmodule/armv7k-apple-watchos.swiftmodule /Users/alextud/Library/Developer/Xcode/DerivedData/Switchbot-fiduwmqfacjatlgbvkmplcrtzqbj/Build/Intermediates.noindex/ArchiveIntermediates/Switchbot\ WatchKit\ App/IntermediateBuildFilesPath/Switchbot.build/Debug-watchos/Switchbot\ WatchKit\ Extension.build/Objects-normal/armv7k/Switchbot_WatchKit_Extension.swiftmodule (in target 'Switchbot WatchKit Extension' from project 'Switchbot')
    cd /Users/alextud/projects/switchbot-watch
    builtin-copy -exclude .DS_Store -exclude CVS -exclude .svn -exclude .git -exclude .hg -resolve-src-symlinks -rename /Users/alextud/Library/Developer/Xcode/DerivedData/Switchbot-fiduwmqfacjatlgbvkmplcrtzqbj/Build/Intermediates.noindex/ArchiveIntermediates/Switchbot\ WatchKit\ App/IntermediateBuildFilesPath/Switchbot.build/Debug-watchos/Switchbot\ WatchKit\ Extension.build/Objects-normal/armv7k/Switchbot_WatchKit_Extension.swiftmodule /Users/alextud/Library/Developer/Xcode/DerivedData/Switchbot-fiduwmqfacjatlgbvkmplcrtzqbj/Build/Intermediates.noindex/ArchiveIntermediates/Switchbot\ WatchKit\ App/BuildProductsPath/Debug-watchos/Switchbot_WatchKit_Extension.swiftmodule/armv7k-apple-watchos.swiftmodule

Copy /Users/alextud/Library/Developer/Xcode/DerivedData/Switchbot-fiduwmqfacjatlgbvkmplcrtzqbj/Build/Intermediates.noindex/ArchiveIntermediates/Switchbot\ WatchKit\ App/BuildProductsPath/Debug-watchos/Switchbot_WatchKit_Extension.swiftmodule/armv7k-apple-watchos.swiftdoc /Users/alextud/Library/Developer/Xcode/DerivedData/Switchbot-fiduwmqfacjatlgbvkmplcrtzqbj/Build/Intermediates.noindex/ArchiveIntermediates/Switchbot\ WatchKit\ App/IntermediateBuildFilesPath/Switchbot.build/Debug-watchos/Switchbot\ WatchKit\ Extension.build/Objects-normal/armv7k/Switchbot_WatchKit_Extension.swiftdoc (in target 'Switchbot WatchKit Extension' from project 'Switchbot')
    cd /Users/alextud/projects/switchbot-watch
    builtin-copy -exclude .DS_Store -exclude CVS -exclude .svn -exclude .git -exclude .hg -resolve-src-symlinks -rename /Users/alextud/Library/Developer/Xcode/DerivedData/Switchbot-fiduwmqfacjatlgbvkmplcrtzqbj/Build/Intermediates.noindex/ArchiveIntermediates/Switchbot\ WatchKit\ App/IntermediateBuildFilesPath/Switchbot.build/Debug-watchos/Switchbot\ WatchKit\ Extension.build/Objects-normal/armv7k/Switchbot_WatchKit_Extension.swiftdoc /Users/alextud/Library/Developer/Xcode/DerivedData/Switchbot-fiduwmqfacjatlgbvkmplcrtzqbj/Build/Intermediates.noindex/ArchiveIntermediates/Switchbot\ WatchKit\ App/BuildProductsPath/Debug-watchos/Switchbot_WatchKit_Extension.swiftmodule/armv7k-apple-watchos.swiftdoc

Copy /Users/alextud/Library/Developer/Xcode/DerivedData/Switchbot-fiduwmqfacjatlgbvkmplcrtzqbj/Build/Intermediates.noindex/ArchiveIntermediates/Switchbot\ WatchKit\ App/BuildProductsPath/Debug-watchos/Switchbot_WatchKit_Extension.swiftmodule/armv7k-apple-watchos.abi.json /Users/alextud/Library/Developer/Xcode/DerivedData/Switchbot-fiduwmqfacjatlgbvkmplcrtzqbj/Build/Intermediates.noindex/ArchiveIntermediates/Switchbot\ WatchKit\ App/IntermediateBuildFilesPath/Switchbot.build/Debug-watchos/Switchbot\ WatchKit\ Extension.build/Objects-normal/armv7k/Switchbot_WatchKit_Extension.abi.json (in target 'Switchbot WatchKit Extension' from project 'Switchbot')
    cd /Users/alextud/projects/switchbot-watch
    builtin-copy -exclude .DS_Store -exclude CVS -exclude .svn -exclude .git -exclude .hg -resolve-src-symlinks -rename /Users/alextud/Library/Developer/Xcode/DerivedData/Switchbot-fiduwmqfacjatlgbvkmplcrtzqbj/Build/Intermediates.noindex/ArchiveIntermediates/Switchbot\ WatchKit\ App/IntermediateBuildFilesPath/Switchbot.build/Debug-watchos/Switchbot\ WatchKit\ Extension.build/Objects-normal/armv7k/Switchbot_WatchKit_Extension.abi.json /Users/alextud/Library/Developer/Xcode/DerivedData/Switchbot-fiduwmqfacjatlgbvkmplcrtzqbj/Build/Intermediates.noindex/ArchiveIntermediates/Switchbot\ WatchKit\ App/BuildProductsPath/Debug-watchos/Switchbot_WatchKit_Extension.swiftmodule/armv7k-apple-watchos.abi.json

Copy /Users/alextud/Library/Developer/Xcode/DerivedData/Switchbot-fiduwmqfacjatlgbvkmplcrtzqbj/Build/Intermediates.noindex/ArchiveIntermediates/Switchbot\ WatchKit\ App/BuildProductsPath/Debug-watchos/Switchbot_WatchKit_Extension.swiftmodule/arm64_32-apple-watchos.swiftmodule /Users/alextud/Library/Developer/Xcode/DerivedData/Switchbot-fiduwmqfacjatlgbvkmplcrtzqbj/Build/Intermediates.noindex/ArchiveIntermediates/Switchbot\ WatchKit\ App/IntermediateBuildFilesPath/Switchbot.build/Debug-watchos/Switchbot\ WatchKit\ Extension.build/Objects-normal/arm64_32/Switchbot_WatchKit_Extension.swiftmodule (in target 'Switchbot WatchKit Extension' from project 'Switchbot')
    cd /Users/alextud/projects/switchbot-watch
    builtin-copy -exclude .DS_Store -exclude CVS -exclude .svn -exclude .git -exclude .hg -resolve-src-symlinks -rename /Users/alextud/Library/Developer/Xcode/DerivedData/Switchbot-fiduwmqfacjatlgbvkmplcrtzqbj/Build/Intermediates.noindex/ArchiveIntermediates/Switchbot\ WatchKit\ App/IntermediateBuildFilesPath/Switchbot.build/Debug-watchos/Switchbot\ WatchKit\ Extension.build/Objects-normal/arm64_32/Switchbot_WatchKit_Extension.swiftmodule /Users/alextud/Library/Developer/Xcode/DerivedData/Switchbot-fiduwmqfacjatlgbvkmplcrtzqbj/Build/Intermediates.noindex/ArchiveIntermediates/Switchbot\ WatchKit\ App/BuildProductsPath/Debug-watchos/Switchbot_WatchKit_Extension.swiftmodule/arm64_32-apple-watchos.swiftmodule

Copy /Users/alextud/Library/Developer/Xcode/DerivedData/Switchbot-fiduwmqfacjatlgbvkmplcrtzqbj/Build/Intermediates.noindex/ArchiveIntermediates/Switchbot\ WatchKit\ App/BuildProductsPath/Debug-watchos/Switchbot_WatchKit_Extension.swiftmodule/arm64_32-apple-watchos.swiftdoc /Users/alextud/Library/Developer/Xcode/DerivedData/Switchbot-fiduwmqfacjatlgbvkmplcrtzqbj/Build/Intermediates.noindex/ArchiveIntermediates/Switchbot\ WatchKit\ App/IntermediateBuildFilesPath/Switchbot.build/Debug-watchos/Switchbot\ WatchKit\ Extension.build/Objects-normal/arm64_32/Switchbot_WatchKit_Extension.swiftdoc (in target 'Switchbot WatchKit Extension' from project 'Switchbot')
    cd /Users/alextud/projects/switchbot-watch
    builtin-copy -exclude .DS_Store -exclude CVS -exclude .svn -exclude .git -exclude .hg -resolve-src-symlinks -rename /Users/alextud/Library/Developer/Xcode/DerivedData/Switchbot-fiduwmqfacjatlgbvkmplcrtzqbj/Build/Intermediates.noindex/ArchiveIntermediates/Switchbot\ WatchKit\ App/IntermediateBuildFilesPath/Switchbot.build/Debug-watchos/Switchbot\ WatchKit\ Extension.build/Objects-normal/arm64_32/Switchbot_WatchKit_Extension.swiftdoc /Users/alextud/Library/Developer/Xcode/DerivedData/Switchbot-fiduwmqfacjatlgbvkmplcrtzqbj/Build/Intermediates.noindex/ArchiveIntermediates/Switchbot\ WatchKit\ App/BuildProductsPath/Debug-watchos/Switchbot_WatchKit_Extension.swiftmodule/arm64_32-apple-watchos.swiftdoc

Copy /Users/alextud/Library/Developer/Xcode/DerivedData/Switchbot-fiduwmqfacjatlgbvkmplcrtzqbj/Build/Intermediates.noindex/ArchiveIntermediates/Switchbot\ WatchKit\ App/BuildProductsPath/Debug-watchos/Switchbot_WatchKit_Extension.swiftmodule/arm64_32-apple-watchos.abi.json /Users/alextud/Library/Developer/Xcode/DerivedData/Switchbot-fiduwmqfacjatlgbvkmplcrtzqbj/Build/Intermediates.noindex/ArchiveIntermediates/Switchbot\ WatchKit\ App/IntermediateBuildFilesPath/Switchbot.build/Debug-watchos/Switchbot\ WatchKit\ Extension.build/Objects-normal/arm64_32/Switchbot_WatchKit_Extension.abi.json (in target 'Switchbot WatchKit Extension' from project 'Switchbot')
    cd /Users/alextud/projects/switchbot-watch
    builtin-copy -exclude .DS_Store -exclude CVS -exclude .svn -exclude .git -exclude .hg -resolve-src-symlinks -rename /Users/alextud/Library/Developer/Xcode/DerivedData/Switchbot-fiduwmqfacjatlgbvkmplcrtzqbj/Build/Intermediates.noindex/ArchiveIntermediates/Switchbot\ WatchKit\ App/IntermediateBuildFilesPath/Switchbot.build/Debug-watchos/Switchbot\ WatchKit\ Extension.build/Objects-normal/arm64_32/Switchbot_WatchKit_Extension.abi.json /Users/alextud/Library/Developer/Xcode/DerivedData/Switchbot-fiduwmqfacjatlgbvkmplcrtzqbj/Build/Intermediates.noindex/ArchiveIntermediates/Switchbot\ WatchKit\ App/BuildProductsPath/Debug-watchos/Switchbot_WatchKit_Extension.swiftmodule/arm64_32-apple-watchos.abi.json

SwiftCompile normal arm64_32 Compiling\ Switchbot.swift /Users/alextud/projects/switchbot-watch/Switchbot\ WatchKit\ Extension/Models/Switchbot.swift (in target 'Switchbot WatchKit Extension' from project 'Switchbot')

SwiftCompile normal arm64_32 /Users/alextud/projects/switchbot-watch/Switchbot\ WatchKit\ Extension/Models/Switchbot.swift (in target 'Switchbot WatchKit Extension' from project 'Switchbot')
    cd /Users/alextud/projects/switchbot-watch
    

SwiftDriverJobDiscovery normal armv7k Compiling Switchbot.swift (in target 'Switchbot WatchKit Extension' from project 'Switchbot')

SwiftCompile normal armv7k Compiling\ BotData.swift /Users/alextud/projects/switchbot-watch/Switchbot\ WatchKit\ Extension/Models/BotData.swift (in target 'Switchbot WatchKit Extension' from project 'Switchbot')

SwiftCompile normal armv7k /Users/alextud/projects/switchbot-watch/Switchbot\ WatchKit\ Extension/Models/BotData.swift (in target 'Switchbot WatchKit Extension' from project 'Switchbot')
    cd /Users/alextud/projects/switchbot-watch
    

SwiftCompile normal arm64_32 Compiling\ String+Encoding.swift /Users/alextud/projects/switchbot-watch/Switchbot\ WatchKit\ Extension/Models/String+Encoding.swift (in target 'Switchbot WatchKit Extension' from project 'Switchbot')

SwiftCompile normal arm64_32 /Users/alextud/projects/switchbot-watch/Switchbot\ WatchKit\ Extension/Models/String+Encoding.swift (in target 'Switchbot WatchKit Extension' from project 'Switchbot')
    cd /Users/alextud/projects/switchbot-watch
    

SwiftDriverJobDiscovery normal armv7k Compiling ComplicationController.swift (in target 'Switchbot WatchKit Extension' from project 'Switchbot')

SwiftCompile normal arm64_32 Compiling\ BotData.swift /Users/alextud/projects/switchbot-watch/Switchbot\ WatchKit\ Extension/Models/BotData.swift (in target 'Switchbot WatchKit Extension' from project 'Switchbot')

SwiftCompile normal arm64_32 /Users/alextud/projects/switchbot-watch/Switchbot\ WatchKit\ Extension/Models/BotData.swift (in target 'Switchbot WatchKit Extension' from project 'Switchbot')
    cd /Users/alextud/projects/switchbot-watch
    

SwiftDriverJobDiscovery normal armv7k Compiling BotData.swift (in target 'Switchbot WatchKit Extension' from project 'Switchbot')

SwiftCompile normal armv7k Compiling\ String+Encoding.swift /Users/alextud/projects/switchbot-watch/Switchbot\ WatchKit\ Extension/Models/String+Encoding.swift (in target 'Switchbot WatchKit Extension' from project 'Switchbot')

SwiftCompile normal armv7k /Users/alextud/projects/switchbot-watch/Switchbot\ WatchKit\ Extension/Models/String+Encoding.swift (in target 'Switchbot WatchKit Extension' from project 'Switchbot')
    cd /Users/alextud/projects/switchbot-watch
    

SwiftDriverJobDiscovery normal armv7k Compiling BluetoothController.swift (in target 'Switchbot WatchKit Extension' from project 'Switchbot')

SwiftCompile normal armv7k Compiling\ SwithcbotView.swift /Users/alextud/projects/switchbot-watch/Switchbot\ WatchKit\ Extension/SwithcbotView.swift (in target 'Switchbot WatchKit Extension' from project 'Switchbot')

SwiftCompile normal armv7k /Users/alextud/projects/switchbot-watch/Switchbot\ WatchKit\ Extension/SwithcbotView.swift (in target 'Switchbot WatchKit Extension' from project 'Switchbot')
    cd /Users/alextud/projects/switchbot-watch
    

SwiftDriverJobDiscovery normal arm64_32 Compiling SwithcbotView.swift (in target 'Switchbot WatchKit Extension' from project 'Switchbot')

SwiftCompile normal arm64 Compiling\ ComplicationController.swift /Users/alextud/projects/switchbot-watch/Switchbot\ WatchKit\ Extension/ComplicationController.swift (in target 'Switchbot WatchKit Extension' from project 'Switchbot')

SwiftCompile normal arm64 /Users/alextud/projects/switchbot-watch/Switchbot\ WatchKit\ Extension/ComplicationController.swift (in target 'Switchbot WatchKit Extension' from project 'Switchbot')
    cd /Users/alextud/projects/switchbot-watch
    

SwiftDriverJobDiscovery normal arm64_32 Compiling SwitchbotApp.swift (in target 'Switchbot WatchKit Extension' from project 'Switchbot')

SwiftCompile normal arm64_32 Compiling\ GeneratedAssetSymbols.swift /Users/alextud/Library/Developer/Xcode/DerivedData/Switchbot-fiduwmqfacjatlgbvkmplcrtzqbj/Build/Intermediates.noindex/ArchiveIntermediates/Switchbot\ WatchKit\ App/IntermediateBuildFilesPath/Switchbot.build/Debug-watchos/Switchbot\ WatchKit\ Extension.build/DerivedSources/GeneratedAssetSymbols.swift (in target 'Switchbot WatchKit Extension' from project 'Switchbot')
SwiftCompile normal arm64_32 /Users/alextud/Library/Developer/Xcode/DerivedData/Switchbot-fiduwmqfacjatlgbvkmplcrtzqbj/Build/Intermediates.noindex/ArchiveIntermediates/Switchbot\ WatchKit\ App/IntermediateBuildFilesPath/Switchbot.build/Debug-watchos/Switchbot\ WatchKit\ Extension.build/DerivedSources/GeneratedAssetSymbols.swift (in target 'Switchbot WatchKit Extension' from project 'Switchbot')
    cd /Users/alextud/projects/switchbot-watch
    

SwiftDriverJobDiscovery normal arm64_32 Compiling BotData.swift (in target 'Switchbot WatchKit Extension' from project 'Switchbot')

SwiftDriverJobDiscovery normal armv7k Compiling SwitchbotApp.swift (in target 'Switchbot WatchKit Extension' from project 'Switchbot')

ProcessProductPackaging /Users/alextud/Library/Developer/Xcode/UserData/Provisioning\ Profiles/0de0ce5c-5ab5-4544-a42a-3b64613ac11b.mobileprovision /Users/alextud/Library/Developer/Xcode/DerivedData/Switchbot-fiduwmqfacjatlgbvkmplcrtzqbj/Build/Intermediates.noindex/ArchiveIntermediates/Switchbot\ WatchKit\ App/InstallationBuildProductsLocation/Applications/Switchbot.app/embedded.mobileprovision (in target 'Switchbot' from project 'Switchbot')
    cd /Users/alextud/projects/switchbot-watch
    builtin-productPackagingUtility /Users/alextud/Library/Developer/Xcode/UserData/Provisioning\ Profiles/0de0ce5c-5ab5-4544-a42a-3b64613ac11b.mobileprovision -o /Users/alextud/Library/Developer/Xcode/DerivedData/Switchbot-fiduwmqfacjatlgbvkmplcrtzqbj/Build/Intermediates.noindex/ArchiveIntermediates/Switchbot\ WatchKit\ App/InstallationBuildProductsLocation/Applications/Switchbot.app/embedded.mobileprovision

ProcessProductPackaging "" /Users/alextud/Library/Developer/Xcode/DerivedData/Switchbot-fiduwmqfacjatlgbvkmplcrtzqbj/Build/Intermediates.noindex/ArchiveIntermediates/Switchbot\ WatchKit\ App/IntermediateBuildFilesPath/Switchbot.build/Debug-iphoneos/Switchbot.build/Switchbot.app.xcent (in target 'Switchbot' from project 'Switchbot')
    cd /Users/alextud/projects/switchbot-watch
    
    Entitlements:
    
    {
    "application-identifier" = "NF6484JE8F.com.tapp1.switchbot";
    "com.apple.developer.team-identifier" = NF6484JE8F;
    "get-task-allow" = 1;
}
    
    builtin-productPackagingUtility -entitlements -format xml -o /Users/alextud/Library/Developer/Xcode/DerivedData/Switchbot-fiduwmqfacjatlgbvkmplcrtzqbj/Build/Intermediates.noindex/ArchiveIntermediates/Switchbot\ WatchKit\ App/IntermediateBuildFilesPath/Switchbot.build/Debug-iphoneos/Switchbot.build/Switchbot.app.xcent

ProcessProductPackaging /Users/alextud/Library/Developer/Xcode/UserData/Provisioning\ Profiles/376259e0-8382-4888-830a-b1131388c0db.mobileprovision /Users/alextud/Library/Developer/Xcode/DerivedData/Switchbot-fiduwmqfacjatlgbvkmplcrtzqbj/Build/Intermediates.noindex/ArchiveIntermediates/Switchbot\ WatchKit\ App/IntermediateBuildFilesPath/UninstalledProducts/watchos/Switchbot\ WatchKit\ App.app/embedded.mobileprovision (in target 'Switchbot WatchKit App' from project 'Switchbot')
    cd /Users/alextud/projects/switchbot-watch
    builtin-productPackagingUtility /Users/alextud/Library/Developer/Xcode/UserData/Provisioning\ Profiles/376259e0-8382-4888-830a-b1131388c0db.mobileprovision -o /Users/alextud/Library/Developer/Xcode/DerivedData/Switchbot-fiduwmqfacjatlgbvkmplcrtzqbj/Build/Intermediates.noindex/ArchiveIntermediates/Switchbot\ WatchKit\ App/IntermediateBuildFilesPath/UninstalledProducts/watchos/Switchbot\ WatchKit\ App.app/embedded.mobileprovision

SwiftDriverJobDiscovery normal arm64_32 Compiling String+Encoding.swift (in target 'Switchbot WatchKit Extension' from project 'Switchbot')

ProcessProductPackaging "" /Users/alextud/Library/Developer/Xcode/DerivedData/Switchbot-fiduwmqfacjatlgbvkmplcrtzqbj/Build/Intermediates.noindex/ArchiveIntermediates/Switchbot\ WatchKit\ App/IntermediateBuildFilesPath/Switchbot.build/Debug-watchos/Switchbot\ WatchKit\ App.build/Switchbot\ WatchKit\ App.app.xcent (in target 'Switchbot WatchKit App' from project 'Switchbot')
    cd /Users/alextud/projects/switchbot-watch
    
    Entitlements:
    
    {
    "application-identifier" = "NF6484JE8F.com.tapp1.switchbot.watchkitapp";
    "com.apple.developer.team-identifier" = NF6484JE8F;
    "get-task-allow" = 1;
}
    
    builtin-productPackagingUtility -entitlements -format xml -o /Users/alextud/Library/Developer/Xcode/DerivedData/Switchbot-fiduwmqfacjatlgbvkmplcrtzqbj/Build/Intermediates.noindex/ArchiveIntermediates/Switchbot\ WatchKit\ App/IntermediateBuildFilesPath/Switchbot.build/Debug-watchos/Switchbot\ WatchKit\ App.build/Switchbot\ WatchKit\ App.app.xcent

ProcessProductPackagingDER /Users/alextud/Library/Developer/Xcode/DerivedData/Switchbot-fiduwmqfacjatlgbvkmplcrtzqbj/Build/Intermediates.noindex/ArchiveIntermediates/Switchbot\ WatchKit\ App/IntermediateBuildFilesPath/Switchbot.build/Debug-iphoneos/Switchbot.build/Switchbot.app.xcent /Users/alextud/Library/Developer/Xcode/DerivedData/Switchbot-fiduwmqfacjatlgbvkmplcrtzqbj/Build/Intermediates.noindex/ArchiveIntermediates/Switchbot\ WatchKit\ App/IntermediateBuildFilesPath/Switchbot.build/Debug-iphoneos/Switchbot.build/Switchbot.app.xcent.der (in target 'Switchbot' from project 'Switchbot')
    cd /Users/alextud/projects/switchbot-watch
    /usr/bin/derq query -f xml -i /Users/alextud/Library/Developer/Xcode/DerivedData/Switchbot-fiduwmqfacjatlgbvkmplcrtzqbj/Build/Intermediates.noindex/ArchiveIntermediates/Switchbot\ WatchKit\ App/IntermediateBuildFilesPath/Switchbot.build/Debug-iphoneos/Switchbot.build/Switchbot.app.xcent -o /Users/alextud/Library/Developer/Xcode/DerivedData/Switchbot-fiduwmqfacjatlgbvkmplcrtzqbj/Build/Intermediates.noindex/ArchiveIntermediates/Switchbot\ WatchKit\ App/IntermediateBuildFilesPath/Switchbot.build/Debug-iphoneos/Switchbot.build/Switchbot.app.xcent.der --raw

ProcessProductPackagingDER /Users/alextud/Library/Developer/Xcode/DerivedData/Switchbot-fiduwmqfacjatlgbvkmplcrtzqbj/Build/Intermediates.noindex/ArchiveIntermediates/Switchbot\ WatchKit\ App/IntermediateBuildFilesPath/Switchbot.build/Debug-watchos/Switchbot\ WatchKit\ App.build/Switchbot\ WatchKit\ App.app.xcent /Users/alextud/Library/Developer/Xcode/DerivedData/Switchbot-fiduwmqfacjatlgbvkmplcrtzqbj/Build/Intermediates.noindex/ArchiveIntermediates/Switchbot\ WatchKit\ App/IntermediateBuildFilesPath/Switchbot.build/Debug-watchos/Switchbot\ WatchKit\ App.build/Switchbot\ WatchKit\ App.app.xcent.der (in target 'Switchbot WatchKit App' from project 'Switchbot')
    cd /Users/alextud/projects/switchbot-watch
    /usr/bin/derq query -f xml -i /Users/alextud/Library/Developer/Xcode/DerivedData/Switchbot-fiduwmqfacjatlgbvkmplcrtzqbj/Build/Intermediates.noindex/ArchiveIntermediates/Switchbot\ WatchKit\ App/IntermediateBuildFilesPath/Switchbot.build/Debug-watchos/Switchbot\ WatchKit\ App.build/Switchbot\ WatchKit\ App.app.xcent -o /Users/alextud/Library/Developer/Xcode/DerivedData/Switchbot-fiduwmqfacjatlgbvkmplcrtzqbj/Build/Intermediates.noindex/ArchiveIntermediates/Switchbot\ WatchKit\ App/IntermediateBuildFilesPath/Switchbot.build/Debug-watchos/Switchbot\ WatchKit\ App.build/Switchbot\ WatchKit\ App.app.xcent.der --raw

CopyAndPreserveArchs /Users/alextud/Library/Developer/Xcode/DerivedData/Switchbot-fiduwmqfacjatlgbvkmplcrtzqbj/Build/Intermediates.noindex/ArchiveIntermediates/Switchbot\ WatchKit\ App/InstallationBuildProductsLocation/Applications/Switchbot.app/Switchbot (in target 'Switchbot' from project 'Switchbot')
    cd /Users/alextud/projects/switchbot-watch
    /Applications/Xcode.app/Contents/Developer/Toolchains/XcodeDefault.xctoolchain/usr/bin/lipo /Applications/Xcode.app/Contents/Developer/Platforms/iPhoneOS.platform/Library/Application\ Support/MessagesApplicationStub/MessagesApplicationStub -output /Users/alextud/Library/Developer/Xcode/DerivedData/Switchbot-fiduwmqfacjatlgbvkmplcrtzqbj/Build/Intermediates.noindex/ArchiveIntermediates/Switchbot\ WatchKit\ App/InstallationBuildProductsLocation/Applications/Switchbot.app/Switchbot -extract arm64

CopyAndPreserveArchs /Users/alextud/Library/Developer/Xcode/DerivedData/Switchbot-fiduwmqfacjatlgbvkmplcrtzqbj/Build/Intermediates.noindex/ArchiveIntermediates/Switchbot\ WatchKit\ App/IntermediateBuildFilesPath/UninstalledProducts/watchos/Switchbot\ WatchKit\ App.app/_WatchKitStub/WK (in target 'Switchbot WatchKit App' from project 'Switchbot')
    cd /Users/alextud/projects/switchbot-watch
    /Applications/Xcode.app/Contents/Developer/Toolchains/XcodeDefault.xctoolchain/usr/bin/lipo /Applications/Xcode.app/Contents/Developer/Platforms/WatchOS.platform/Developer/SDKs/WatchOS26.2.sdk/Library/Application\ Support/WatchKit/WK -output /Users/alextud/Library/Developer/Xcode/DerivedData/Switchbot-fiduwmqfacjatlgbvkmplcrtzqbj/Build/Intermediates.noindex/ArchiveIntermediates/Switchbot\ WatchKit\ App/IntermediateBuildFilesPath/UninstalledProducts/watchos/Switchbot\ WatchKit\ App.app/_WatchKitStub/WK -extract arm64 -extract armv7k -extract arm64_32

CopyAndPreserveArchs /Users/alextud/Library/Developer/Xcode/DerivedData/Switchbot-fiduwmqfacjatlgbvkmplcrtzqbj/Build/Intermediates.noindex/ArchiveIntermediates/Switchbot\ WatchKit\ App/IntermediateBuildFilesPath/UninstalledProducts/watchos/Switchbot\ WatchKit\ App.app/Switchbot\ WatchKit\ App (in target 'Switchbot WatchKit App' from project 'Switchbot')
    cd /Users/alextud/projects/switchbot-watch
    /Applications/Xcode.app/Contents/Developer/Toolchains/XcodeDefault.xctoolchain/usr/bin/lipo /Applications/Xcode.app/Contents/Developer/Platforms/WatchOS.platform/Developer/SDKs/WatchOS26.2.sdk/Library/Application\ Support/WatchKit/WK -output /Users/alextud/Library/Developer/Xcode/DerivedData/Switchbot-fiduwmqfacjatlgbvkmplcrtzqbj/Build/Intermediates.noindex/ArchiveIntermediates/Switchbot\ WatchKit\ App/IntermediateBuildFilesPath/UninstalledProducts/watchos/Switchbot\ WatchKit\ App.app/Switchbot\ WatchKit\ App -extract arm64 -extract armv7k -extract arm64_32

SwiftDriverJobDiscovery normal armv7k Compiling String+Encoding.swift (in target 'Switchbot WatchKit Extension' from project 'Switchbot')

SwiftDriverJobDiscovery normal arm64_32 Compiling Switchbot.swift (in target 'Switchbot WatchKit Extension' from project 'Switchbot')

SwiftDriverJobDiscovery normal arm64 Compiling ComplicationController.swift (in target 'Switchbot WatchKit Extension' from project 'Switchbot')

SwiftDriverJobDiscovery normal armv7k Compiling SwithcbotView.swift (in target 'Switchbot WatchKit Extension' from project 'Switchbot')

SwiftDriver\ Compilation Switchbot\ WatchKit\ Extension normal armv7k com.apple.xcode.tools.swift.compiler (in target 'Switchbot WatchKit Extension' from project 'Switchbot')
    cd /Users/alextud/projects/switchbot-watch
    builtin-Swift-Compilation -- /Applications/Xcode.app/Contents/Developer/Toolchains/XcodeDefault.xctoolchain/usr/bin/swiftc -module-name Switchbot_WatchKit_Extension -Onone -enforce-exclusivity\=checked @/Users/alextud/Library/Developer/Xcode/DerivedData/Switchbot-fiduwmqfacjatlgbvkmplcrtzqbj/Build/Intermediates.noindex/ArchiveIntermediates/Switchbot\ WatchKit\ App/IntermediateBuildFilesPath/Switchbot.build/Debug-watchos/Switchbot\ WatchKit\ Extension.build/Objects-normal/armv7k/Switchbot\ WatchKit\ Extension.SwiftFileList -DDEBUG -enable-bare-slash-regex -enable-experimental-feature DebugDescriptionMacro -sdk /Applications/Xcode.app/Contents/Developer/Platforms/WatchOS.platform/Developer/SDKs/WatchOS26.2.sdk -target armv7k-apple-watchos7.0 -g -module-cache-path /Users/alextud/Library/Developer/Xcode/DerivedData/ModuleCache.noindex -Xfrontend -serialize-debugging-options -application-extension -enable-testing -Xcc -D_LIBCPP_HARDENING_MODE\=_LIBCPP_HARDENING_MODE_DEBUG -swift-version 5 -I /Users/alextud/Library/Developer/Xcode/DerivedData/Switchbot-fiduwmqfacjatlgbvkmplcrtzqbj/Build/Intermediates.noindex/ArchiveIntermediates/Switchbot\ WatchKit\ App/BuildProductsPath/Debug-watchos -F /Users/alextud/Library/Developer/Xcode/DerivedData/Switchbot-fiduwmqfacjatlgbvkmplcrtzqbj/Build/Intermediates.noindex/ArchiveIntermediates/Switchbot\ WatchKit\ App/BuildProductsPath/Debug-watchos -c -j8 -enable-batch-mode -incremental -Xcc -ivfsstatcache -Xcc /Users/alextud/Library/Developer/Xcode/DerivedData/SDKStatCaches.noindex/watchos26.2-23S303-1abbb35d52aede1f27e3564e4e5a82d7.sdkstatcache -output-file-map /Users/alextud/Library/Developer/Xcode/DerivedData/Switchbot-fiduwmqfacjatlgbvkmplcrtzqbj/Build/Intermediates.noindex/ArchiveIntermediates/Switchbot\ WatchKit\ App/IntermediateBuildFilesPath/Switchbot.build/Debug-watchos/Switchbot\ WatchKit\ Extension.build/Objects-normal/armv7k/Switchbot\ WatchKit\ Extension-OutputFileMap.json -use-frontend-parseable-output -save-temps -no-color-diagnostics -explicit-module-build -module-cache-path /Users/alextud/Library/Developer/Xcode/DerivedData/Switchbot-fiduwmqfacjatlgbvkmplcrtzqbj/Build/Intermediates.noindex/ArchiveIntermediates/Switchbot\ WatchKit\ App/IntermediateBuildFilesPath/SwiftExplicitPrecompiledModules -clang-scanner-module-cache-path /Users/alextud/Library/Developer/Xcode/DerivedData/ModuleCache.noindex -sdk-module-cache-path /Users/alextud/Library/Developer/Xcode/DerivedData/ModuleCache.noindex -serialize-diagnostics -emit-dependencies -emit-module -emit-module-path /Users/alextud/Library/Developer/Xcode/DerivedData/Switchbot-fiduwmqfacjatlgbvkmplcrtzqbj/Build/Intermediates.noindex/ArchiveIntermediates/Switchbot\ WatchKit\ App/IntermediateBuildFilesPath/Switchbot.build/Debug-watchos/Switchbot\ WatchKit\ Extension.build/Objects-normal/armv7k/Switchbot_WatchKit_Extension.swiftmodule -validate-clang-modules-once -clang-build-session-file /Users/alextud/Library/Developer/Xcode/DerivedData/ModuleCache.noindex/Session.modulevalidation -Xcc -I/Users/alextud/Library/Developer/Xcode/DerivedData/Switchbot-fiduwmqfacjatlgbvkmplcrtzqbj/Build/Intermediates.noindex/ArchiveIntermediates/Switchbot\ WatchKit\ App/IntermediateBuildFilesPath/Switchbot.build/Debug-watchos/Switchbot\ WatchKit\ Extension.build/swift-overrides.hmap -emit-const-values -Xfrontend -const-gather-protocols-file -Xfrontend /Users/alextud/Library/Developer/Xcode/DerivedData/Switchbot-fiduwmqfacjatlgbvkmplcrtzqbj/Build/Intermediates.noindex/ArchiveIntermediates/Switchbot\ WatchKit\ App/IntermediateBuildFilesPath/Switchbot.build/Debug-watchos/Switchbot\ WatchKit\ Extension.build/Objects-normal/armv7k/Switchbot\ WatchKit\ Extension_const_extract_protocols.json -Xcc -iquote -Xcc /Users/alextud/Library/Developer/Xcode/DerivedData/Switchbot-fiduwmqfacjatlgbvkmplcrtzqbj/Build/Intermediates.noindex/ArchiveIntermediates/Switchbot\ WatchKit\ App/IntermediateBuildFilesPath/Switchbot.build/Debug-watchos/Switchbot\ WatchKit\ Extension.build/Switchbot\ WatchKit\ Extension-generated-files.hmap -Xcc -I/Users/alextud/Library/Developer/Xcode/DerivedData/Switchbot-fiduwmqfacjatlgbvkmplcrtzqbj/Build/Intermediates.noindex/ArchiveIntermediates/Switchbot\ WatchKit\ App/IntermediateBuildFilesPath/Switchbot.build/Debug-watchos/Switchbot\ WatchKit\ Extension.build/Switchbot\ WatchKit\ Extension-own-target-headers.hmap -Xcc -I/Users/alextud/Library/Developer/Xcode/DerivedData/Switchbot-fiduwmqfacjatlgbvkmplcrtzqbj/Build/Intermediates.noindex/ArchiveIntermediates/Switchbot\ WatchKit\ App/IntermediateBuildFilesPath/Switchbot.build/Debug-watchos/Switchbot\ WatchKit\ Extension.build/Switchbot\ WatchKit\ Extension-all-target-headers.hmap -Xcc -iquote -Xcc /Users/alextud/Library/Developer/Xcode/DerivedData/Switchbot-fiduwmqfacjatlgbvkmplcrtzqbj/Build/Intermediates.noindex/ArchiveIntermediates/Switchbot\ WatchKit\ App/IntermediateBuildFilesPath/Switchbot.build/Debug-watchos/Switchbot\ WatchKit\ Extension.build/Switchbot\ WatchKit\ Extension-project-headers.hmap -Xcc -I/Users/alextud/Library/Developer/Xcode/DerivedData/Switchbot-fiduwmqfacjatlgbvkmplcrtzqbj/Build/Intermediates.noindex/ArchiveIntermediates/Switchbot\ WatchKit\ App/BuildProductsPath/Debug-watchos/include -Xcc -I/Users/alextud/Library/Developer/Xcode/DerivedData/Switchbot-fiduwmqfacjatlgbvkmplcrtzqbj/Build/Intermediates.noindex/ArchiveIntermediates/Switchbot\ WatchKit\ App/IntermediateBuildFilesPath/Switchbot.build/Debug-watchos/Switchbot\ WatchKit\ Extension.build/DerivedSources-normal/armv7k -Xcc -I/Users/alextud/Library/Developer/Xcode/DerivedData/Switchbot-fiduwmqfacjatlgbvkmplcrtzqbj/Build/Intermediates.noindex/ArchiveIntermediates/Switchbot\ WatchKit\ App/IntermediateBuildFilesPath/Switchbot.build/Debug-watchos/Switchbot\ WatchKit\ Extension.build/DerivedSources/armv7k -Xcc -I/Users/alextud/Library/Developer/Xcode/DerivedData/Switchbot-fiduwmqfacjatlgbvkmplcrtzqbj/Build/Intermediates.noindex/ArchiveIntermediates/Switchbot\ WatchKit\ App/IntermediateBuildFilesPath/Switchbot.build/Debug-watchos/Switchbot\ WatchKit\ Extension.build/DerivedSources -Xcc -DDEBUG\=1 -emit-objc-header -emit-objc-header-path /Users/alextud/Library/Developer/Xcode/DerivedData/Switchbot-fiduwmqfacjatlgbvkmplcrtzqbj/Build/Intermediates.noindex/ArchiveIntermediates/Switchbot\ WatchKit\ App/IntermediateBuildFilesPath/Switchbot.build/Debug-watchos/Switchbot\ WatchKit\ Extension.build/Objects-normal/armv7k/Switchbot_WatchKit_Extension-Swift.h -working-directory /Users/alextud/projects/switchbot-watch -experimental-emit-module-separately -disable-cmo

SwiftDriver\ Compilation Switchbot\ WatchKit\ Extension normal arm64 com.apple.xcode.tools.swift.compiler (in target 'Switchbot WatchKit Extension' from project 'Switchbot')
    cd /Users/alextud/projects/switchbot-watch
    builtin-Swift-Compilation -- /Applications/Xcode.app/Contents/Developer/Toolchains/XcodeDefault.xctoolchain/usr/bin/swiftc -module-name Switchbot_WatchKit_Extension -Onone -enforce-exclusivity\=checked @/Users/alextud/Library/Developer/Xcode/DerivedData/Switchbot-fiduwmqfacjatlgbvkmplcrtzqbj/Build/Intermediates.noindex/ArchiveIntermediates/Switchbot\ WatchKit\ App/IntermediateBuildFilesPath/Switchbot.build/Debug-watchos/Switchbot\ WatchKit\ Extension.build/Objects-normal/arm64/Switchbot\ WatchKit\ Extension.SwiftFileList -DDEBUG -enable-bare-slash-regex -enable-experimental-feature DebugDescriptionMacro -sdk /Applications/Xcode.app/Contents/Developer/Platforms/WatchOS.platform/Developer/SDKs/WatchOS26.2.sdk -target arm64-apple-watchos7.0 -g -module-cache-path /Users/alextud/Library/Developer/Xcode/DerivedData/ModuleCache.noindex -Xfrontend -serialize-debugging-options -application-extension -enable-testing -Xcc -D_LIBCPP_HARDENING_MODE\=_LIBCPP_HARDENING_MODE_DEBUG -swift-version 5 -I /Users/alextud/Library/Developer/Xcode/DerivedData/Switchbot-fiduwmqfacjatlgbvkmplcrtzqbj/Build/Intermediates.noindex/ArchiveIntermediates/Switchbot\ WatchKit\ App/BuildProductsPath/Debug-watchos -F /Users/alextud/Library/Developer/Xcode/DerivedData/Switchbot-fiduwmqfacjatlgbvkmplcrtzqbj/Build/Intermediates.noindex/ArchiveIntermediates/Switchbot\ WatchKit\ App/BuildProductsPath/Debug-watchos -c -j8 -enable-batch-mode -incremental -Xcc -ivfsstatcache -Xcc /Users/alextud/Library/Developer/Xcode/DerivedData/SDKStatCaches.noindex/watchos26.2-23S303-1abbb35d52aede1f27e3564e4e5a82d7.sdkstatcache -output-file-map /Users/alextud/Library/Developer/Xcode/DerivedData/Switchbot-fiduwmqfacjatlgbvkmplcrtzqbj/Build/Intermediates.noindex/ArchiveIntermediates/Switchbot\ WatchKit\ App/IntermediateBuildFilesPath/Switchbot.build/Debug-watchos/Switchbot\ WatchKit\ Extension.build/Objects-normal/arm64/Switchbot\ WatchKit\ Extension-OutputFileMap.json -use-frontend-parseable-output -save-temps -no-color-diagnostics -explicit-module-build -module-cache-path /Users/alextud/Library/Developer/Xcode/DerivedData/Switchbot-fiduwmqfacjatlgbvkmplcrtzqbj/Build/Intermediates.noindex/ArchiveIntermediates/Switchbot\ WatchKit\ App/IntermediateBuildFilesPath/SwiftExplicitPrecompiledModules -clang-scanner-module-cache-path /Users/alextud/Library/Developer/Xcode/DerivedData/ModuleCache.noindex -sdk-module-cache-path /Users/alextud/Library/Developer/Xcode/DerivedData/ModuleCache.noindex -serialize-diagnostics -emit-dependencies -emit-module -emit-module-path /Users/alextud/Library/Developer/Xcode/DerivedData/Switchbot-fiduwmqfacjatlgbvkmplcrtzqbj/Build/Intermediates.noindex/ArchiveIntermediates/Switchbot\ WatchKit\ App/IntermediateBuildFilesPath/Switchbot.build/Debug-watchos/Switchbot\ WatchKit\ Extension.build/Objects-normal/arm64/Switchbot_WatchKit_Extension.swiftmodule -validate-clang-modules-once -clang-build-session-file /Users/alextud/Library/Developer/Xcode/DerivedData/ModuleCache.noindex/Session.modulevalidation -Xcc -I/Users/alextud/Library/Developer/Xcode/DerivedData/Switchbot-fiduwmqfacjatlgbvkmplcrtzqbj/Build/Intermediates.noindex/ArchiveIntermediates/Switchbot\ WatchKit\ App/IntermediateBuildFilesPath/Switchbot.build/Debug-watchos/Switchbot\ WatchKit\ Extension.build/swift-overrides.hmap -emit-const-values -Xfrontend -const-gather-protocols-file -Xfrontend /Users/alextud/Library/Developer/Xcode/DerivedData/Switchbot-fiduwmqfacjatlgbvkmplcrtzqbj/Build/Intermediates.noindex/ArchiveIntermediates/Switchbot\ WatchKit\ App/IntermediateBuildFilesPath/Switchbot.build/Debug-watchos/Switchbot\ WatchKit\ Extension.build/Objects-normal/arm64/Switchbot\ WatchKit\ Extension_const_extract_protocols.json -Xcc -iquote -Xcc /Users/alextud/Library/Developer/Xcode/DerivedData/Switchbot-fiduwmqfacjatlgbvkmplcrtzqbj/Build/Intermediates.noindex/ArchiveIntermediates/Switchbot\ WatchKit\ App/IntermediateBuildFilesPath/Switchbot.build/Debug-watchos/Switchbot\ WatchKit\ Extension.build/Switchbot\ WatchKit\ Extension-generated-files.hmap -Xcc -I/Users/alextud/Library/Developer/Xcode/DerivedData/Switchbot-fiduwmqfacjatlgbvkmplcrtzqbj/Build/Intermediates.noindex/ArchiveIntermediates/Switchbot\ WatchKit\ App/IntermediateBuildFilesPath/Switchbot.build/Debug-watchos/Switchbot\ WatchKit\ Extension.build/Switchbot\ WatchKit\ Extension-own-target-headers.hmap -Xcc -I/Users/alextud/Library/Developer/Xcode/DerivedData/Switchbot-fiduwmqfacjatlgbvkmplcrtzqbj/Build/Intermediates.noindex/ArchiveIntermediates/Switchbot\ WatchKit\ App/IntermediateBuildFilesPath/Switchbot.build/Debug-watchos/Switchbot\ WatchKit\ Extension.build/Switchbot\ WatchKit\ Extension-all-target-headers.hmap -Xcc -iquote -Xcc /Users/alextud/Library/Developer/Xcode/DerivedData/Switchbot-fiduwmqfacjatlgbvkmplcrtzqbj/Build/Intermediates.noindex/ArchiveIntermediates/Switchbot\ WatchKit\ App/IntermediateBuildFilesPath/Switchbot.build/Debug-watchos/Switchbot\ WatchKit\ Extension.build/Switchbot\ WatchKit\ Extension-project-headers.hmap -Xcc -I/Users/alextud/Library/Developer/Xcode/DerivedData/Switchbot-fiduwmqfacjatlgbvkmplcrtzqbj/Build/Intermediates.noindex/ArchiveIntermediates/Switchbot\ WatchKit\ App/BuildProductsPath/Debug-watchos/include -Xcc -I/Users/alextud/Library/Developer/Xcode/DerivedData/Switchbot-fiduwmqfacjatlgbvkmplcrtzqbj/Build/Intermediates.noindex/ArchiveIntermediates/Switchbot\ WatchKit\ App/IntermediateBuildFilesPath/Switchbot.build/Debug-watchos/Switchbot\ WatchKit\ Extension.build/DerivedSources-normal/arm64 -Xcc -I/Users/alextud/Library/Developer/Xcode/DerivedData/Switchbot-fiduwmqfacjatlgbvkmplcrtzqbj/Build/Intermediates.noindex/ArchiveIntermediates/Switchbot\ WatchKit\ App/IntermediateBuildFilesPath/Switchbot.build/Debug-watchos/Switchbot\ WatchKit\ Extension.build/DerivedSources/arm64 -Xcc -I/Users/alextud/Library/Developer/Xcode/DerivedData/Switchbot-fiduwmqfacjatlgbvkmplcrtzqbj/Build/Intermediates.noindex/ArchiveIntermediates/Switchbot\ WatchKit\ App/IntermediateBuildFilesPath/Switchbot.build/Debug-watchos/Switchbot\ WatchKit\ Extension.build/DerivedSources -Xcc -DDEBUG\=1 -emit-objc-header -emit-objc-header-path /Users/alextud/Library/Developer/Xcode/DerivedData/Switchbot-fiduwmqfacjatlgbvkmplcrtzqbj/Build/Intermediates.noindex/ArchiveIntermediates/Switchbot\ WatchKit\ App/IntermediateBuildFilesPath/Switchbot.build/Debug-watchos/Switchbot\ WatchKit\ Extension.build/Objects-normal/arm64/Switchbot_WatchKit_Extension-Swift.h -working-directory /Users/alextud/projects/switchbot-watch -experimental-emit-module-separately -disable-cmo

Ld /Users/alextud/Library/Developer/Xcode/DerivedData/Switchbot-fiduwmqfacjatlgbvkmplcrtzqbj/Build/Intermediates.noindex/ArchiveIntermediates/Switchbot\ WatchKit\ App/IntermediateBuildFilesPath/Switchbot.build/Debug-watchos/Switchbot\ WatchKit\ Extension.build/Objects-normal/armv7k/Binary/Switchbot\ WatchKit\ Extension normal armv7k (in target 'Switchbot WatchKit Extension' from project 'Switchbot')
    cd /Users/alextud/projects/switchbot-watch
    /Applications/Xcode.app/Contents/Developer/Toolchains/XcodeDefault.xctoolchain/usr/bin/clang -Xlinker -reproducible -target armv7k-apple-watchos7.0 -isysroot /Applications/Xcode.app/Contents/Developer/Platforms/WatchOS.platform/Developer/SDKs/WatchOS26.2.sdk -O0 -L/Users/alextud/Library/Developer/Xcode/DerivedData/Switchbot-fiduwmqfacjatlgbvkmplcrtzqbj/Build/Intermediates.noindex/ArchiveIntermediates/Switchbot\ WatchKit\ App/IntermediateBuildFilesPath/EagerLinkingTBDs/Debug-watchos -L/Users/alextud/Library/Developer/Xcode/DerivedData/Switchbot-fiduwmqfacjatlgbvkmplcrtzqbj/Build/Intermediates.noindex/ArchiveIntermediates/Switchbot\ WatchKit\ App/BuildProductsPath/Debug-watchos -F/Users/alextud/Library/Developer/Xcode/DerivedData/Switchbot-fiduwmqfacjatlgbvkmplcrtzqbj/Build/Intermediates.noindex/ArchiveIntermediates/Switchbot\ WatchKit\ App/IntermediateBuildFilesPath/EagerLinkingTBDs/Debug-watchos -F/Users/alextud/Library/Developer/Xcode/DerivedData/Switchbot-fiduwmqfacjatlgbvkmplcrtzqbj/Build/Intermediates.noindex/ArchiveIntermediates/Switchbot\ WatchKit\ App/BuildProductsPath/Debug-watchos -filelist /Users/alextud/Library/Developer/Xcode/DerivedData/Switchbot-fiduwmqfacjatlgbvkmplcrtzqbj/Build/Intermediates.noindex/ArchiveIntermediates/Switchbot\ WatchKit\ App/IntermediateBuildFilesPath/Switchbot.build/Debug-watchos/Switchbot\ WatchKit\ Extension.build/Objects-normal/armv7k/Switchbot\ WatchKit\ Extension.LinkFileList -Xlinker -rpath -Xlinker /usr/lib/swift -Xlinker -rpath -Xlinker @executable_path/Frameworks -Xlinker -rpath -Xlinker @executable_path/../../Frameworks -dead_strip -Xlinker -object_path_lto -Xlinker /Users/alextud/Library/Developer/Xcode/DerivedData/Switchbot-fiduwmqfacjatlgbvkmplcrtzqbj/Build/Intermediates.noindex/ArchiveIntermediates/Switchbot\ WatchKit\ App/IntermediateBuildFilesPath/Switchbot.build/Debug-watchos/Switchbot\ WatchKit\ Extension.build/Objects-normal/armv7k/Switchbot\ WatchKit\ Extension_lto.o -rdynamic -Xlinker -no_deduplicate -Xlinker -dependency_info -Xlinker /Users/alextud/Library/Developer/Xcode/DerivedData/Switchbot-fiduwmqfacjatlgbvkmplcrtzqbj/Build/Intermediates.noindex/ArchiveIntermediates/Switchbot\ WatchKit\ App/IntermediateBuildFilesPath/Switchbot.build/Debug-watchos/Switchbot\ WatchKit\ Extension.build/Objects-normal/armv7k/Switchbot\ WatchKit\ Extension_dependency_info.dat -e _WKExtensionMain -fapplication-extension -fobjc-link-runtime -L/Applications/Xcode.app/Contents/Developer/Toolchains/XcodeDefault.xctoolchain/usr/lib/swift/watchos -L/usr/lib/swift -Xlinker -add_ast_path -Xlinker /Users/alextud/Library/Developer/Xcode/DerivedData/Switchbot-fiduwmqfacjatlgbvkmplcrtzqbj/Build/Intermediates.noindex/ArchiveIntermediates/Switchbot\ WatchKit\ App/IntermediateBuildFilesPath/Switchbot.build/Debug-watchos/Switchbot\ WatchKit\ Extension.build/Objects-normal/armv7k/Switchbot_WatchKit_Extension.swiftmodule @/Users/alextud/Library/Developer/Xcode/DerivedData/Switchbot-fiduwmqfacjatlgbvkmplcrtzqbj/Build/Intermediates.noindex/ArchiveIntermediates/Switchbot\ WatchKit\ App/IntermediateBuildFilesPath/Switchbot.build/Debug-watchos/Switchbot\ WatchKit\ Extension.build/Objects-normal/armv7k/Switchbot_WatchKit_Extension-linker-args.resp -framework WatchKit -Xlinker -no_adhoc_codesign -o /Users/alextud/Library/Developer/Xcode/DerivedData/Switchbot-fiduwmqfacjatlgbvkmplcrtzqbj/Build/Intermediates.noindex/ArchiveIntermediates/Switchbot\ WatchKit\ App/IntermediateBuildFilesPath/Switchbot.build/Debug-watchos/Switchbot\ WatchKit\ Extension.build/Objects-normal/armv7k/Binary/Switchbot\ WatchKit\ Extension

Ld /Users/alextud/Library/Developer/Xcode/DerivedData/Switchbot-fiduwmqfacjatlgbvkmplcrtzqbj/Build/Intermediates.noindex/ArchiveIntermediates/Switchbot\ WatchKit\ App/IntermediateBuildFilesPath/Switchbot.build/Debug-watchos/Switchbot\ WatchKit\ Extension.build/Objects-normal/arm64/Binary/Switchbot\ WatchKit\ Extension normal arm64 (in target 'Switchbot WatchKit Extension' from project 'Switchbot')
    cd /Users/alextud/projects/switchbot-watch
    /Applications/Xcode.app/Contents/Developer/Toolchains/XcodeDefault.xctoolchain/usr/bin/clang -Xlinker -reproducible -target arm64-apple-watchos7.0 -isysroot /Applications/Xcode.app/Contents/Developer/Platforms/WatchOS.platform/Developer/SDKs/WatchOS26.2.sdk -O0 -L/Users/alextud/Library/Developer/Xcode/DerivedData/Switchbot-fiduwmqfacjatlgbvkmplcrtzqbj/Build/Intermediates.noindex/ArchiveIntermediates/Switchbot\ WatchKit\ App/IntermediateBuildFilesPath/EagerLinkingTBDs/Debug-watchos -L/Users/alextud/Library/Developer/Xcode/DerivedData/Switchbot-fiduwmqfacjatlgbvkmplcrtzqbj/Build/Intermediates.noindex/ArchiveIntermediates/Switchbot\ WatchKit\ App/BuildProductsPath/Debug-watchos -F/Users/alextud/Library/Developer/Xcode/DerivedData/Switchbot-fiduwmqfacjatlgbvkmplcrtzqbj/Build/Intermediates.noindex/ArchiveIntermediates/Switchbot\ WatchKit\ App/IntermediateBuildFilesPath/EagerLinkingTBDs/Debug-watchos -F/Users/alextud/Library/Developer/Xcode/DerivedData/Switchbot-fiduwmqfacjatlgbvkmplcrtzqbj/Build/Intermediates.noindex/ArchiveIntermediates/Switchbot\ WatchKit\ App/BuildProductsPath/Debug-watchos -filelist /Users/alextud/Library/Developer/Xcode/DerivedData/Switchbot-fiduwmqfacjatlgbvkmplcrtzqbj/Build/Intermediates.noindex/ArchiveIntermediates/Switchbot\ WatchKit\ App/IntermediateBuildFilesPath/Switchbot.build/Debug-watchos/Switchbot\ WatchKit\ Extension.build/Objects-normal/arm64/Switchbot\ WatchKit\ Extension.LinkFileList -Xlinker -rpath -Xlinker /usr/lib/swift -Xlinker -rpath -Xlinker @executable_path/Frameworks -Xlinker -rpath -Xlinker @executable_path/../../Frameworks -dead_strip -Xlinker -object_path_lto -Xlinker /Users/alextud/Library/Developer/Xcode/DerivedData/Switchbot-fiduwmqfacjatlgbvkmplcrtzqbj/Build/Intermediates.noindex/ArchiveIntermediates/Switchbot\ WatchKit\ App/IntermediateBuildFilesPath/Switchbot.build/Debug-watchos/Switchbot\ WatchKit\ Extension.build/Objects-normal/arm64/Switchbot\ WatchKit\ Extension_lto.o -rdynamic -Xlinker -no_deduplicate -Xlinker -dependency_info -Xlinker /Users/alextud/Library/Developer/Xcode/DerivedData/Switchbot-fiduwmqfacjatlgbvkmplcrtzqbj/Build/Intermediates.noindex/ArchiveIntermediates/Switchbot\ WatchKit\ App/IntermediateBuildFilesPath/Switchbot.build/Debug-watchos/Switchbot\ WatchKit\ Extension.build/Objects-normal/arm64/Switchbot\ WatchKit\ Extension_dependency_info.dat -e _WKExtensionMain -fapplication-extension -fobjc-link-runtime -L/Applications/Xcode.app/Contents/Developer/Toolchains/XcodeDefault.xctoolchain/usr/lib/swift/watchos -L/usr/lib/swift -Xlinker -add_ast_path -Xlinker /Users/alextud/Library/Developer/Xcode/DerivedData/Switchbot-fiduwmqfacjatlgbvkmplcrtzqbj/Build/Intermediates.noindex/ArchiveIntermediates/Switchbot\ WatchKit\ App/IntermediateBuildFilesPath/Switchbot.build/Debug-watchos/Switchbot\ WatchKit\ Extension.build/Objects-normal/arm64/Switchbot_WatchKit_Extension.swiftmodule @/Users/alextud/Library/Developer/Xcode/DerivedData/Switchbot-fiduwmqfacjatlgbvkmplcrtzqbj/Build/Intermediates.noindex/ArchiveIntermediates/Switchbot\ WatchKit\ App/IntermediateBuildFilesPath/Switchbot.build/Debug-watchos/Switchbot\ WatchKit\ Extension.build/Objects-normal/arm64/Switchbot_WatchKit_Extension-linker-args.resp -framework WatchKit -Xlinker -no_adhoc_codesign -o /Users/alextud/Library/Developer/Xcode/DerivedData/Switchbot-fiduwmqfacjatlgbvkmplcrtzqbj/Build/Intermediates.noindex/ArchiveIntermediates/Switchbot\ WatchKit\ App/IntermediateBuildFilesPath/Switchbot.build/Debug-watchos/Switchbot\ WatchKit\ Extension.build/Objects-normal/arm64/Binary/Switchbot\ WatchKit\ Extension

SwiftDriverJobDiscovery normal arm64_32 Compiling BluetoothController.swift (in target 'Switchbot WatchKit Extension' from project 'Switchbot')

SwiftDriverJobDiscovery normal arm64_32 Compiling GeneratedAssetSymbols.swift (in target 'Switchbot WatchKit Extension' from project 'Switchbot')

SwiftDriver\ Compilation Switchbot\ WatchKit\ Extension normal arm64_32 com.apple.xcode.tools.swift.compiler (in target 'Switchbot WatchKit Extension' from project 'Switchbot')
    cd /Users/alextud/projects/switchbot-watch
    builtin-Swift-Compilation -- /Applications/Xcode.app/Contents/Developer/Toolchains/XcodeDefault.xctoolchain/usr/bin/swiftc -module-name Switchbot_WatchKit_Extension -Onone -enforce-exclusivity\=checked @/Users/alextud/Library/Developer/Xcode/DerivedData/Switchbot-fiduwmqfacjatlgbvkmplcrtzqbj/Build/Intermediates.noindex/ArchiveIntermediates/Switchbot\ WatchKit\ App/IntermediateBuildFilesPath/Switchbot.build/Debug-watchos/Switchbot\ WatchKit\ Extension.build/Objects-normal/arm64_32/Switchbot\ WatchKit\ Extension.SwiftFileList -DDEBUG -enable-bare-slash-regex -enable-experimental-feature DebugDescriptionMacro -sdk /Applications/Xcode.app/Contents/Developer/Platforms/WatchOS.platform/Developer/SDKs/WatchOS26.2.sdk -target arm64_32-apple-watchos7.0 -g -module-cache-path /Users/alextud/Library/Developer/Xcode/DerivedData/ModuleCache.noindex -Xfrontend -serialize-debugging-options -application-extension -enable-testing -Xcc -D_LIBCPP_HARDENING_MODE\=_LIBCPP_HARDENING_MODE_DEBUG -swift-version 5 -I /Users/alextud/Library/Developer/Xcode/DerivedData/Switchbot-fiduwmqfacjatlgbvkmplcrtzqbj/Build/Intermediates.noindex/ArchiveIntermediates/Switchbot\ WatchKit\ App/BuildProductsPath/Debug-watchos -F /Users/alextud/Library/Developer/Xcode/DerivedData/Switchbot-fiduwmqfacjatlgbvkmplcrtzqbj/Build/Intermediates.noindex/ArchiveIntermediates/Switchbot\ WatchKit\ App/BuildProductsPath/Debug-watchos -c -j8 -enable-batch-mode -incremental -Xcc -ivfsstatcache -Xcc /Users/alextud/Library/Developer/Xcode/DerivedData/SDKStatCaches.noindex/watchos26.2-23S303-1abbb35d52aede1f27e3564e4e5a82d7.sdkstatcache -output-file-map /Users/alextud/Library/Developer/Xcode/DerivedData/Switchbot-fiduwmqfacjatlgbvkmplcrtzqbj/Build/Intermediates.noindex/ArchiveIntermediates/Switchbot\ WatchKit\ App/IntermediateBuildFilesPath/Switchbot.build/Debug-watchos/Switchbot\ WatchKit\ Extension.build/Objects-normal/arm64_32/Switchbot\ WatchKit\ Extension-OutputFileMap.json -use-frontend-parseable-output -save-temps -no-color-diagnostics -explicit-module-build -module-cache-path /Users/alextud/Library/Developer/Xcode/DerivedData/Switchbot-fiduwmqfacjatlgbvkmplcrtzqbj/Build/Intermediates.noindex/ArchiveIntermediates/Switchbot\ WatchKit\ App/IntermediateBuildFilesPath/SwiftExplicitPrecompiledModules -clang-scanner-module-cache-path /Users/alextud/Library/Developer/Xcode/DerivedData/ModuleCache.noindex -sdk-module-cache-path /Users/alextud/Library/Developer/Xcode/DerivedData/ModuleCache.noindex -serialize-diagnostics -emit-dependencies -emit-module -emit-module-path /Users/alextud/Library/Developer/Xcode/DerivedData/Switchbot-fiduwmqfacjatlgbvkmplcrtzqbj/Build/Intermediates.noindex/ArchiveIntermediates/Switchbot\ WatchKit\ App/IntermediateBuildFilesPath/Switchbot.build/Debug-watchos/Switchbot\ WatchKit\ Extension.build/Objects-normal/arm64_32/Switchbot_WatchKit_Extension.swiftmodule -validate-clang-modules-once -clang-build-session-file /Users/alextud/Library/Developer/Xcode/DerivedData/ModuleCache.noindex/Session.modulevalidation -Xcc -I/Users/alextud/Library/Developer/Xcode/DerivedData/Switchbot-fiduwmqfacjatlgbvkmplcrtzqbj/Build/Intermediates.noindex/ArchiveIntermediates/Switchbot\ WatchKit\ App/IntermediateBuildFilesPath/Switchbot.build/Debug-watchos/Switchbot\ WatchKit\ Extension.build/swift-overrides.hmap -emit-const-values -Xfrontend -const-gather-protocols-file -Xfrontend /Users/alextud/Library/Developer/Xcode/DerivedData/Switchbot-fiduwmqfacjatlgbvkmplcrtzqbj/Build/Intermediates.noindex/ArchiveIntermediates/Switchbot\ WatchKit\ App/IntermediateBuildFilesPath/Switchbot.build/Debug-watchos/Switchbot\ WatchKit\ Extension.build/Objects-normal/arm64_32/Switchbot\ WatchKit\ Extension_const_extract_protocols.json -Xcc -iquote -Xcc /Users/alextud/Library/Developer/Xcode/DerivedData/Switchbot-fiduwmqfacjatlgbvkmplcrtzqbj/Build/Intermediates.noindex/ArchiveIntermediates/Switchbot\ WatchKit\ App/IntermediateBuildFilesPath/Switchbot.build/Debug-watchos/Switchbot\ WatchKit\ Extension.build/Switchbot\ WatchKit\ Extension-generated-files.hmap -Xcc -I/Users/alextud/Library/Developer/Xcode/DerivedData/Switchbot-fiduwmqfacjatlgbvkmplcrtzqbj/Build/Intermediates.noindex/ArchiveIntermediates/Switchbot\ WatchKit\ App/IntermediateBuildFilesPath/Switchbot.build/Debug-watchos/Switchbot\ WatchKit\ Extension.build/Switchbot\ WatchKit\ Extension-own-target-headers.hmap -Xcc -I/Users/alextud/Library/Developer/Xcode/DerivedData/Switchbot-fiduwmqfacjatlgbvkmplcrtzqbj/Build/Intermediates.noindex/ArchiveIntermediates/Switchbot\ WatchKit\ App/IntermediateBuildFilesPath/Switchbot.build/Debug-watchos/Switchbot\ WatchKit\ Extension.build/Switchbot\ WatchKit\ Extension-all-target-headers.hmap -Xcc -iquote -Xcc /Users/alextud/Library/Developer/Xcode/DerivedData/Switchbot-fiduwmqfacjatlgbvkmplcrtzqbj/Build/Intermediates.noindex/ArchiveIntermediates/Switchbot\ WatchKit\ App/IntermediateBuildFilesPath/Switchbot.build/Debug-watchos/Switchbot\ WatchKit\ Extension.build/Switchbot\ WatchKit\ Extension-project-headers.hmap -Xcc -I/Users/alextud/Library/Developer/Xcode/DerivedData/Switchbot-fiduwmqfacjatlgbvkmplcrtzqbj/Build/Intermediates.noindex/ArchiveIntermediates/Switchbot\ WatchKit\ App/BuildProductsPath/Debug-watchos/include -Xcc -I/Users/alextud/Library/Developer/Xcode/DerivedData/Switchbot-fiduwmqfacjatlgbvkmplcrtzqbj/Build/Intermediates.noindex/ArchiveIntermediates/Switchbot\ WatchKit\ App/IntermediateBuildFilesPath/Switchbot.build/Debug-watchos/Switchbot\ WatchKit\ Extension.build/DerivedSources-normal/arm64_32 -Xcc -I/Users/alextud/Library/Developer/Xcode/DerivedData/Switchbot-fiduwmqfacjatlgbvkmplcrtzqbj/Build/Intermediates.noindex/ArchiveIntermediates/Switchbot\ WatchKit\ App/IntermediateBuildFilesPath/Switchbot.build/Debug-watchos/Switchbot\ WatchKit\ Extension.build/DerivedSources/arm64_32 -Xcc -I/Users/alextud/Library/Developer/Xcode/DerivedData/Switchbot-fiduwmqfacjatlgbvkmplcrtzqbj/Build/Intermediates.noindex/ArchiveIntermediates/Switchbot\ WatchKit\ App/IntermediateBuildFilesPath/Switchbot.build/Debug-watchos/Switchbot\ WatchKit\ Extension.build/DerivedSources -Xcc -DDEBUG\=1 -emit-objc-header -emit-objc-header-path /Users/alextud/Library/Developer/Xcode/DerivedData/Switchbot-fiduwmqfacjatlgbvkmplcrtzqbj/Build/Intermediates.noindex/ArchiveIntermediates/Switchbot\ WatchKit\ App/IntermediateBuildFilesPath/Switchbot.build/Debug-watchos/Switchbot\ WatchKit\ Extension.build/Objects-normal/arm64_32/Switchbot_WatchKit_Extension-Swift.h -working-directory /Users/alextud/projects/switchbot-watch -experimental-emit-module-separately -disable-cmo

Ld /Users/alextud/Library/Developer/Xcode/DerivedData/Switchbot-fiduwmqfacjatlgbvkmplcrtzqbj/Build/Intermediates.noindex/ArchiveIntermediates/Switchbot\ WatchKit\ App/IntermediateBuildFilesPath/Switchbot.build/Debug-watchos/Switchbot\ WatchKit\ Extension.build/Objects-normal/arm64_32/Binary/Switchbot\ WatchKit\ Extension normal arm64_32 (in target 'Switchbot WatchKit Extension' from project 'Switchbot')
    cd /Users/alextud/projects/switchbot-watch
    /Applications/Xcode.app/Contents/Developer/Toolchains/XcodeDefault.xctoolchain/usr/bin/clang -Xlinker -reproducible -target arm64_32-apple-watchos7.0 -isysroot /Applications/Xcode.app/Contents/Developer/Platforms/WatchOS.platform/Developer/SDKs/WatchOS26.2.sdk -O0 -L/Users/alextud/Library/Developer/Xcode/DerivedData/Switchbot-fiduwmqfacjatlgbvkmplcrtzqbj/Build/Intermediates.noindex/ArchiveIntermediates/Switchbot\ WatchKit\ App/IntermediateBuildFilesPath/EagerLinkingTBDs/Debug-watchos -L/Users/alextud/Library/Developer/Xcode/DerivedData/Switchbot-fiduwmqfacjatlgbvkmplcrtzqbj/Build/Intermediates.noindex/ArchiveIntermediates/Switchbot\ WatchKit\ App/BuildProductsPath/Debug-watchos -F/Users/alextud/Library/Developer/Xcode/DerivedData/Switchbot-fiduwmqfacjatlgbvkmplcrtzqbj/Build/Intermediates.noindex/ArchiveIntermediates/Switchbot\ WatchKit\ App/IntermediateBuildFilesPath/EagerLinkingTBDs/Debug-watchos -F/Users/alextud/Library/Developer/Xcode/DerivedData/Switchbot-fiduwmqfacjatlgbvkmplcrtzqbj/Build/Intermediates.noindex/ArchiveIntermediates/Switchbot\ WatchKit\ App/BuildProductsPath/Debug-watchos -filelist /Users/alextud/Library/Developer/Xcode/DerivedData/Switchbot-fiduwmqfacjatlgbvkmplcrtzqbj/Build/Intermediates.noindex/ArchiveIntermediates/Switchbot\ WatchKit\ App/IntermediateBuildFilesPath/Switchbot.build/Debug-watchos/Switchbot\ WatchKit\ Extension.build/Objects-normal/arm64_32/Switchbot\ WatchKit\ Extension.LinkFileList -Xlinker -rpath -Xlinker /usr/lib/swift -Xlinker -rpath -Xlinker @executable_path/Frameworks -Xlinker -rpath -Xlinker @executable_path/../../Frameworks -dead_strip -Xlinker -object_path_lto -Xlinker /Users/alextud/Library/Developer/Xcode/DerivedData/Switchbot-fiduwmqfacjatlgbvkmplcrtzqbj/Build/Intermediates.noindex/ArchiveIntermediates/Switchbot\ WatchKit\ App/IntermediateBuildFilesPath/Switchbot.build/Debug-watchos/Switchbot\ WatchKit\ Extension.build/Objects-normal/arm64_32/Switchbot\ WatchKit\ Extension_lto.o -rdynamic -Xlinker -no_deduplicate -Xlinker -dependency_info -Xlinker /Users/alextud/Library/Developer/Xcode/DerivedData/Switchbot-fiduwmqfacjatlgbvkmplcrtzqbj/Build/Intermediates.noindex/ArchiveIntermediates/Switchbot\ WatchKit\ App/IntermediateBuildFilesPath/Switchbot.build/Debug-watchos/Switchbot\ WatchKit\ Extension.build/Objects-normal/arm64_32/Switchbot\ WatchKit\ Extension_dependency_info.dat -e _WKExtensionMain -fapplication-extension -fobjc-link-runtime -L/Applications/Xcode.app/Contents/Developer/Toolchains/XcodeDefault.xctoolchain/usr/lib/swift/watchos -L/usr/lib/swift -Xlinker -add_ast_path -Xlinker /Users/alextud/Library/Developer/Xcode/DerivedData/Switchbot-fiduwmqfacjatlgbvkmplcrtzqbj/Build/Intermediates.noindex/ArchiveIntermediates/Switchbot\ WatchKit\ App/IntermediateBuildFilesPath/Switchbot.build/Debug-watchos/Switchbot\ WatchKit\ Extension.build/Objects-normal/arm64_32/Switchbot_WatchKit_Extension.swiftmodule @/Users/alextud/Library/Developer/Xcode/DerivedData/Switchbot-fiduwmqfacjatlgbvkmplcrtzqbj/Build/Intermediates.noindex/ArchiveIntermediates/Switchbot\ WatchKit\ App/IntermediateBuildFilesPath/Switchbot.build/Debug-watchos/Switchbot\ WatchKit\ Extension.build/Objects-normal/arm64_32/Switchbot_WatchKit_Extension-linker-args.resp -framework WatchKit -Xlinker -no_adhoc_codesign -o /Users/alextud/Library/Developer/Xcode/DerivedData/Switchbot-fiduwmqfacjatlgbvkmplcrtzqbj/Build/Intermediates.noindex/ArchiveIntermediates/Switchbot\ WatchKit\ App/IntermediateBuildFilesPath/Switchbot.build/Debug-watchos/Switchbot\ WatchKit\ Extension.build/Objects-normal/arm64_32/Binary/Switchbot\ WatchKit\ Extension

CreateUniversalBinary /Users/alextud/Library/Developer/Xcode/DerivedData/Switchbot-fiduwmqfacjatlgbvkmplcrtzqbj/Build/Intermediates.noindex/ArchiveIntermediates/Switchbot\ WatchKit\ App/IntermediateBuildFilesPath/UninstalledProducts/watchos/Switchbot\ WatchKit\ Extension.appex/Switchbot\ WatchKit\ Extension normal arm64\ armv7k\ arm64_32 (in target 'Switchbot WatchKit Extension' from project 'Switchbot')
    cd /Users/alextud/projects/switchbot-watch
    /Applications/Xcode.app/Contents/Developer/Toolchains/XcodeDefault.xctoolchain/usr/bin/lipo -create /Users/alextud/Library/Developer/Xcode/DerivedData/Switchbot-fiduwmqfacjatlgbvkmplcrtzqbj/Build/Intermediates.noindex/ArchiveIntermediates/Switchbot\ WatchKit\ App/IntermediateBuildFilesPath/Switchbot.build/Debug-watchos/Switchbot\ WatchKit\ Extension.build/Objects-normal/arm64/Binary/Switchbot\ WatchKit\ Extension /Users/alextud/Library/Developer/Xcode/DerivedData/Switchbot-fiduwmqfacjatlgbvkmplcrtzqbj/Build/Intermediates.noindex/ArchiveIntermediates/Switchbot\ WatchKit\ App/IntermediateBuildFilesPath/Switchbot.build/Debug-watchos/Switchbot\ WatchKit\ Extension.build/Objects-normal/armv7k/Binary/Switchbot\ WatchKit\ Extension /Users/alextud/Library/Developer/Xcode/DerivedData/Switchbot-fiduwmqfacjatlgbvkmplcrtzqbj/Build/Intermediates.noindex/ArchiveIntermediates/Switchbot\ WatchKit\ App/IntermediateBuildFilesPath/Switchbot.build/Debug-watchos/Switchbot\ WatchKit\ Extension.build/Objects-normal/arm64_32/Binary/Switchbot\ WatchKit\ Extension -output /Users/alextud/Library/Developer/Xcode/DerivedData/Switchbot-fiduwmqfacjatlgbvkmplcrtzqbj/Build/Intermediates.noindex/ArchiveIntermediates/Switchbot\ WatchKit\ App/IntermediateBuildFilesPath/UninstalledProducts/watchos/Switchbot\ WatchKit\ Extension.appex/Switchbot\ WatchKit\ Extension

ExtractAppIntentsMetadata (in target 'Switchbot WatchKit Extension' from project 'Switchbot')
    cd /Users/alextud/projects/switchbot-watch
    /Applications/Xcode.app/Contents/Developer/Toolchains/XcodeDefault.xctoolchain/usr/bin/appintentsmetadataprocessor --toolchain-dir /Applications/Xcode.app/Contents/Developer/Toolchains/XcodeDefault.xctoolchain --module-name Switchbot_WatchKit_Extension --sdk-root /Applications/Xcode.app/Contents/Developer/Platforms/WatchOS.platform/Developer/SDKs/WatchOS26.2.sdk --xcode-version 17C52 --platform-family watchOS --deployment-target 7.0 --bundle-identifier com.tapp1.switchbot.watchkitapp.watchkitextension --output /Users/alextud/Library/Developer/Xcode/DerivedData/Switchbot-fiduwmqfacjatlgbvkmplcrtzqbj/Build/Intermediates.noindex/ArchiveIntermediates/Switchbot\ WatchKit\ App/IntermediateBuildFilesPath/UninstalledProducts/watchos/Switchbot\ WatchKit\ Extension.appex --target-triple arm64-apple-watchos7.0 --target-triple armv7k-apple-watchos7.0 --target-triple arm64_32-apple-watchos7.0 --binary-file /Users/alextud/Library/Developer/Xcode/DerivedData/Switchbot-fiduwmqfacjatlgbvkmplcrtzqbj/Build/Intermediates.noindex/ArchiveIntermediates/Switchbot\ WatchKit\ App/IntermediateBuildFilesPath/UninstalledProducts/watchos/Switchbot\ WatchKit\ Extension.appex/Switchbot\ WatchKit\ Extension --dependency-file /Users/alextud/Library/Developer/Xcode/DerivedData/Switchbot-fiduwmqfacjatlgbvkmplcrtzqbj/Build/Intermediates.noindex/ArchiveIntermediates/Switchbot\ WatchKit\ App/IntermediateBuildFilesPath/Switchbot.build/Debug-watchos/Switchbot\ WatchKit\ Extension.build/Objects-normal/arm64/Switchbot\ WatchKit\ Extension_dependency_info.dat --dependency-file /Users/alextud/Library/Developer/Xcode/DerivedData/Switchbot-fiduwmqfacjatlgbvkmplcrtzqbj/Build/Intermediates.noindex/ArchiveIntermediates/Switchbot\ WatchKit\ App/IntermediateBuildFilesPath/Switchbot.build/Debug-watchos/Switchbot\ WatchKit\ Extension.build/Objects-normal/armv7k/Switchbot\ WatchKit\ Extension_dependency_info.dat --dependency-file /Users/alextud/Library/Developer/Xcode/DerivedData/Switchbot-fiduwmqfacjatlgbvkmplcrtzqbj/Build/Intermediates.noindex/ArchiveIntermediates/Switchbot\ WatchKit\ App/IntermediateBuildFilesPath/Switchbot.build/Debug-watchos/Switchbot\ WatchKit\ Extension.build/Objects-normal/arm64_32/Switchbot\ WatchKit\ Extension_dependency_info.dat --stringsdata-file /Users/alextud/Library/Developer/Xcode/DerivedData/Switchbot-fiduwmqfacjatlgbvkmplcrtzqbj/Build/Intermediates.noindex/ArchiveIntermediates/Switchbot\ WatchKit\ App/IntermediateBuildFilesPath/Switchbot.build/Debug-watchos/Switchbot\ WatchKit\ Extension.build/Objects-normal/arm64/ExtractedAppShortcutsMetadata.stringsdata --stringsdata-file /Users/alextud/Library/Developer/Xcode/DerivedData/Switchbot-fiduwmqfacjatlgbvkmplcrtzqbj/Build/Intermediates.noindex/ArchiveIntermediates/Switchbot\ WatchKit\ App/IntermediateBuildFilesPath/Switchbot.build/Debug-watchos/Switchbot\ WatchKit\ Extension.build/Objects-normal/armv7k/ExtractedAppShortcutsMetadata.stringsdata --stringsdata-file /Users/alextud/Library/Developer/Xcode/DerivedData/Switchbot-fiduwmqfacjatlgbvkmplcrtzqbj/Build/Intermediates.noindex/ArchiveIntermediates/Switchbot\ WatchKit\ App/IntermediateBuildFilesPath/Switchbot.build/Debug-watchos/Switchbot\ WatchKit\ Extension.build/Objects-normal/arm64_32/ExtractedAppShortcutsMetadata.stringsdata --source-file-list /Users/alextud/Library/Developer/Xcode/DerivedData/Switchbot-fiduwmqfacjatlgbvkmplcrtzqbj/Build/Intermediates.noindex/ArchiveIntermediates/Switchbot\ WatchKit\ App/IntermediateBuildFilesPath/Switchbot.build/Debug-watchos/Switchbot\ WatchKit\ Extension.build/Objects-normal/arm64/Switchbot\ WatchKit\ Extension.SwiftFileList --source-file-list /Users/alextud/Library/Developer/Xcode/DerivedData/Switchbot-fiduwmqfacjatlgbvkmplcrtzqbj/Build/Intermediates.noindex/ArchiveIntermediates/Switchbot\ WatchKit\ App/IntermediateBuildFilesPath/Switchbot.build/Debug-watchos/Switchbot\ WatchKit\ Extension.build/Objects-normal/armv7k/Switchbot\ WatchKit\ Extension.SwiftFileList --source-file-list /Users/alextud/Library/Developer/Xcode/DerivedData/Switchbot-fiduwmqfacjatlgbvkmplcrtzqbj/Build/Intermediates.noindex/ArchiveIntermediates/Switchbot\ WatchKit\ App/IntermediateBuildFilesPath/Switchbot.build/Debug-watchos/Switchbot\ WatchKit\ Extension.build/Objects-normal/arm64_32/Switchbot\ WatchKit\ Extension.SwiftFileList --metadata-file-list /Users/alextud/Library/Developer/Xcode/DerivedData/Switchbot-fiduwmqfacjatlgbvkmplcrtzqbj/Build/Intermediates.noindex/ArchiveIntermediates/Switchbot\ WatchKit\ App/IntermediateBuildFilesPath/Switchbot.build/Debug-watchos/Switchbot\ WatchKit\ Extension.build/Switchbot\ WatchKit\ Extension.DependencyMetadataFileList --static-metadata-file-list /Users/alextud/Library/Developer/Xcode/DerivedData/Switchbot-fiduwmqfacjatlgbvkmplcrtzqbj/Build/Intermediates.noindex/ArchiveIntermediates/Switchbot\ WatchKit\ App/IntermediateBuildFilesPath/Switchbot.build/Debug-watchos/Switchbot\ WatchKit\ Extension.build/Switchbot\ WatchKit\ Extension.DependencyStaticMetadataFileList --swift-const-vals-list /Users/alextud/Library/Developer/Xcode/DerivedData/Switchbot-fiduwmqfacjatlgbvkmplcrtzqbj/Build/Intermediates.noindex/ArchiveIntermediates/Switchbot\ WatchKit\ App/IntermediateBuildFilesPath/Switchbot.build/Debug-watchos/Switchbot\ WatchKit\ Extension.build/Objects-normal/arm64/Switchbot\ WatchKit\ Extension.SwiftConstValuesFileList --swift-const-vals-list /Users/alextud/Library/Developer/Xcode/DerivedData/Switchbot-fiduwmqfacjatlgbvkmplcrtzqbj/Build/Intermediates.noindex/ArchiveIntermediates/Switchbot\ WatchKit\ App/IntermediateBuildFilesPath/Switchbot.build/Debug-watchos/Switchbot\ WatchKit\ Extension.build/Objects-normal/armv7k/Switchbot\ WatchKit\ Extension.SwiftConstValuesFileList --swift-const-vals-list /Users/alextud/Library/Developer/Xcode/DerivedData/Switchbot-fiduwmqfacjatlgbvkmplcrtzqbj/Build/Intermediates.noindex/ArchiveIntermediates/Switchbot\ WatchKit\ App/IntermediateBuildFilesPath/Switchbot.build/Debug-watchos/Switchbot\ WatchKit\ Extension.build/Objects-normal/arm64_32/Switchbot\ WatchKit\ Extension.SwiftConstValuesFileList --compile-time-extraction --deployment-aware-processing --validate-assistant-intents --no-app-shortcuts-localization
2026-02-15 14:35:32.992 appintentsmetadataprocessor[88757:1966488] Starting appintentsmetadataprocessor export
2026-02-15 14:35:33.098 appintentsmetadataprocessor[88757:1966488] Extracted no relevant App Intents symbols, skipping writing output

SetOwnerAndGroup alextud:staff /Users/alextud/Library/Developer/Xcode/DerivedData/Switchbot-fiduwmqfacjatlgbvkmplcrtzqbj/Build/Intermediates.noindex/ArchiveIntermediates/Switchbot\ WatchKit\ App/IntermediateBuildFilesPath/UninstalledProducts/watchos/Switchbot\ WatchKit\ Extension.appex (in target 'Switchbot WatchKit Extension' from project 'Switchbot')
    cd /Users/alextud/projects/switchbot-watch
    /usr/sbin/chown -RH alextud:staff /Users/alextud/Library/Developer/Xcode/DerivedData/Switchbot-fiduwmqfacjatlgbvkmplcrtzqbj/Build/Intermediates.noindex/ArchiveIntermediates/Switchbot\ WatchKit\ App/IntermediateBuildFilesPath/UninstalledProducts/watchos/Switchbot\ WatchKit\ Extension.appex

SetMode u+w,go-w,a+rX /Users/alextud/Library/Developer/Xcode/DerivedData/Switchbot-fiduwmqfacjatlgbvkmplcrtzqbj/Build/Intermediates.noindex/ArchiveIntermediates/Switchbot\ WatchKit\ App/IntermediateBuildFilesPath/UninstalledProducts/watchos/Switchbot\ WatchKit\ Extension.appex (in target 'Switchbot WatchKit Extension' from project 'Switchbot')
    cd /Users/alextud/projects/switchbot-watch
    /bin/chmod -RH u+w,go-w,a+rX /Users/alextud/Library/Developer/Xcode/DerivedData/Switchbot-fiduwmqfacjatlgbvkmplcrtzqbj/Build/Intermediates.noindex/ArchiveIntermediates/Switchbot\ WatchKit\ App/IntermediateBuildFilesPath/UninstalledProducts/watchos/Switchbot\ WatchKit\ Extension.appex

CodeSign /Users/alextud/Library/Developer/Xcode/DerivedData/Switchbot-fiduwmqfacjatlgbvkmplcrtzqbj/Build/Intermediates.noindex/ArchiveIntermediates/Switchbot\ WatchKit\ App/IntermediateBuildFilesPath/UninstalledProducts/watchos/Switchbot\ WatchKit\ Extension.appex (in target 'Switchbot WatchKit Extension' from project 'Switchbot')
    cd /Users/alextud/projects/switchbot-watch
    
    Signing Identity:     "Apple Development: Alexandru Tudose (49M5Z6D88M)"
    Provisioning Profile: "iOS Team Provisioning Profile: com.tapp1.switchbot.watchkitapp.watchkitextension"
                          (7de30200-66ce-46de-807e-2927fe0a3778)
    
    /usr/bin/codesign --force --sign 5DD280F8354A65195695438833BA0C2411AE0766 --entitlements /Users/alextud/Library/Developer/Xcode/DerivedData/Switchbot-fiduwmqfacjatlgbvkmplcrtzqbj/Build/Intermediates.noindex/ArchiveIntermediates/Switchbot\ WatchKit\ App/IntermediateBuildFilesPath/Switchbot.build/Debug-watchos/Switchbot\ WatchKit\ Extension.build/Switchbot\ WatchKit\ Extension.appex.xcent --generate-entitlement-der /Users/alextud/Library/Developer/Xcode/DerivedData/Switchbot-fiduwmqfacjatlgbvkmplcrtzqbj/Build/Intermediates.noindex/ArchiveIntermediates/Switchbot\ WatchKit\ App/IntermediateBuildFilesPath/UninstalledProducts/watchos/Switchbot\ WatchKit\ Extension.appex

RegisterExecutionPolicyException /Users/alextud/Library/Developer/Xcode/DerivedData/Switchbot-fiduwmqfacjatlgbvkmplcrtzqbj/Build/Intermediates.noindex/ArchiveIntermediates/Switchbot\ WatchKit\ App/IntermediateBuildFilesPath/UninstalledProducts/watchos/Switchbot\ WatchKit\ Extension.appex (in target 'Switchbot WatchKit Extension' from project 'Switchbot')
    cd /Users/alextud/projects/switchbot-watch
    builtin-RegisterExecutionPolicyException /Users/alextud/Library/Developer/Xcode/DerivedData/Switchbot-fiduwmqfacjatlgbvkmplcrtzqbj/Build/Intermediates.noindex/ArchiveIntermediates/Switchbot\ WatchKit\ App/IntermediateBuildFilesPath/UninstalledProducts/watchos/Switchbot\ WatchKit\ Extension.appex

Touch /Users/alextud/Library/Developer/Xcode/DerivedData/Switchbot-fiduwmqfacjatlgbvkmplcrtzqbj/Build/Intermediates.noindex/ArchiveIntermediates/Switchbot\ WatchKit\ App/IntermediateBuildFilesPath/UninstalledProducts/watchos/Switchbot\ WatchKit\ Extension.appex (in target 'Switchbot WatchKit Extension' from project 'Switchbot')
    cd /Users/alextud/projects/switchbot-watch
    /usr/bin/touch -c /Users/alextud/Library/Developer/Xcode/DerivedData/Switchbot-fiduwmqfacjatlgbvkmplcrtzqbj/Build/Intermediates.noindex/ArchiveIntermediates/Switchbot\ WatchKit\ App/IntermediateBuildFilesPath/UninstalledProducts/watchos/Switchbot\ WatchKit\ Extension.appex

MkDir /Users/alextud/Library/Developer/Xcode/DerivedData/Switchbot-fiduwmqfacjatlgbvkmplcrtzqbj/Build/Intermediates.noindex/ArchiveIntermediates/Switchbot\ WatchKit\ App/IntermediateBuildFilesPath/Switchbot.build/Debug-watchos/Switchbot\ WatchKit\ App.build/assetcatalog_output/thinned (in target 'Switchbot WatchKit App' from project 'Switchbot')
    cd /Users/alextud/projects/switchbot-watch
    /bin/mkdir -p /Users/alextud/Library/Developer/Xcode/DerivedData/Switchbot-fiduwmqfacjatlgbvkmplcrtzqbj/Build/Intermediates.noindex/ArchiveIntermediates/Switchbot\ WatchKit\ App/IntermediateBuildFilesPath/Switchbot.build/Debug-watchos/Switchbot\ WatchKit\ App.build/assetcatalog_output/thinned

MkDir /Users/alextud/Library/Developer/Xcode/DerivedData/Switchbot-fiduwmqfacjatlgbvkmplcrtzqbj/Build/Intermediates.noindex/ArchiveIntermediates/Switchbot\ WatchKit\ App/IntermediateBuildFilesPath/Switchbot.build/Debug-watchos/Switchbot\ WatchKit\ App.build/assetcatalog_output/unthinned (in target 'Switchbot WatchKit App' from project 'Switchbot')
    cd /Users/alextud/projects/switchbot-watch
    /bin/mkdir -p /Users/alextud/Library/Developer/Xcode/DerivedData/Switchbot-fiduwmqfacjatlgbvkmplcrtzqbj/Build/Intermediates.noindex/ArchiveIntermediates/Switchbot\ WatchKit\ App/IntermediateBuildFilesPath/Switchbot.build/Debug-watchos/Switchbot\ WatchKit\ App.build/assetcatalog_output/unthinned

CompileAssetCatalogVariant thinned /Users/alextud/Library/Developer/Xcode/DerivedData/Switchbot-fiduwmqfacjatlgbvkmplcrtzqbj/Build/Intermediates.noindex/ArchiveIntermediates/Switchbot\ WatchKit\ App/IntermediateBuildFilesPath/UninstalledProducts/watchos/Switchbot\ WatchKit\ App.app /Users/alextud/projects/switchbot-watch/Switchbot\ WatchKit\ App/Assets.xcassets (in target 'Switchbot WatchKit App' from project 'Switchbot')
    cd /Users/alextud/projects/switchbot-watch
    /Applications/Xcode.app/Contents/Developer/usr/bin/actool /Users/alextud/projects/switchbot-watch/Switchbot\ WatchKit\ App/Assets.xcassets --compile /Users/alextud/Library/Developer/Xcode/DerivedData/Switchbot-fiduwmqfacjatlgbvkmplcrtzqbj/Build/Intermediates.noindex/ArchiveIntermediates/Switchbot\ WatchKit\ App/IntermediateBuildFilesPath/Switchbot.build/Debug-watchos/Switchbot\ WatchKit\ App.build/assetcatalog_output/thinned --output-format human-readable-text --notices --warnings --export-dependency-info /Users/alextud/Library/Developer/Xcode/DerivedData/Switchbot-fiduwmqfacjatlgbvkmplcrtzqbj/Build/Intermediates.noindex/ArchiveIntermediates/Switchbot\ WatchKit\ App/IntermediateBuildFilesPath/Switchbot.build/Debug-watchos/Switchbot\ WatchKit\ App.build/assetcatalog_dependencies_thinned --output-partial-info-plist /Users/alextud/Library/Developer/Xcode/DerivedData/Switchbot-fiduwmqfacjatlgbvkmplcrtzqbj/Build/Intermediates.noindex/ArchiveIntermediates/Switchbot\ WatchKit\ App/IntermediateBuildFilesPath/Switchbot.build/Debug-watchos/Switchbot\ WatchKit\ App.build/assetcatalog_generated_info.plist_thinned --app-icon AppIcon --accent-color AccentColor --target-device watch --compress-pngs --enable-on-demand-resources NO --development-region en --minimum-deployment-target 7.0 --platform watchos
/* com.apple.actool.compilation-results */
/Users/alextud/Library/Developer/Xcode/DerivedData/Switchbot-fiduwmqfacjatlgbvkmplcrtzqbj/Build/Intermediates.noindex/ArchiveIntermediates/Switchbot WatchKit App/IntermediateBuildFilesPath/Switchbot.build/Debug-watchos/Switchbot WatchKit App.build/assetcatalog_generated_info.plist_thinned
/Users/alextud/Library/Developer/Xcode/DerivedData/Switchbot-fiduwmqfacjatlgbvkmplcrtzqbj/Build/Intermediates.noindex/ArchiveIntermediates/Switchbot WatchKit App/IntermediateBuildFilesPath/Switchbot.build/Debug-watchos/Switchbot WatchKit App.build/assetcatalog_output/thinned/Assets.car


LinkAssetCatalog /Users/alextud/projects/switchbot-watch/Switchbot\ WatchKit\ App/Assets.xcassets (in target 'Switchbot WatchKit App' from project 'Switchbot')
    cd /Users/alextud/projects/switchbot-watch
    builtin-linkAssetCatalog --thinned /Users/alextud/Library/Developer/Xcode/DerivedData/Switchbot-fiduwmqfacjatlgbvkmplcrtzqbj/Build/Intermediates.noindex/ArchiveIntermediates/Switchbot\ WatchKit\ App/IntermediateBuildFilesPath/Switchbot.build/Debug-watchos/Switchbot\ WatchKit\ App.build/assetcatalog_output/thinned --thinned-dependencies /Users/alextud/Library/Developer/Xcode/DerivedData/Switchbot-fiduwmqfacjatlgbvkmplcrtzqbj/Build/Intermediates.noindex/ArchiveIntermediates/Switchbot\ WatchKit\ App/IntermediateBuildFilesPath/Switchbot.build/Debug-watchos/Switchbot\ WatchKit\ App.build/assetcatalog_dependencies_thinned --thinned-info-plist-content /Users/alextud/Library/Developer/Xcode/DerivedData/Switchbot-fiduwmqfacjatlgbvkmplcrtzqbj/Build/Intermediates.noindex/ArchiveIntermediates/Switchbot\ WatchKit\ App/IntermediateBuildFilesPath/Switchbot.build/Debug-watchos/Switchbot\ WatchKit\ App.build/assetcatalog_generated_info.plist_thinned --unthinned /Users/alextud/Library/Developer/Xcode/DerivedData/Switchbot-fiduwmqfacjatlgbvkmplcrtzqbj/Build/Intermediates.noindex/ArchiveIntermediates/Switchbot\ WatchKit\ App/IntermediateBuildFilesPath/Switchbot.build/Debug-watchos/Switchbot\ WatchKit\ App.build/assetcatalog_output/unthinned --unthinned-dependencies /Users/alextud/Library/Developer/Xcode/DerivedData/Switchbot-fiduwmqfacjatlgbvkmplcrtzqbj/Build/Intermediates.noindex/ArchiveIntermediates/Switchbot\ WatchKit\ App/IntermediateBuildFilesPath/Switchbot.build/Debug-watchos/Switchbot\ WatchKit\ App.build/assetcatalog_dependencies_unthinned --unthinned-info-plist-content /Users/alextud/Library/Developer/Xcode/DerivedData/Switchbot-fiduwmqfacjatlgbvkmplcrtzqbj/Build/Intermediates.noindex/ArchiveIntermediates/Switchbot\ WatchKit\ App/IntermediateBuildFilesPath/Switchbot.build/Debug-watchos/Switchbot\ WatchKit\ App.build/assetcatalog_generated_info.plist_unthinned --output /Users/alextud/Library/Developer/Xcode/DerivedData/Switchbot-fiduwmqfacjatlgbvkmplcrtzqbj/Build/Intermediates.noindex/ArchiveIntermediates/Switchbot\ WatchKit\ App/IntermediateBuildFilesPath/UninstalledProducts/watchos/Switchbot\ WatchKit\ App.app --plist-output /Users/alextud/Library/Developer/Xcode/DerivedData/Switchbot-fiduwmqfacjatlgbvkmplcrtzqbj/Build/Intermediates.noindex/ArchiveIntermediates/Switchbot\ WatchKit\ App/IntermediateBuildFilesPath/Switchbot.build/Debug-watchos/Switchbot\ WatchKit\ App.build/assetcatalog_generated_info.plist
note: Emplaced /Users/alextud/Library/Developer/Xcode/DerivedData/Switchbot-fiduwmqfacjatlgbvkmplcrtzqbj/Build/Intermediates.noindex/ArchiveIntermediates/Switchbot WatchKit App/IntermediateBuildFilesPath/UninstalledProducts/watchos/Switchbot WatchKit App.app/Assets.car (in target 'Switchbot WatchKit App' from project 'Switchbot')

Copy /Users/alextud/Library/Developer/Xcode/DerivedData/Switchbot-fiduwmqfacjatlgbvkmplcrtzqbj/Build/Intermediates.noindex/ArchiveIntermediates/Switchbot\ WatchKit\ App/IntermediateBuildFilesPath/UninstalledProducts/watchos/Switchbot\ WatchKit\ App.app/PlugIns/Switchbot\ WatchKit\ Extension.appex /Users/alextud/Library/Developer/Xcode/DerivedData/Switchbot-fiduwmqfacjatlgbvkmplcrtzqbj/Build/Intermediates.noindex/ArchiveIntermediates/Switchbot\ WatchKit\ App/BuildProductsPath/Debug-watchos/Switchbot\ WatchKit\ Extension.appex (in target 'Switchbot WatchKit App' from project 'Switchbot')
    cd /Users/alextud/projects/switchbot-watch
    builtin-copy -exclude .DS_Store -exclude CVS -exclude .svn -exclude .git -exclude .hg -exclude Headers -exclude PrivateHeaders -exclude Modules -exclude \*.tbd -resolve-src-symlinks -remove-static-executable /Users/alextud/Library/Developer/Xcode/DerivedData/Switchbot-fiduwmqfacjatlgbvkmplcrtzqbj/Build/Intermediates.noindex/ArchiveIntermediates/Switchbot\ WatchKit\ App/BuildProductsPath/Debug-watchos/Switchbot\ WatchKit\ Extension.appex /Users/alextud/Library/Developer/Xcode/DerivedData/Switchbot-fiduwmqfacjatlgbvkmplcrtzqbj/Build/Intermediates.noindex/ArchiveIntermediates/Switchbot\ WatchKit\ App/IntermediateBuildFilesPath/UninstalledProducts/watchos/Switchbot\ WatchKit\ App.app/PlugIns

ProcessInfoPlistFile /Users/alextud/Library/Developer/Xcode/DerivedData/Switchbot-fiduwmqfacjatlgbvkmplcrtzqbj/Build/Intermediates.noindex/ArchiveIntermediates/Switchbot\ WatchKit\ App/IntermediateBuildFilesPath/UninstalledProducts/watchos/Switchbot\ WatchKit\ App.app/Info.plist /Users/alextud/projects/switchbot-watch/Switchbot\ WatchKit\ App/Info.plist (in target 'Switchbot WatchKit App' from project 'Switchbot')
    cd /Users/alextud/projects/switchbot-watch
    builtin-infoPlistUtility /Users/alextud/projects/switchbot-watch/Switchbot\ WatchKit\ App/Info.plist -producttype com.apple.product-type.application.watchapp2 -genpkginfo /Users/alextud/Library/Developer/Xcode/DerivedData/Switchbot-fiduwmqfacjatlgbvkmplcrtzqbj/Build/Intermediates.noindex/ArchiveIntermediates/Switchbot\ WatchKit\ App/IntermediateBuildFilesPath/UninstalledProducts/watchos/Switchbot\ WatchKit\ App.app/PkgInfo -expandbuildsettings -format binary -platform watchos -additionalcontentfile /Users/alextud/Library/Developer/Xcode/DerivedData/Switchbot-fiduwmqfacjatlgbvkmplcrtzqbj/Build/Intermediates.noindex/ArchiveIntermediates/Switchbot\ WatchKit\ App/IntermediateBuildFilesPath/Switchbot.build/Debug-watchos/Switchbot\ WatchKit\ App.build/assetcatalog_generated_info.plist -scanforprivacyfile /Users/alextud/Library/Developer/Xcode/DerivedData/Switchbot-fiduwmqfacjatlgbvkmplcrtzqbj/Build/Intermediates.noindex/ArchiveIntermediates/Switchbot\ WatchKit\ App/IntermediateBuildFilesPath/UninstalledProducts/watchos/Switchbot\ WatchKit\ App.app/PlugIns/Switchbot\ WatchKit\ Extension.appex -o /Users/alextud/Library/Developer/Xcode/DerivedData/Switchbot-fiduwmqfacjatlgbvkmplcrtzqbj/Build/Intermediates.noindex/ArchiveIntermediates/Switchbot\ WatchKit\ App/IntermediateBuildFilesPath/UninstalledProducts/watchos/Switchbot\ WatchKit\ App.app/Info.plist

CopySwiftLibs /Users/alextud/Library/Developer/Xcode/DerivedData/Switchbot-fiduwmqfacjatlgbvkmplcrtzqbj/Build/Intermediates.noindex/ArchiveIntermediates/Switchbot\ WatchKit\ App/IntermediateBuildFilesPath/UninstalledProducts/watchos/Switchbot\ WatchKit\ App.app (in target 'Switchbot WatchKit App' from project 'Switchbot')
    cd /Users/alextud/projects/switchbot-watch
    builtin-swiftStdLibTool --copy --verbose --sign 5DD280F8354A65195695438833BA0C2411AE0766 --scan-executable /Users/alextud/Library/Developer/Xcode/DerivedData/Switchbot-fiduwmqfacjatlgbvkmplcrtzqbj/Build/Intermediates.noindex/ArchiveIntermediates/Switchbot\ WatchKit\ App/IntermediateBuildFilesPath/UninstalledProducts/watchos/Switchbot\ WatchKit\ App.app/Switchbot\ WatchKit\ App --scan-folder /Users/alextud/Library/Developer/Xcode/DerivedData/Switchbot-fiduwmqfacjatlgbvkmplcrtzqbj/Build/Intermediates.noindex/ArchiveIntermediates/Switchbot\ WatchKit\ App/IntermediateBuildFilesPath/UninstalledProducts/watchos/Switchbot\ WatchKit\ App.app/Frameworks --scan-folder /Users/alextud/Library/Developer/Xcode/DerivedData/Switchbot-fiduwmqfacjatlgbvkmplcrtzqbj/Build/Intermediates.noindex/ArchiveIntermediates/Switchbot\ WatchKit\ App/IntermediateBuildFilesPath/UninstalledProducts/watchos/Switchbot\ WatchKit\ App.app/PlugIns --scan-folder /Users/alextud/Library/Developer/Xcode/DerivedData/Switchbot-fiduwmqfacjatlgbvkmplcrtzqbj/Build/Intermediates.noindex/ArchiveIntermediates/Switchbot\ WatchKit\ App/IntermediateBuildFilesPath/UninstalledProducts/watchos/Switchbot\ WatchKit\ App.app/SystemExtensions --scan-folder /Users/alextud/Library/Developer/Xcode/DerivedData/Switchbot-fiduwmqfacjatlgbvkmplcrtzqbj/Build/Intermediates.noindex/ArchiveIntermediates/Switchbot\ WatchKit\ App/IntermediateBuildFilesPath/UninstalledProducts/watchos/Switchbot\ WatchKit\ App.app/Extensions --platform watchos --toolchain /Applications/Xcode.app/Contents/Developer/Toolchains/XcodeDefault.xctoolchain --destination /Users/alextud/Library/Developer/Xcode/DerivedData/Switchbot-fiduwmqfacjatlgbvkmplcrtzqbj/Build/Intermediates.noindex/ArchiveIntermediates/Switchbot\ WatchKit\ App/IntermediateBuildFilesPath/UninstalledProducts/watchos/Switchbot\ WatchKit\ App.app/Frameworks --unsigned-destination /Users/alextud/Library/Developer/Xcode/DerivedData/Switchbot-fiduwmqfacjatlgbvkmplcrtzqbj/Build/Intermediates.noindex/ArchiveIntermediates/Switchbot\ WatchKit\ App/BuildProductsPath/SwiftSupport --strip-bitcode --strip-bitcode-tool /Applications/Xcode.app/Contents/Developer/Toolchains/XcodeDefault.xctoolchain/usr/bin/bitcode_strip --emit-dependency-info /Users/alextud/Library/Developer/Xcode/DerivedData/Switchbot-fiduwmqfacjatlgbvkmplcrtzqbj/Build/Intermediates.noindex/ArchiveIntermediates/Switchbot\ WatchKit\ App/IntermediateBuildFilesPath/Switchbot.build/Debug-watchos/Switchbot\ WatchKit\ App.build/SwiftStdLibToolInputDependencies.dep --filter-for-swift-os --back-deploy-swift-concurrency --back-deploy-swift-span

SetOwnerAndGroup alextud:staff /Users/alextud/Library/Developer/Xcode/DerivedData/Switchbot-fiduwmqfacjatlgbvkmplcrtzqbj/Build/Intermediates.noindex/ArchiveIntermediates/Switchbot\ WatchKit\ App/IntermediateBuildFilesPath/UninstalledProducts/watchos/Switchbot\ WatchKit\ App.app (in target 'Switchbot WatchKit App' from project 'Switchbot')
    cd /Users/alextud/projects/switchbot-watch
    /usr/sbin/chown -RH alextud:staff /Users/alextud/Library/Developer/Xcode/DerivedData/Switchbot-fiduwmqfacjatlgbvkmplcrtzqbj/Build/Intermediates.noindex/ArchiveIntermediates/Switchbot\ WatchKit\ App/IntermediateBuildFilesPath/UninstalledProducts/watchos/Switchbot\ WatchKit\ App.app

SetMode u+w,go-w,a+rX /Users/alextud/Library/Developer/Xcode/DerivedData/Switchbot-fiduwmqfacjatlgbvkmplcrtzqbj/Build/Intermediates.noindex/ArchiveIntermediates/Switchbot\ WatchKit\ App/IntermediateBuildFilesPath/UninstalledProducts/watchos/Switchbot\ WatchKit\ App.app (in target 'Switchbot WatchKit App' from project 'Switchbot')
    cd /Users/alextud/projects/switchbot-watch
    /bin/chmod -RH u+w,go-w,a+rX /Users/alextud/Library/Developer/Xcode/DerivedData/Switchbot-fiduwmqfacjatlgbvkmplcrtzqbj/Build/Intermediates.noindex/ArchiveIntermediates/Switchbot\ WatchKit\ App/IntermediateBuildFilesPath/UninstalledProducts/watchos/Switchbot\ WatchKit\ App.app

CodeSign /Users/alextud/Library/Developer/Xcode/DerivedData/Switchbot-fiduwmqfacjatlgbvkmplcrtzqbj/Build/Intermediates.noindex/ArchiveIntermediates/Switchbot\ WatchKit\ App/IntermediateBuildFilesPath/UninstalledProducts/watchos/Switchbot\ WatchKit\ App.app (in target 'Switchbot WatchKit App' from project 'Switchbot')
    cd /Users/alextud/projects/switchbot-watch
    
    Signing Identity:     "Apple Development: Alexandru Tudose (49M5Z6D88M)"
    Provisioning Profile: "iOS Team Provisioning Profile: com.tapp1.switchbot.watchkitapp"
                          (376259e0-8382-4888-830a-b1131388c0db)
    
    /usr/bin/codesign --force --sign 5DD280F8354A65195695438833BA0C2411AE0766 --entitlements /Users/alextud/Library/Developer/Xcode/DerivedData/Switchbot-fiduwmqfacjatlgbvkmplcrtzqbj/Build/Intermediates.noindex/ArchiveIntermediates/Switchbot\ WatchKit\ App/IntermediateBuildFilesPath/Switchbot.build/Debug-watchos/Switchbot\ WatchKit\ App.build/Switchbot\ WatchKit\ App.app.xcent --generate-entitlement-der /Users/alextud/Library/Developer/Xcode/DerivedData/Switchbot-fiduwmqfacjatlgbvkmplcrtzqbj/Build/Intermediates.noindex/ArchiveIntermediates/Switchbot\ WatchKit\ App/IntermediateBuildFilesPath/UninstalledProducts/watchos/Switchbot\ WatchKit\ App.app
/Users/alextud/Library/Developer/Xcode/DerivedData/Switchbot-fiduwmqfacjatlgbvkmplcrtzqbj/Build/Intermediates.noindex/ArchiveIntermediates/Switchbot WatchKit App/IntermediateBuildFilesPath/UninstalledProducts/watchos/Switchbot WatchKit App.app: replacing existing signature

ValidateEmbeddedBinary /Users/alextud/Library/Developer/Xcode/DerivedData/Switchbot-fiduwmqfacjatlgbvkmplcrtzqbj/Build/Intermediates.noindex/ArchiveIntermediates/Switchbot\ WatchKit\ App/IntermediateBuildFilesPath/UninstalledProducts/watchos/Switchbot\ WatchKit\ App.app/PlugIns/Switchbot\ WatchKit\ Extension.appex (in target 'Switchbot WatchKit App' from project 'Switchbot')
    cd /Users/alextud/projects/switchbot-watch
    /Applications/Xcode.app/Contents/Developer/usr/bin/embeddedBinaryValidationUtility /Users/alextud/Library/Developer/Xcode/DerivedData/Switchbot-fiduwmqfacjatlgbvkmplcrtzqbj/Build/Intermediates.noindex/ArchiveIntermediates/Switchbot\ WatchKit\ App/IntermediateBuildFilesPath/UninstalledProducts/watchos/Switchbot\ WatchKit\ App.app/PlugIns/Switchbot\ WatchKit\ Extension.appex -signing-cert 5DD280F8354A65195695438833BA0C2411AE0766 -info-plist-path /Users/alextud/Library/Developer/Xcode/DerivedData/Switchbot-fiduwmqfacjatlgbvkmplcrtzqbj/Build/Intermediates.noindex/ArchiveIntermediates/Switchbot\ WatchKit\ App/IntermediateBuildFilesPath/UninstalledProducts/watchos/Switchbot\ WatchKit\ App.app/Info.plist

RegisterExecutionPolicyException /Users/alextud/Library/Developer/Xcode/DerivedData/Switchbot-fiduwmqfacjatlgbvkmplcrtzqbj/Build/Intermediates.noindex/ArchiveIntermediates/Switchbot\ WatchKit\ App/IntermediateBuildFilesPath/UninstalledProducts/watchos/Switchbot\ WatchKit\ App.app (in target 'Switchbot WatchKit App' from project 'Switchbot')
    cd /Users/alextud/projects/switchbot-watch
    builtin-RegisterExecutionPolicyException /Users/alextud/Library/Developer/Xcode/DerivedData/Switchbot-fiduwmqfacjatlgbvkmplcrtzqbj/Build/Intermediates.noindex/ArchiveIntermediates/Switchbot\ WatchKit\ App/IntermediateBuildFilesPath/UninstalledProducts/watchos/Switchbot\ WatchKit\ App.app

Validate /Users/alextud/Library/Developer/Xcode/DerivedData/Switchbot-fiduwmqfacjatlgbvkmplcrtzqbj/Build/Intermediates.noindex/ArchiveIntermediates/Switchbot\ WatchKit\ App/IntermediateBuildFilesPath/UninstalledProducts/watchos/Switchbot\ WatchKit\ App.app (in target 'Switchbot WatchKit App' from project 'Switchbot')
    cd /Users/alextud/projects/switchbot-watch
    builtin-validationUtility /Users/alextud/Library/Developer/Xcode/DerivedData/Switchbot-fiduwmqfacjatlgbvkmplcrtzqbj/Build/Intermediates.noindex/ArchiveIntermediates/Switchbot\ WatchKit\ App/IntermediateBuildFilesPath/UninstalledProducts/watchos/Switchbot\ WatchKit\ App.app -shallow-bundle -infoplist-subpath Info.plist

Touch /Users/alextud/Library/Developer/Xcode/DerivedData/Switchbot-fiduwmqfacjatlgbvkmplcrtzqbj/Build/Intermediates.noindex/ArchiveIntermediates/Switchbot\ WatchKit\ App/IntermediateBuildFilesPath/UninstalledProducts/watchos/Switchbot\ WatchKit\ App.app (in target 'Switchbot WatchKit App' from project 'Switchbot')
    cd /Users/alextud/projects/switchbot-watch
    /usr/bin/touch -c /Users/alextud/Library/Developer/Xcode/DerivedData/Switchbot-fiduwmqfacjatlgbvkmplcrtzqbj/Build/Intermediates.noindex/ArchiveIntermediates/Switchbot\ WatchKit\ App/IntermediateBuildFilesPath/UninstalledProducts/watchos/Switchbot\ WatchKit\ App.app

MkDir /Users/alextud/Library/Developer/Xcode/DerivedData/Switchbot-fiduwmqfacjatlgbvkmplcrtzqbj/Build/Intermediates.noindex/ArchiveIntermediates/Switchbot\ WatchKit\ App/IntermediateBuildFilesPath/Switchbot.build/Debug-iphoneos/Switchbot.build/assetcatalog_output/unthinned (in target 'Switchbot' from project 'Switchbot')
    cd /Users/alextud/projects/switchbot-watch
    /bin/mkdir -p /Users/alextud/Library/Developer/Xcode/DerivedData/Switchbot-fiduwmqfacjatlgbvkmplcrtzqbj/Build/Intermediates.noindex/ArchiveIntermediates/Switchbot\ WatchKit\ App/IntermediateBuildFilesPath/Switchbot.build/Debug-iphoneos/Switchbot.build/assetcatalog_output/unthinned

MkDir /Users/alextud/Library/Developer/Xcode/DerivedData/Switchbot-fiduwmqfacjatlgbvkmplcrtzqbj/Build/Intermediates.noindex/ArchiveIntermediates/Switchbot\ WatchKit\ App/IntermediateBuildFilesPath/Switchbot.build/Debug-iphoneos/Switchbot.build/assetcatalog_output/thinned (in target 'Switchbot' from project 'Switchbot')
    cd /Users/alextud/projects/switchbot-watch
    /bin/mkdir -p /Users/alextud/Library/Developer/Xcode/DerivedData/Switchbot-fiduwmqfacjatlgbvkmplcrtzqbj/Build/Intermediates.noindex/ArchiveIntermediates/Switchbot\ WatchKit\ App/IntermediateBuildFilesPath/Switchbot.build/Debug-iphoneos/Switchbot.build/assetcatalog_output/thinned

CompileAssetCatalogVariant thinned /Users/alextud/Library/Developer/Xcode/DerivedData/Switchbot-fiduwmqfacjatlgbvkmplcrtzqbj/Build/Intermediates.noindex/ArchiveIntermediates/Switchbot\ WatchKit\ App/InstallationBuildProductsLocation/Applications/Switchbot.app /Applications/Xcode.app/Contents/Developer/Platforms/iPhoneOS.platform/Library/Application\ Support/MessagesApplicationStub/MessagesApplicationStub.xcassets (in target 'Switchbot' from project 'Switchbot')
    cd /Users/alextud/projects/switchbot-watch
    /Applications/Xcode.app/Contents/Developer/usr/bin/actool /Applications/Xcode.app/Contents/Developer/Platforms/iPhoneOS.platform/Library/Application\ Support/MessagesApplicationStub/MessagesApplicationStub.xcassets --compile /Users/alextud/Library/Developer/Xcode/DerivedData/Switchbot-fiduwmqfacjatlgbvkmplcrtzqbj/Build/Intermediates.noindex/ArchiveIntermediates/Switchbot\ WatchKit\ App/IntermediateBuildFilesPath/Switchbot.build/Debug-iphoneos/Switchbot.build/assetcatalog_output/thinned --output-format human-readable-text --notices --warnings --export-dependency-info /Users/alextud/Library/Developer/Xcode/DerivedData/Switchbot-fiduwmqfacjatlgbvkmplcrtzqbj/Build/Intermediates.noindex/ArchiveIntermediates/Switchbot\ WatchKit\ App/IntermediateBuildFilesPath/Switchbot.build/Debug-iphoneos/Switchbot.build/assetcatalog_dependencies_thinned --output-partial-info-plist /Users/alextud/Library/Developer/Xcode/DerivedData/Switchbot-fiduwmqfacjatlgbvkmplcrtzqbj/Build/Intermediates.noindex/ArchiveIntermediates/Switchbot\ WatchKit\ App/IntermediateBuildFilesPath/Switchbot.build/Debug-iphoneos/Switchbot.build/assetcatalog_generated_info.plist_thinned --app-icon MessagesApplicationStub --compress-pngs --enable-on-demand-resources YES --development-region en --target-device iphone --minimum-deployment-target 13.0 --platform iphoneos
/* com.apple.actool.compilation-results */
/Users/alextud/Library/Developer/Xcode/DerivedData/Switchbot-fiduwmqfacjatlgbvkmplcrtzqbj/Build/Intermediates.noindex/ArchiveIntermediates/Switchbot WatchKit App/IntermediateBuildFilesPath/Switchbot.build/Debug-iphoneos/Switchbot.build/assetcatalog_generated_info.plist_thinned
/Users/alextud/Library/Developer/Xcode/DerivedData/Switchbot-fiduwmqfacjatlgbvkmplcrtzqbj/Build/Intermediates.noindex/ArchiveIntermediates/Switchbot WatchKit App/IntermediateBuildFilesPath/Switchbot.build/Debug-iphoneos/Switchbot.build/assetcatalog_output/thinned/Assets.car
/Users/alextud/Library/Developer/Xcode/DerivedData/Switchbot-fiduwmqfacjatlgbvkmplcrtzqbj/Build/Intermediates.noindex/ArchiveIntermediates/Switchbot WatchKit App/IntermediateBuildFilesPath/Switchbot.build/Debug-iphoneos/Switchbot.build/assetcatalog_output/thinned/MessagesApplicationStub60x60@2x.png
/Users/alextud/Library/Developer/Xcode/DerivedData/Switchbot-fiduwmqfacjatlgbvkmplcrtzqbj/Build/Intermediates.noindex/ArchiveIntermediates/Switchbot WatchKit App/IntermediateBuildFilesPath/Switchbot.build/Debug-iphoneos/Switchbot.build/assetcatalog_output/thinned/MessagesApplicationStub76x76@2x~ipad.png


LinkAssetCatalog /Applications/Xcode.app/Contents/Developer/Platforms/iPhoneOS.platform/Library/Application\ Support/MessagesApplicationStub/MessagesApplicationStub.xcassets (in target 'Switchbot' from project 'Switchbot')
    cd /Users/alextud/projects/switchbot-watch
    builtin-linkAssetCatalog --thinned /Users/alextud/Library/Developer/Xcode/DerivedData/Switchbot-fiduwmqfacjatlgbvkmplcrtzqbj/Build/Intermediates.noindex/ArchiveIntermediates/Switchbot\ WatchKit\ App/IntermediateBuildFilesPath/Switchbot.build/Debug-iphoneos/Switchbot.build/assetcatalog_output/thinned --thinned-dependencies /Users/alextud/Library/Developer/Xcode/DerivedData/Switchbot-fiduwmqfacjatlgbvkmplcrtzqbj/Build/Intermediates.noindex/ArchiveIntermediates/Switchbot\ WatchKit\ App/IntermediateBuildFilesPath/Switchbot.build/Debug-iphoneos/Switchbot.build/assetcatalog_dependencies_thinned --thinned-info-plist-content /Users/alextud/Library/Developer/Xcode/DerivedData/Switchbot-fiduwmqfacjatlgbvkmplcrtzqbj/Build/Intermediates.noindex/ArchiveIntermediates/Switchbot\ WatchKit\ App/IntermediateBuildFilesPath/Switchbot.build/Debug-iphoneos/Switchbot.build/assetcatalog_generated_info.plist_thinned --unthinned /Users/alextud/Library/Developer/Xcode/DerivedData/Switchbot-fiduwmqfacjatlgbvkmplcrtzqbj/Build/Intermediates.noindex/ArchiveIntermediates/Switchbot\ WatchKit\ App/IntermediateBuildFilesPath/Switchbot.build/Debug-iphoneos/Switchbot.build/assetcatalog_output/unthinned --unthinned-dependencies /Users/alextud/Library/Developer/Xcode/DerivedData/Switchbot-fiduwmqfacjatlgbvkmplcrtzqbj/Build/Intermediates.noindex/ArchiveIntermediates/Switchbot\ WatchKit\ App/IntermediateBuildFilesPath/Switchbot.build/Debug-iphoneos/Switchbot.build/assetcatalog_dependencies_unthinned --unthinned-info-plist-content /Users/alextud/Library/Developer/Xcode/DerivedData/Switchbot-fiduwmqfacjatlgbvkmplcrtzqbj/Build/Intermediates.noindex/ArchiveIntermediates/Switchbot\ WatchKit\ App/IntermediateBuildFilesPath/Switchbot.build/Debug-iphoneos/Switchbot.build/assetcatalog_generated_info.plist_unthinned --output /Users/alextud/Library/Developer/Xcode/DerivedData/Switchbot-fiduwmqfacjatlgbvkmplcrtzqbj/Build/Intermediates.noindex/ArchiveIntermediates/Switchbot\ WatchKit\ App/InstallationBuildProductsLocation/Applications/Switchbot.app --plist-output /Users/alextud/Library/Developer/Xcode/DerivedData/Switchbot-fiduwmqfacjatlgbvkmplcrtzqbj/Build/Intermediates.noindex/ArchiveIntermediates/Switchbot\ WatchKit\ App/IntermediateBuildFilesPath/Switchbot.build/Debug-iphoneos/Switchbot.build/assetcatalog_generated_info.plist
note: Emplaced /Users/alextud/Library/Developer/Xcode/DerivedData/Switchbot-fiduwmqfacjatlgbvkmplcrtzqbj/Build/Intermediates.noindex/ArchiveIntermediates/Switchbot WatchKit App/InstallationBuildProductsLocation/Applications/Switchbot.app/Assets.car (in target 'Switchbot' from project 'Switchbot')
note: Emplaced /Users/alextud/Library/Developer/Xcode/DerivedData/Switchbot-fiduwmqfacjatlgbvkmplcrtzqbj/Build/Intermediates.noindex/ArchiveIntermediates/Switchbot WatchKit App/InstallationBuildProductsLocation/Applications/Switchbot.app/MessagesApplicationStub76x76@2x~ipad.png (in target 'Switchbot' from project 'Switchbot')
note: Emplaced /Users/alextud/Library/Developer/Xcode/DerivedData/Switchbot-fiduwmqfacjatlgbvkmplcrtzqbj/Build/Intermediates.noindex/ArchiveIntermediates/Switchbot WatchKit App/InstallationBuildProductsLocation/Applications/Switchbot.app/MessagesApplicationStub60x60@2x.png (in target 'Switchbot' from project 'Switchbot')

Copy /Users/alextud/Library/Developer/Xcode/DerivedData/Switchbot-fiduwmqfacjatlgbvkmplcrtzqbj/Build/Intermediates.noindex/ArchiveIntermediates/Switchbot\ WatchKit\ App/BuildProductsPath/Debug-iphoneos/Switchbot.app/Watch/Switchbot\ WatchKit\ App.app /Users/alextud/Library/Developer/Xcode/DerivedData/Switchbot-fiduwmqfacjatlgbvkmplcrtzqbj/Build/Intermediates.noindex/ArchiveIntermediates/Switchbot\ WatchKit\ App/BuildProductsPath/Debug-watchos/Switchbot\ WatchKit\ App.app (in target 'Switchbot' from project 'Switchbot')
    cd /Users/alextud/projects/switchbot-watch
    builtin-copy -exclude .DS_Store -exclude CVS -exclude .svn -exclude .git -exclude .hg -exclude Headers -exclude PrivateHeaders -exclude Modules -exclude \*.tbd -resolve-src-symlinks -remove-static-executable /Users/alextud/Library/Developer/Xcode/DerivedData/Switchbot-fiduwmqfacjatlgbvkmplcrtzqbj/Build/Intermediates.noindex/ArchiveIntermediates/Switchbot\ WatchKit\ App/BuildProductsPath/Debug-watchos/Switchbot\ WatchKit\ App.app /Users/alextud/Library/Developer/Xcode/DerivedData/Switchbot-fiduwmqfacjatlgbvkmplcrtzqbj/Build/Intermediates.noindex/ArchiveIntermediates/Switchbot\ WatchKit\ App/BuildProductsPath/Debug-iphoneos/Switchbot.app/Watch

ProcessInfoPlistFile /Users/alextud/Library/Developer/Xcode/DerivedData/Switchbot-fiduwmqfacjatlgbvkmplcrtzqbj/Build/Intermediates.noindex/ArchiveIntermediates/Switchbot\ WatchKit\ App/InstallationBuildProductsLocation/Applications/Switchbot.app/Info.plist /Users/alextud/Library/Developer/Xcode/DerivedData/Switchbot-fiduwmqfacjatlgbvkmplcrtzqbj/Build/Intermediates.noindex/ArchiveIntermediates/Switchbot\ WatchKit\ App/IntermediateBuildFilesPath/Switchbot.build/Debug-iphoneos/Switchbot.build/empty-Switchbot.plist (in target 'Switchbot' from project 'Switchbot')
    cd /Users/alextud/projects/switchbot-watch
    builtin-infoPlistUtility /Users/alextud/Library/Developer/Xcode/DerivedData/Switchbot-fiduwmqfacjatlgbvkmplcrtzqbj/Build/Intermediates.noindex/ArchiveIntermediates/Switchbot\ WatchKit\ App/IntermediateBuildFilesPath/Switchbot.build/Debug-iphoneos/Switchbot.build/empty-Switchbot.plist -producttype com.apple.product-type.application.watchapp2-container -genpkginfo /Users/alextud/Library/Developer/Xcode/DerivedData/Switchbot-fiduwmqfacjatlgbvkmplcrtzqbj/Build/Intermediates.noindex/ArchiveIntermediates/Switchbot\ WatchKit\ App/InstallationBuildProductsLocation/Applications/Switchbot.app/PkgInfo -expandbuildsettings -format binary -platform iphoneos -additionalcontentfile /Users/alextud/Library/Developer/Xcode/DerivedData/Switchbot-fiduwmqfacjatlgbvkmplcrtzqbj/Build/Intermediates.noindex/ArchiveIntermediates/Switchbot\ WatchKit\ App/IntermediateBuildFilesPath/Switchbot.build/Debug-iphoneos/Switchbot.build/assetcatalog_generated_info.plist -additionalcontentfile /Users/alextud/Library/Developer/Xcode/DerivedData/Switchbot-fiduwmqfacjatlgbvkmplcrtzqbj/Build/Intermediates.noindex/ArchiveIntermediates/Switchbot\ WatchKit\ App/IntermediateBuildFilesPath/Switchbot.build/Debug-iphoneos/Switchbot.build/ProductTypeInfoPlistAdditions.plist -scanforprivacyfile /Users/alextud/Library/Developer/Xcode/DerivedData/Switchbot-fiduwmqfacjatlgbvkmplcrtzqbj/Build/Intermediates.noindex/ArchiveIntermediates/Switchbot\ WatchKit\ App/BuildProductsPath/Debug-iphoneos/Switchbot.app/Watch/Switchbot\ WatchKit\ App.app -requiredArchitecture arm64 -o /Users/alextud/Library/Developer/Xcode/DerivedData/Switchbot-fiduwmqfacjatlgbvkmplcrtzqbj/Build/Intermediates.noindex/ArchiveIntermediates/Switchbot\ WatchKit\ App/InstallationBuildProductsLocation/Applications/Switchbot.app/Info.plist

SetOwnerAndGroup alextud:staff /Users/alextud/Library/Developer/Xcode/DerivedData/Switchbot-fiduwmqfacjatlgbvkmplcrtzqbj/Build/Intermediates.noindex/ArchiveIntermediates/Switchbot\ WatchKit\ App/InstallationBuildProductsLocation/Applications/Switchbot.app (in target 'Switchbot' from project 'Switchbot')
    cd /Users/alextud/projects/switchbot-watch
    /usr/sbin/chown -RH alextud:staff /Users/alextud/Library/Developer/Xcode/DerivedData/Switchbot-fiduwmqfacjatlgbvkmplcrtzqbj/Build/Intermediates.noindex/ArchiveIntermediates/Switchbot\ WatchKit\ App/InstallationBuildProductsLocation/Applications/Switchbot.app

SetMode u+w,go-w,a+rX /Users/alextud/Library/Developer/Xcode/DerivedData/Switchbot-fiduwmqfacjatlgbvkmplcrtzqbj/Build/Intermediates.noindex/ArchiveIntermediates/Switchbot\ WatchKit\ App/InstallationBuildProductsLocation/Applications/Switchbot.app (in target 'Switchbot' from project 'Switchbot')
    cd /Users/alextud/projects/switchbot-watch
    /bin/chmod -RH u+w,go-w,a+rX /Users/alextud/Library/Developer/Xcode/DerivedData/Switchbot-fiduwmqfacjatlgbvkmplcrtzqbj/Build/Intermediates.noindex/ArchiveIntermediates/Switchbot\ WatchKit\ App/InstallationBuildProductsLocation/Applications/Switchbot.app

CodeSign /Users/alextud/Library/Developer/Xcode/DerivedData/Switchbot-fiduwmqfacjatlgbvkmplcrtzqbj/Build/Intermediates.noindex/ArchiveIntermediates/Switchbot\ WatchKit\ App/InstallationBuildProductsLocation/Applications/Switchbot.app (in target 'Switchbot' from project 'Switchbot')
    cd /Users/alextud/projects/switchbot-watch
    
    Signing Identity:     "Apple Development: Alexandru Tudose (49M5Z6D88M)"
    Provisioning Profile: "iOS Team Provisioning Profile: com.tapp1.switchbot"
                          (0de0ce5c-5ab5-4544-a42a-3b64613ac11b)
    
    /usr/bin/codesign --force --sign 5DD280F8354A65195695438833BA0C2411AE0766 --entitlements /Users/alextud/Library/Developer/Xcode/DerivedData/Switchbot-fiduwmqfacjatlgbvkmplcrtzqbj/Build/Intermediates.noindex/ArchiveIntermediates/Switchbot\ WatchKit\ App/IntermediateBuildFilesPath/Switchbot.build/Debug-iphoneos/Switchbot.build/Switchbot.app.xcent --generate-entitlement-der /Users/alextud/Library/Developer/Xcode/DerivedData/Switchbot-fiduwmqfacjatlgbvkmplcrtzqbj/Build/Intermediates.noindex/ArchiveIntermediates/Switchbot\ WatchKit\ App/InstallationBuildProductsLocation/Applications/Switchbot.app
/Users/alextud/Library/Developer/Xcode/DerivedData/Switchbot-fiduwmqfacjatlgbvkmplcrtzqbj/Build/Intermediates.noindex/ArchiveIntermediates/Switchbot WatchKit App/InstallationBuildProductsLocation/Applications/Switchbot.app: replacing existing signature

ValidateEmbeddedBinary /Users/alextud/Library/Developer/Xcode/DerivedData/Switchbot-fiduwmqfacjatlgbvkmplcrtzqbj/Build/Intermediates.noindex/ArchiveIntermediates/Switchbot\ WatchKit\ App/BuildProductsPath/Debug-iphoneos/Switchbot.app/Watch/Switchbot\ WatchKit\ App.app (in target 'Switchbot' from project 'Switchbot')
    cd /Users/alextud/projects/switchbot-watch
    /Applications/Xcode.app/Contents/Developer/usr/bin/embeddedBinaryValidationUtility /Users/alextud/Library/Developer/Xcode/DerivedData/Switchbot-fiduwmqfacjatlgbvkmplcrtzqbj/Build/Intermediates.noindex/ArchiveIntermediates/Switchbot\ WatchKit\ App/BuildProductsPath/Debug-iphoneos/Switchbot.app/Watch/Switchbot\ WatchKit\ App.app -signing-cert 5DD280F8354A65195695438833BA0C2411AE0766 -info-plist-path /Users/alextud/Library/Developer/Xcode/DerivedData/Switchbot-fiduwmqfacjatlgbvkmplcrtzqbj/Build/Intermediates.noindex/ArchiveIntermediates/Switchbot\ WatchKit\ App/InstallationBuildProductsLocation/Applications/Switchbot.app/Info.plist

RegisterExecutionPolicyException /Users/alextud/Library/Developer/Xcode/DerivedData/Switchbot-fiduwmqfacjatlgbvkmplcrtzqbj/Build/Intermediates.noindex/ArchiveIntermediates/Switchbot\ WatchKit\ App/InstallationBuildProductsLocation/Applications/Switchbot.app (in target 'Switchbot' from project 'Switchbot')
    cd /Users/alextud/projects/switchbot-watch
    builtin-RegisterExecutionPolicyException /Users/alextud/Library/Developer/Xcode/DerivedData/Switchbot-fiduwmqfacjatlgbvkmplcrtzqbj/Build/Intermediates.noindex/ArchiveIntermediates/Switchbot\ WatchKit\ App/InstallationBuildProductsLocation/Applications/Switchbot.app

Validate /Users/alextud/Library/Developer/Xcode/DerivedData/Switchbot-fiduwmqfacjatlgbvkmplcrtzqbj/Build/Intermediates.noindex/ArchiveIntermediates/Switchbot\ WatchKit\ App/InstallationBuildProductsLocation/Applications/Switchbot.app (in target 'Switchbot' from project 'Switchbot')
    cd /Users/alextud/projects/switchbot-watch
    builtin-validationUtility /Users/alextud/Library/Developer/Xcode/DerivedData/Switchbot-fiduwmqfacjatlgbvkmplcrtzqbj/Build/Intermediates.noindex/ArchiveIntermediates/Switchbot\ WatchKit\ App/InstallationBuildProductsLocation/Applications/Switchbot.app -shallow-bundle -infoplist-subpath Info.plist

Touch /Users/alextud/Library/Developer/Xcode/DerivedData/Switchbot-fiduwmqfacjatlgbvkmplcrtzqbj/Build/Intermediates.noindex/ArchiveIntermediates/Switchbot\ WatchKit\ App/InstallationBuildProductsLocation/Applications/Switchbot.app (in target 'Switchbot' from project 'Switchbot')
    cd /Users/alextud/projects/switchbot-watch
    /usr/bin/touch -c /Users/alextud/Library/Developer/Xcode/DerivedData/Switchbot-fiduwmqfacjatlgbvkmplcrtzqbj/Build/Intermediates.noindex/ArchiveIntermediates/Switchbot\ WatchKit\ App/InstallationBuildProductsLocation/Applications/Switchbot.app

** ARCHIVE SUCCEEDED **

